******************************************************************************
                  TI ARM Linker PC v18.12.2                    
******************************************************************************
>> Linked Fri Nov 29 08:34:20 2019

OUTPUT FILE NAME:   <Project2104 - combined branch.out>
ENTRY POINT SYMBOL: "_c_int00_noargs"  address: 00003cd1


MEMORY CONFIGURATION

         name            origin    length      used     unused   attr    fill
----------------------  --------  ---------  --------  --------  ----  --------
  MAIN                  00000000   00040000  000040c5  0003bf3b  R  X
  INFO                  00200000   00004000  00000000  00004000  R  X
  SRAM_CODE             01000000   00010000  00001d0e  0000e2f2  RW X
  SRAM_DATA             20000000   00010000  00001d0e  0000e2f2  RW  


SEGMENT ALLOCATION MAP

run origin  load origin   length   init length attrs members
----------  ----------- ---------- ----------- ----- -------
00000000    00000000    000040c8   000040c8    r-x
  00000000    00000000    000000e4   000000e4    r-- .intvecs
  000000e4    000000e4    00003e48   00003e48    r-x .text
  00003f2c    00003f2c    00000101   00000101    r-- .const
  00004030    00004030    00000098   00000098    r-- .cinit
20000000    20000000    00001b14   00000000    rw-
  20000000    20000000    00001512   00000000    rw- .bss
  20001518    20001518    00000400   00000000    rw- .sysmem
  20001918    20001918    000001fc   00000000    rw- .data
2000fe00    2000fe00    00000200   00000000    rw-
  2000fe00    2000fe00    00000200   00000000    rw- .stack


SECTION ALLOCATION MAP

 output                                  attributes/
section   page    origin      length       input sections
--------  ----  ----------  ----------   ----------------
.intvecs   0    00000000    000000e4     
                  00000000    000000e4     startup_msp432p401r_ccs.obj (.intvecs:retain)

.text      0    000000e4    00003e48     
                  000000e4    00000a4e     rtsv7M4_T_le_v4SPD16_eabi.lib : _printfi.c.obj (.text:__TI_printfi)
                  00000b32    00000002                                   : _lock.c.obj (.text:_nop)
                  00000b34    0000040c     wheel.obj (.text)
                  00000f40    00000334     system_msp432p401r.obj (.text)
                  00001274    00000270     rtsv7M4_T_le_v4SPD16_eabi.lib : _printfi.c.obj (.text:_pconv_a)
                  000014e4    00000258     Ultrasonic.obj (.text)
                  0000173c    0000022c     CarLocation.obj (.text)
                  00001968    0000020c     Obstacle.obj (.text)
                  00001b74    0000020c     encoder.obj (.text)
                  00001d80    00000208     Coverage.obj (.text)
                  00001f88    000001d0     rtsv7M4_T_le_v4SPD16_eabi.lib : _printfi.c.obj (.text:_pconv_g)
                  00002158    000001b6                                   : fd_add_t2.asm.obj (.text)
                  0000230e    00000002                                   : div0.asm.obj (.text)
                  00002310    0000013c                                   : _printfi.c.obj (.text:_pconv_e)
                  0000244c    00000136                                   : fd_div_t2.asm.obj (.text)
                  00002582    00000002     --HOLE-- [fill = 0]
                  00002584    00000124                                   : _printfi.c.obj (.text:fcvt)
                  000026a8    00000124     main.obj (.text)
                  000027cc    00000114     rtsv7M4_T_le_v4SPD16_eabi.lib : fputs.c.obj (.text:fputs)
                  000028e0    00000110                                   : s_scalbn.c.obj (.text:scalbn)
                  000029f0    000000fc                                   : fd_mul_t2.asm.obj (.text)
                  00002aec    000000f4                                   : memory.c.obj (.text:aligned_alloc)
                  00002be0    000000e8     MapManagement.obj (.text)
                  00002cc8    000000e8     rtsv7M4_T_le_v4SPD16_eabi.lib : memory.c.obj (.text:free)
                  00002db0    000000dc                                   : setvbuf.c.obj (.text:setvbuf)
                  00002e8c    000000b1                                   : _printfi.c.obj (.text:_ltostr)
                  00002f3d    00000001     --HOLE-- [fill = 0]
                  00002f3e    0000009c                                   : memcpy_t2.asm.obj (.text)
                  00002fda    00000096                                   : ull_div_t2.asm.obj (.text)
                  00003070    0000008c                                   : fputc.c.obj (.text:fputc)
                  000030fc    00000086                                   : fd_cmp_t2.asm.obj (.text:__aeabi_cdcmple)
                  00003182    00000086                                   : fd_cmp_t2.asm.obj (.text:__aeabi_cdrcmple)
                  00003208    0000007c                                   : memory.c.obj (.text:split)
                  00003284    0000007a                                   : memset_t2.asm.obj (.text)
                  000032fe    00000002     --HOLE-- [fill = 0]
                  00003300    00000074                                   : fclose.c.obj (.text:__TI_closefile)
                  00003374    0000006e                                   : _printfi.c.obj (.text:_mcpy)
                  000033e2    00000002     --HOLE-- [fill = 0]
                  000033e4    00000068     Car.obj (.text)
                  0000344c    00000068     rtsv7M4_T_le_v4SPD16_eabi.lib : hostlseek.c.obj (.text:HOSTlseek)
                  000034b4    00000068                                   : hostrename.c.obj (.text:HOSTrename)
                  0000351c    00000068                                   : copy_decompress_lzss.c.obj (.text:decompress:lzss:__TI_decompress_lzss)
                  00003584    00000068                                   : printf.c.obj (.text:printf)
                  000035ec    00000064                                   : s_frexp.c.obj (.text:frexp)
                  00003650    00000064                                   : fseek.c.obj (.text:fseek)
                  000036b4    00000062                                   : _io_perm.c.obj (.text:__TI_wrt_ok)
                  00003716    00000002     --HOLE-- [fill = 0]
                  00003718    00000060                                   : hostopen.c.obj (.text:HOSTopen)
                  00003778    0000005c                                   : close.c.obj (.text:close)
                  000037d4    00000058                                   : hostread.c.obj (.text:HOSTread)
                  0000382c    00000058                                   : hostwrite.c.obj (.text:HOSTwrite)
                  00003884    00000056                                   : _printfi.c.obj (.text:_pconv_f)
                  000038da    00000054                                   : ltoa.c.obj (.text:ltoa)
                  0000392e    00000052                                   : _printfi.c.obj (.text:_ecpy)
                  00003980    0000004c                                   : fflush.c.obj (.text:__TI_doflush)
                  000039cc    0000004c                                   : atoi.c.obj (.text:atoi)
                  00003a18    00000048                                   : exit.c.obj (.text:exit)
                  00003a60    00000048                                   : fd_toi_t2.asm.obj (.text)
                  00003aa8    00000044                                   : hostclose.c.obj (.text:HOSTclose)
                  00003aec    00000044                                   : hostunlink.c.obj (.text:HOSTunlink)
                  00003b30    00000044                                   : autoinit.c.obj (.text:__TI_auto_init_nobinit_nopinit:__TI_auto_init_nobinit_nopinit)
                  00003b74    00000044                                   : getdevice.c.obj (.text:getdevice)
                  00003bb8    0000003e                                   : _printfi.c.obj (.text:_fcpy)
                  00003bf6    00000002     --HOLE-- [fill = 0]
                  00003bf8    00000038                                   : trgmsg.c.obj (.text:__TI_writemsg)
                  00003c30    00000036                                   : strncpy.c.obj (.text:strncpy)
                  00003c66    00000002     --HOLE-- [fill = 0]
                  00003c68    00000034                                   : fopen.c.obj (.text:__TI_cleanup)
                  00003c9c    00000034                                   : trgmsg.c.obj (.text:__TI_readmsg)
                  00003cd0    00000034                                   : boot_cortex_m.c.obj (.text:_c_int00_noargs:_c_int00_noargs)
                  00003d04    00000030                                   : getdevice.c.obj (.text:finddevice)
                  00003d34    0000002e                                   : i_tofd_t2.asm.obj (.text)
                  00003d62    00000002     --HOLE-- [fill = 0]
                  00003d64    0000002c                                   : unlink.c.obj (.text:unlink)
                  00003d90    00000028                                   : memory.c.obj (.text:free_list_insert)
                  00003db8    00000028                                   : lseek.c.obj (.text:lseek)
                  00003de0    00000028                                   : write.c.obj (.text:write)
                  00003e08    00000020                                   : memchr.c.obj (.text:memchr)
                  00003e28    0000001c                                   : memory.c.obj (.text:free_list_remove)
                  00003e44    0000001c                                   : memccpy.c.obj (.text:memccpy)
                  00003e60    0000001a                                   : s_copysign.c.obj (.text:copysign)
                  00003e7a    00000018                                   : strcmp.c.obj (.text:strcmp)
                  00003e92    00000016                                   : strchr.c.obj (.text:strchr)
                  00003ea8    00000014                                   : strcpy.c.obj (.text:strcpy)
                  00003ebc    00000014                                   : strlen.c.obj (.text:strlen)
                  00003ed0    00000012                                   : wcslen.c.obj (.text:wcslen)
                  00003ee2    0000000e                                   : copy_decompress_none.c.obj (.text:decompress:none:__TI_decompress_none)
                  00003ef0    0000000e     startup_msp432p401r_ccs.obj (.text)
                  00003efe    0000000c     rtsv7M4_T_le_v4SPD16_eabi.lib : copy_zero_init.c.obj (.text:decompress:ZI:__TI_zero_init)
                  00003f0a    00000002     --HOLE-- [fill = 0]
                  00003f0c    00000008                                   : errno.c.obj (.text:__aeabi_errno_addr)
                  00003f14    00000008                                   : memory.c.obj (.text:malloc)
                  00003f1c    00000004                                   : printf.c.obj (.text:_outc)
                  00003f20    00000004                                   : printf.c.obj (.text:_outs)
                  00003f24    00000004                                   : pre_init.c.obj (.text:_system_pre_init)
                  00003f28    00000004                                   : exit.c.obj (.text:abort:abort)

.const     0    00003f2c    00000101     
                  00003f2c    00000101     rtsv7M4_T_le_v4SPD16_eabi.lib : ctype.c.obj (.const:.string:_ctypes_)

.cinit     0    00004030    00000098     
                  00004030    0000006f     (.cinit..data.load) [load image, compression = lzss]
                  0000409f    00000001     --HOLE-- [fill = 0]
                  000040a0    0000000c     (__TI_handler_table)
                  000040ac    00000004     --HOLE-- [fill = 0]
                  000040b0    00000008     (.cinit..bss.load) [load image, compression = zero_init]
                  000040b8    00000010     (__TI_cinit_table)

.init_array 
*          0    00000000    00000000     UNINITIALIZED

.binit     0    00000000    00000000     

.bss       0    20000000    00001512     UNINITIALIZED
                  20000000    00000640     (.common:mapsCO)
                  20000640    00000640     (.common:mapsCarLo)
                  20000c80    00000640     (.common:mapsObstacle)
                  200012c0    00000120     rtsv7M4_T_le_v4SPD16_eabi.lib : trgmsg.c.obj (.bss:_CIOBUF_)
                  200013e0    000000a0     (.common:__TI_tmpnams)
                  20001480    00000028     (.common:usRange)
                  200014a8    00000008     (.common:currCLPointer)
                  200014b0    00000008     (.common:currCOPointer)
                  200014b8    00000008     (.common:currPointer)
                  200014c0    00000008     (.common:parmbuf)
                  200014c8    00000004     (.common:average_distance)
                  200014cc    00000004     (.common:continues)
                  200014d0    00000004     (.common:count)
                  200014d4    00000004     (.common:distance)
                  200014d8    00000004     (.common:distanceU)
                  200014dc    00000004     (.common:isForward)
                  200014e0    00000004     (.common:j)
                  200014e4    00000004     (.common:lcount)
                  200014e8    00000004     (.common:lrev)
                  200014ec    00000004     (.common:pointer)
                  200014f0    00000004     (.common:prevPointer)
                  200014f4    00000004     (.common:rev)
                  200014f8    00000004     (.common:seconds)
                  200014fc    00000004     (.common:sensor)
                  20001500    00000004     (.common:sum_distance)
                  20001504    00000002     (.common:AIN1)
                  20001506    00000002     (.common:AIN2)
                  20001508    00000002     (.common:BIN1)
                  2000150a    00000002     (.common:BIN2)
                  2000150c    00000002     (.common:PWM1)
                  2000150e    00000002     (.common:PWM2)
                  20001510    00000002     (.common:STBY)

.sysmem    0    20001518    00000400     UNINITIALIZED
                  20001518    00000010     rtsv7M4_T_le_v4SPD16_eabi.lib : memory.c.obj (.sysmem)
                  20001528    000003f0     --HOLE--

.data      0    20001918    000001fc     UNINITIALIZED
                  20001918    000000f0     rtsv7M4_T_le_v4SPD16_eabi.lib : defs.c.obj (.data:_ftable)
                  20001a08    00000078                                   : host_device.c.obj (.data:_device)
                  20001a80    00000050                                   : host_device.c.obj (.data:_stream)
                  20001ad0    00000010                                   : defs.c.obj (.data)
                  20001ae0    0000000c                                   : exit.c.obj (.data:$O1$$)
                  20001aec    0000000c     encoder.obj (.data)
                  20001af8    00000008     rtsv7M4_T_le_v4SPD16_eabi.lib : _lock.c.obj (.data:$O1$$)
                  20001b00    00000008                                   : memory.c.obj (.data:$O1$$)
                  20001b08    00000004     MapManagement.obj (.data)
                  20001b0c    00000004     rtsv7M4_T_le_v4SPD16_eabi.lib : errno.c.obj (.data)
                  20001b10    00000004     system_msp432p401r.obj (.data)

.stack     0    2000fe00    00000200     UNINITIALIZED
                  2000fe00    00000004     rtsv7M4_T_le_v4SPD16_eabi.lib : boot_cortex_m.c.obj (.stack)
                  2000fe04    000001fc     --HOLE--

MODULE SUMMARY

       Module                        code    ro data   rw data
       ------                        ----    -------   -------
    .\
       CarLocation.obj               556     0         3224   
       Coverage.obj                  520     0         3216   
       MapManagement.obj             232     0         3232   
       wheel.obj                     1036    0         28     
       system_msp432p401r.obj        820     0         8      
       Ultrasonic.obj                600     0         128    
       encoder.obj                   524     0         72     
       Obstacle.obj                  524     0         0      
       main.obj                      292     0         0      
       startup_msp432p401r_ccs.obj   14      228       0      
       Car.obj                       104     0         8      
    +--+-----------------------------+-------+---------+---------+
       Total:                        5222    228       9916   
                                                              
    C:\ti\ccs910\ccs\tools\compiler\ti-cgt-arm_18.12.2.LTS\lib\rtsv7M4_T_le_v4SPD16_eabi.lib
       _printfi.c.obj                4851    0         0      
       defs.c.obj                    0       0         832    
       memory.c.obj                  676     0         16     
       trgmsg.c.obj                  108     0         576    
       fd_add_t2.asm.obj             438     0         0      
       host_device.c.obj             0       0         400    
       fd_div_t2.asm.obj             310     0         0      
       fputs.c.obj                   276     0         0      
       s_scalbn.c.obj                272     0         0      
       fd_cmp_t2.asm.obj             268     0         0      
       ctype.c.obj                   0       257       0      
       fd_mul_t2.asm.obj             252     0         0      
       setvbuf.c.obj                 220     0         0      
       memcpy_t2.asm.obj             156     0         0      
       ull_div_t2.asm.obj            150     0         0      
       fputc.c.obj                   140     0         0      
       memset_t2.asm.obj             122     0         0      
       fclose.c.obj                  116     0         0      
       getdevice.c.obj               116     0         0      
       hostopen.c.obj                96      0         16     
       printf.c.obj                  112     0         0      
       copy_decompress_lzss.c.obj    104     0         0      
       hostlseek.c.obj               104     0         0      
       hostrename.c.obj              104     0         0      
       exit.c.obj                    76      0         24     
       fseek.c.obj                   100     0         0      
       s_frexp.c.obj                 100     0         0      
       _io_perm.c.obj                98      0         0      
       close.c.obj                   92      0         0      
       hostread.c.obj                88      0         0      
       hostwrite.c.obj               88      0         0      
       ltoa.c.obj                    84      0         0      
       atoi.c.obj                    76      0         0      
       fflush.c.obj                  76      0         0      
       fd_toi_t2.asm.obj             72      0         0      
       autoinit.c.obj                68      0         0      
       hostclose.c.obj               68      0         0      
       hostunlink.c.obj              68      0         0      
       strncpy.c.obj                 54      0         0      
       boot_cortex_m.c.obj           52      0         0      
       fopen.c.obj                   52      0         0      
       i_tofd_t2.asm.obj             46      0         0      
       unlink.c.obj                  44      0         0      
       lseek.c.obj                   40      0         0      
       write.c.obj                   40      0         0      
       memchr.c.obj                  32      0         0      
       memccpy.c.obj                 28      0         0      
       s_copysign.c.obj              26      0         0      
       strcmp.c.obj                  24      0         0      
       strchr.c.obj                  22      0         0      
       strcpy.c.obj                  20      0         0      
       strlen.c.obj                  20      0         0      
       _lock.c.obj                   2       0         16     
       wcslen.c.obj                  18      0         0      
       errno.c.obj                   8       0         8      
       copy_decompress_none.c.obj    14      0         0      
       copy_zero_init.c.obj          12      0         0      
       pre_init.c.obj                4       0         0      
       div0.asm.obj                  2       0         0      
    +--+-----------------------------+-------+---------+---------+
       Total:                        10705   257       1888   
                                                              
       Heap:                         0       0         2048   
       Stack:                        0       0         1024   
       Linker Generated:             0       147       0      
    +--+-----------------------------+-------+---------+---------+
       Grand Total:                  15927   632       14876  


LINKER GENERATED COPY TABLES

__TI_cinit_table @ 000040b8 records: 2, size/record: 8, table size: 16
	.data: load addr=00004030, load size=0000006f bytes, run addr=20001918, run size=000001fc bytes, compression=lzss
	.bss: load addr=000040b0, load size=00000008 bytes, run addr=20000000, run size=00001512 bytes, compression=zero_init


LINKER GENERATED HANDLER TABLE

__TI_handler_table @ 000040a0 records: 3, size/record: 4, table size: 12
	index: 0, handler: __TI_decompress_lzss
	index: 1, handler: __TI_decompress_none
	index: 2, handler: __TI_zero_init


GLOBAL SYMBOLS: SORTED ALPHABETICALLY BY Name 

address   name                           
-------   ----                           
00003efd  ADC14_IRQHandler               
00003efd  AES256_IRQHandler              
20001504  AIN1                           
20001506  AIN2                           
20001508  BIN1                           
2000150a  BIN2                           
00003efd  BusFault_Handler               
00003f29  C$$EXIT                        
00003c27  C$$IO$$                        
00003efd  COMP_E0_IRQHandler             
00003efd  COMP_E1_IRQHandler             
00003efd  CS_IRQHandler                  
00003efd  DMA_ERR_IRQHandler             
00003efd  DMA_INT0_IRQHandler            
00003efd  DMA_INT1_IRQHandler            
00003efd  DMA_INT2_IRQHandler            
00003efd  DMA_INT3_IRQHandler            
00003efd  DebugMon_Handler               
00003efd  Default_Handler                
00003efd  EUSCIA0_IRQHandler             
00003efd  EUSCIA1_IRQHandler             
00003efd  EUSCIA2_IRQHandler             
00003efd  EUSCIA3_IRQHandler             
00003efd  EUSCIB0_IRQHandler             
00003efd  EUSCIB1_IRQHandler             
00003efd  EUSCIB2_IRQHandler             
00003efd  EUSCIB3_IRQHandler             
00003efd  FLCTL_IRQHandler               
00003efd  FPU_IRQHandler                 
00003aa9  HOSTclose                      
0000344d  HOSTlseek                      
00003719  HOSTopen                       
000037d5  HOSTread                       
000034b5  HOSTrename                     
00003aed  HOSTunlink                     
0000382d  HOSTwrite                      
00003efd  HardFault_Handler              
00003efd  MemManage_Handler              
00003efd  NMI_Handler                    
00003efd  PCM_IRQHandler                 
000015b5  PORT1_IRQHandler               
000015b5  PORT1_IRQHandler               
00003efd  PORT2_IRQHandler               
00001ccf  PORT3_IRQHandler               
00001ccf  PORT3_IRQHandler               
00003efd  PORT4_IRQHandler               
00003efd  PORT5_IRQHandler               
00003efd  PORT6_IRQHandler               
20001af0  PREV_distance                  
00003efd  PSS_IRQHandler                 
2000150c  PWM1                           
2000150e  PWM2                           
00003efd  PendSV_Handler                 
00003efd  RTC_C_IRQHandler               
00003ef1  Reset_Handler                  
20001510  STBY                           
00003efd  SVC_Handler                    
00003efd  SysTick_Handler                
20001b10  SystemCoreClock                
00000f41  SystemCoreClockUpdate          
000011b9  SystemInit                     
00003efd  T32_INT1_IRQHandler            
00003efd  T32_INT2_IRQHandler            
00003efd  T32_INTC_IRQHandler            
00001679  TA0_0_IRQHandler               
00001679  TA0_0_IRQHandler               
00003efd  TA0_N_IRQHandler               
00000bbf  TA1_0_IRQHandler               
00000bbf  TA1_0_IRQHandler               
00003efd  TA1_N_IRQHandler               
00003efd  TA2_0_IRQHandler               
00003efd  TA2_N_IRQHandler               
00003efd  TA3_0_IRQHandler               
00003efd  TA3_N_IRQHandler               
000014e5  US_init                        
00003efd  UsageFault_Handler             
4000480c  WDTCTL_SYM                     
00003efd  WDT_A_IRQHandler               
200012c0  __CIOBUF_                      
20010000  __STACK_END                    
00000200  __STACK_SIZE                   
00000400  __SYSMEM_SIZE                  
000040b8  __TI_CINIT_Base                
000040c8  __TI_CINIT_Limit               
000040a0  __TI_Handler_Table_Base        
000040ac  __TI_Handler_Table_Limit       
00003b31  __TI_auto_init_nobinit_nopinit 
00003c69  __TI_cleanup                   
20001ae0  __TI_cleanup_ptr               
00003301  __TI_closefile                 
0000351d  __TI_decompress_lzss           
00003ee3  __TI_decompress_none           
00003981  __TI_doflush                   
20001ae4  __TI_dtors_ptr                 
20001ae8  __TI_enable_exit_profile_output
20001ad0  __TI_ft_end                    
ffffffff  __TI_pprof_out_hndl            
000000e5  __TI_printfi                   
ffffffff  __TI_prof_data_size            
ffffffff  __TI_prof_data_start           
00003c9d  __TI_readmsg                   
00000000  __TI_static_base__             
200013e0  __TI_tmpnams                   
00003bf9  __TI_writemsg                  
000036b5  __TI_wrt_ok                    
00003eff  __TI_zero_init                 
000030fd  __aeabi_cdcmpeq                
000030fd  __aeabi_cdcmple                
00003183  __aeabi_cdrcmple               
00003a61  __aeabi_d2iz                   
00002163  __aeabi_dadd                   
0000244d  __aeabi_ddiv                   
000029f1  __aeabi_dmul                   
00002159  __aeabi_dsub                   
00003f0d  __aeabi_errno_addr             
00003d35  __aeabi_i2d                    
0000230f  __aeabi_idiv0                  
0000230f  __aeabi_ldiv0                  
00003285  __aeabi_memclr                 
00003285  __aeabi_memclr4                
00003285  __aeabi_memclr8                
00002f3f  __aeabi_memcpy                 
00002f3f  __aeabi_memcpy4                
00002f3f  __aeabi_memcpy8                
00003287  __aeabi_memset                 
00003287  __aeabi_memset4                
00003287  __aeabi_memset8                
20001adc  __aeabi_stderr                 
20001ad4  __aeabi_stdin                  
20001ad8  __aeabi_stdout                 
00002fdb  __aeabi_uldivmod               
ffffffff  __binit__                      
ffffffff  __c_args__                     
UNDEFED   __mpu_init                     
2000fe00  __stack                        
00003cd1  _c_int00_noargs                
00003f2c  _ctypes_                       
20001a08  _device                        
20001918  _ftable                        
20001af8  _lock                          
00000b33  _nop                           
20001a80  _stream                        
20001518  _sys_memory                    
UNDEFED   _system_post_cinit             
00003f25  _system_pre_init               
20001afc  _unlock                        
00003f29  abort                          
00002aed  aligned_alloc                  
000039cd  atoi                           
200014c8  average_distance               
00000cbd  backward                       
ffffffff  binit                          
20001af4  boxes_cov                      
0000153f  callTrigger                    
000033e5  carInit                        
00001cd7  changeRev                      
0000169f  checkDistance                  
00002c7d  clearAllMaps                   
00002c2b  clearAreaCoverageMap           
000018d9  clearCarLocationMap            
00001efd  clearCoverageMap               
00002c75  clearObstacleDetectionMap      
00001b0b  clearObstacleMap               
00002c43  clearRobotPosition             
00003779  close                          
200014cc  continues                      
00003e61  copysign                       
00003e61  copysignl                      
200014d0  count                          
200014a8  currCLPointer                  
200014b0  currCOPointer                  
200014b8  currPointer                    
00001577  delayCycles                    
0000274f  delayMs                        
00000ea5  delayMsW                       
00001865  displayCarLocationMap          
00001e89  displayCoverageMap             
00002c8d  displayMaps                    
00001a97  displayObstacleMap             
200014d4  distance                       
200014d8  distanceU                      
00001b75  encoder_init                   
00001c51  encoder_left                   
00001bbd  encoder_right                  
20001b0c  errno                          
00003a19  exit                           
00003d05  finddevice                     
00000c39  forward                        
00000c7d  forwardlp                      
00003071  fputc                          
000027cd  fputs                          
00002cc9  free                           
000035ed  frexp                          
000035ed  frexpl                         
00003651  fseek                          
00002c23  getAreaCoverageMap             
00001683  getAverageDistance             
000018d5  getCarLocationMap              
00001ef9  getCoverageMap                 
00001921  getCurrentPosition             
00002c6d  getObstacleDetectionMap        
00001b07  getObstacleMap                 
000033ed  getPointer                     
00002c33  getRobotPosition               
00002c3b  getRobotPositionMap            
00001cdf  getSpeed                       
00003b75  getdevice                      
20001b08  inarea                         
0000173d  initCarLocationmaps            
00001d81  initCoveragemaps               
00001969  initObstaclemaps               
00000b35  init_wheel                     
00000000  interruptVectors               
200014dc  isForward                      
200014e0  j                              
200014e4  lcount                         
000028e1  ldexp                          
000028e1  ldexpl                         
200014e8  lrev                           
00003db9  lseek                          
000038db  ltoa                           
000026a9  main                           
00003f15  malloc                         
00002be1  mapManagementInit              
20000000  mapsCO                         
20000640  mapsCarLo                      
20000c80  mapsObstacle                   
00002aed  memalign                       
00003e45  memccpy                        
00003e09  memchr                         
00002f3f  memcpy                         
0000328d  memset                         
00001c83  minuteDelay                    
200014c0  parmbuf                        
200014ec  pointer                        
200014f0  prevPointer                    
00003585  printf                         
00003071  putc                           
00000df1  pwm_init                       
00003d65  remove                         
200014f4  rev                            
000028e1  scalbn                         
000028e1  scalbnl                        
200014f8  seconds                        
200014fc  sensor                         
00002caf  setCarPointer                  
000033f3  setPointer                     
00002db1  setvbuf                        
20001aec  speed                          
00000da3  stop                           
00003e93  strchr                         
00003e7b  strcmp                         
00003ea9  strcpy                         
00003ebd  strlen                         
00003c31  strncpy                        
20001500  sum_distance                   
00000d57  turnleft                       
00000d01  turnright                      
00003d65  unlink                         
00002bf5  updateAreaCoverage             
0000179d  updateCarLocationMap           
00001de1  updateCoverageMap              
00002c4b  updateObstacleDetectionMap     
000019c3  updateObstacleMap              
20001480  usRange                        
00003ed1  wcslen                         
00003de1  write                          


GLOBAL SYMBOLS: SORTED BY Symbol Address 

address   name                           
-------   ----                           
00000000  __TI_static_base__             
00000000  interruptVectors               
000000e5  __TI_printfi                   
00000200  __STACK_SIZE                   
00000400  __SYSMEM_SIZE                  
00000b33  _nop                           
00000b35  init_wheel                     
00000bbf  TA1_0_IRQHandler               
00000bbf  TA1_0_IRQHandler               
00000c39  forward                        
00000c7d  forwardlp                      
00000cbd  backward                       
00000d01  turnright                      
00000d57  turnleft                       
00000da3  stop                           
00000df1  pwm_init                       
00000ea5  delayMsW                       
00000f41  SystemCoreClockUpdate          
000011b9  SystemInit                     
000014e5  US_init                        
0000153f  callTrigger                    
00001577  delayCycles                    
000015b5  PORT1_IRQHandler               
000015b5  PORT1_IRQHandler               
00001679  TA0_0_IRQHandler               
00001679  TA0_0_IRQHandler               
00001683  getAverageDistance             
0000169f  checkDistance                  
0000173d  initCarLocationmaps            
0000179d  updateCarLocationMap           
00001865  displayCarLocationMap          
000018d5  getCarLocationMap              
000018d9  clearCarLocationMap            
00001921  getCurrentPosition             
00001969  initObstaclemaps               
000019c3  updateObstacleMap              
00001a97  displayObstacleMap             
00001b07  getObstacleMap                 
00001b0b  clearObstacleMap               
00001b75  encoder_init                   
00001bbd  encoder_right                  
00001c51  encoder_left                   
00001c83  minuteDelay                    
00001ccf  PORT3_IRQHandler               
00001ccf  PORT3_IRQHandler               
00001cd7  changeRev                      
00001cdf  getSpeed                       
00001d81  initCoveragemaps               
00001de1  updateCoverageMap              
00001e89  displayCoverageMap             
00001ef9  getCoverageMap                 
00001efd  clearCoverageMap               
00002159  __aeabi_dsub                   
00002163  __aeabi_dadd                   
0000230f  __aeabi_idiv0                  
0000230f  __aeabi_ldiv0                  
0000244d  __aeabi_ddiv                   
000026a9  main                           
0000274f  delayMs                        
000027cd  fputs                          
000028e1  ldexp                          
000028e1  ldexpl                         
000028e1  scalbn                         
000028e1  scalbnl                        
000029f1  __aeabi_dmul                   
00002aed  aligned_alloc                  
00002aed  memalign                       
00002be1  mapManagementInit              
00002bf5  updateAreaCoverage             
00002c23  getAreaCoverageMap             
00002c2b  clearAreaCoverageMap           
00002c33  getRobotPosition               
00002c3b  getRobotPositionMap            
00002c43  clearRobotPosition             
00002c4b  updateObstacleDetectionMap     
00002c6d  getObstacleDetectionMap        
00002c75  clearObstacleDetectionMap      
00002c7d  clearAllMaps                   
00002c8d  displayMaps                    
00002caf  setCarPointer                  
00002cc9  free                           
00002db1  setvbuf                        
00002f3f  __aeabi_memcpy                 
00002f3f  __aeabi_memcpy4                
00002f3f  __aeabi_memcpy8                
00002f3f  memcpy                         
00002fdb  __aeabi_uldivmod               
00003071  fputc                          
00003071  putc                           
000030fd  __aeabi_cdcmpeq                
000030fd  __aeabi_cdcmple                
00003183  __aeabi_cdrcmple               
00003285  __aeabi_memclr                 
00003285  __aeabi_memclr4                
00003285  __aeabi_memclr8                
00003287  __aeabi_memset                 
00003287  __aeabi_memset4                
00003287  __aeabi_memset8                
0000328d  memset                         
00003301  __TI_closefile                 
000033e5  carInit                        
000033ed  getPointer                     
000033f3  setPointer                     
0000344d  HOSTlseek                      
000034b5  HOSTrename                     
0000351d  __TI_decompress_lzss           
00003585  printf                         
000035ed  frexp                          
000035ed  frexpl                         
00003651  fseek                          
000036b5  __TI_wrt_ok                    
00003719  HOSTopen                       
00003779  close                          
000037d5  HOSTread                       
0000382d  HOSTwrite                      
000038db  ltoa                           
00003981  __TI_doflush                   
000039cd  atoi                           
00003a19  exit                           
00003a61  __aeabi_d2iz                   
00003aa9  HOSTclose                      
00003aed  HOSTunlink                     
00003b31  __TI_auto_init_nobinit_nopinit 
00003b75  getdevice                      
00003bf9  __TI_writemsg                  
00003c27  C$$IO$$                        
00003c31  strncpy                        
00003c69  __TI_cleanup                   
00003c9d  __TI_readmsg                   
00003cd1  _c_int00_noargs                
00003d05  finddevice                     
00003d35  __aeabi_i2d                    
00003d65  remove                         
00003d65  unlink                         
00003db9  lseek                          
00003de1  write                          
00003e09  memchr                         
00003e45  memccpy                        
00003e61  copysign                       
00003e61  copysignl                      
00003e7b  strcmp                         
00003e93  strchr                         
00003ea9  strcpy                         
00003ebd  strlen                         
00003ed1  wcslen                         
00003ee3  __TI_decompress_none           
00003ef1  Reset_Handler                  
00003efd  ADC14_IRQHandler               
00003efd  AES256_IRQHandler              
00003efd  BusFault_Handler               
00003efd  COMP_E0_IRQHandler             
00003efd  COMP_E1_IRQHandler             
00003efd  CS_IRQHandler                  
00003efd  DMA_ERR_IRQHandler             
00003efd  DMA_INT0_IRQHandler            
00003efd  DMA_INT1_IRQHandler            
00003efd  DMA_INT2_IRQHandler            
00003efd  DMA_INT3_IRQHandler            
00003efd  DebugMon_Handler               
00003efd  Default_Handler                
00003efd  EUSCIA0_IRQHandler             
00003efd  EUSCIA1_IRQHandler             
00003efd  EUSCIA2_IRQHandler             
00003efd  EUSCIA3_IRQHandler             
00003efd  EUSCIB0_IRQHandler             
00003efd  EUSCIB1_IRQHandler             
00003efd  EUSCIB2_IRQHandler             
00003efd  EUSCIB3_IRQHandler             
00003efd  FLCTL_IRQHandler               
00003efd  FPU_IRQHandler                 
00003efd  HardFault_Handler              
00003efd  MemManage_Handler              
00003efd  NMI_Handler                    
00003efd  PCM_IRQHandler                 
00003efd  PORT2_IRQHandler               
00003efd  PORT4_IRQHandler               
00003efd  PORT5_IRQHandler               
00003efd  PORT6_IRQHandler               
00003efd  PSS_IRQHandler                 
00003efd  PendSV_Handler                 
00003efd  RTC_C_IRQHandler               
00003efd  SVC_Handler                    
00003efd  SysTick_Handler                
00003efd  T32_INT1_IRQHandler            
00003efd  T32_INT2_IRQHandler            
00003efd  T32_INTC_IRQHandler            
00003efd  TA0_N_IRQHandler               
00003efd  TA1_N_IRQHandler               
00003efd  TA2_0_IRQHandler               
00003efd  TA2_N_IRQHandler               
00003efd  TA3_0_IRQHandler               
00003efd  TA3_N_IRQHandler               
00003efd  UsageFault_Handler             
00003efd  WDT_A_IRQHandler               
00003eff  __TI_zero_init                 
00003f0d  __aeabi_errno_addr             
00003f15  malloc                         
00003f25  _system_pre_init               
00003f29  C$$EXIT                        
00003f29  abort                          
00003f2c  _ctypes_                       
000040a0  __TI_Handler_Table_Base        
000040ac  __TI_Handler_Table_Limit       
000040b8  __TI_CINIT_Base                
000040c8  __TI_CINIT_Limit               
20000000  mapsCO                         
20000640  mapsCarLo                      
20000c80  mapsObstacle                   
200012c0  __CIOBUF_                      
200013e0  __TI_tmpnams                   
20001480  usRange                        
200014a8  currCLPointer                  
200014b0  currCOPointer                  
200014b8  currPointer                    
200014c0  parmbuf                        
200014c8  average_distance               
200014cc  continues                      
200014d0  count                          
200014d4  distance                       
200014d8  distanceU                      
200014dc  isForward                      
200014e0  j                              
200014e4  lcount                         
200014e8  lrev                           
200014ec  pointer                        
200014f0  prevPointer                    
200014f4  rev                            
200014f8  seconds                        
200014fc  sensor                         
20001500  sum_distance                   
20001504  AIN1                           
20001506  AIN2                           
20001508  BIN1                           
2000150a  BIN2                           
2000150c  PWM1                           
2000150e  PWM2                           
20001510  STBY                           
20001518  _sys_memory                    
20001918  _ftable                        
20001a08  _device                        
20001a80  _stream                        
20001ad0  __TI_ft_end                    
20001ad4  __aeabi_stdin                  
20001ad8  __aeabi_stdout                 
20001adc  __aeabi_stderr                 
20001ae0  __TI_cleanup_ptr               
20001ae4  __TI_dtors_ptr                 
20001ae8  __TI_enable_exit_profile_output
20001aec  speed                          
20001af0  PREV_distance                  
20001af4  boxes_cov                      
20001af8  _lock                          
20001afc  _unlock                        
20001b08  inarea                         
20001b0c  errno                          
20001b10  SystemCoreClock                
2000fe00  __stack                        
20010000  __STACK_END                    
4000480c  WDTCTL_SYM                     
ffffffff  __TI_pprof_out_hndl            
ffffffff  __TI_prof_data_size            
ffffffff  __TI_prof_data_start           
ffffffff  __binit__                      
ffffffff  __c_args__                     
ffffffff  binit                          
UNDEFED   __mpu_init                     
UNDEFED   _system_post_cinit             

[267 symbols]
