******************************************************************************
                  TI ARM Linker PC v18.12.3                    
******************************************************************************
>> Linked Wed Nov 27 18:53:17 2019

OUTPUT FILE NAME:   <Project.out>
ENTRY POINT SYMBOL: "_c_int00_noargs"  address: 00002d91


MEMORY CONFIGURATION

         name            origin    length      used     unused   attr    fill
----------------------  --------  ---------  --------  --------  ----  --------
  MAIN                  00000000   00040000  000031a9  0003ce57  R  X
  INFO                  00200000   00004000  00000000  00004000  R  X
  SRAM_CODE             01000000   00010000  000009f0  0000f610  RW X
  SRAM_DATA             20000000   00010000  000009f0  0000f610  RW  


SEGMENT ALLOCATION MAP

run origin  load origin   length   init length attrs members
----------  ----------- ---------- ----------- ----- -------
00000000    00000000    000031b0   000031b0    r-x
  00000000    00000000    000000e4   000000e4    r-- .intvecs
  000000e4    000000e4    00002f2c   00002f2c    r-x .text
  00003010    00003010    00000101   00000101    r-- .const
  00003118    00003118    00000098   00000098    r-- .cinit
20000000    20000000    000007f0   00000000    rw-
  20000000    20000000    00000400   00000000    rw- .sysmem
  20000400    20000400    00000204   00000000    rw- .bss
  20000604    20000604    000001ec   00000000    rw- .data
2000fe00    2000fe00    00000200   00000000    rw-
  2000fe00    2000fe00    00000200   00000000    rw- .stack


SECTION ALLOCATION MAP

 output                                  attributes/
section   page    origin      length       input sections
--------  ----  ----------  ----------   ----------------
.intvecs   0    00000000    000000e4     
                  00000000    000000e4     startup_msp432p401r_ccs.obj (.intvecs:retain)

.text      0    000000e4    00002f2c     
                  000000e4    00000a4e     rtsv7M4_T_le_v4SPD16_eabi.lib : _printfi.c.obj (.text:__TI_printfi)
                  00000b32    00000002                                   : _lock.c.obj (.text:_nop)
                  00000b34    00000334     system_msp432p401r.obj (.text)
                  00000e68    00000270     rtsv7M4_T_le_v4SPD16_eabi.lib : _printfi.c.obj (.text:_pconv_a)
                  000010d8    000001e0     Ultrasonic.obj (.text)
                  000012b8    000001d0     rtsv7M4_T_le_v4SPD16_eabi.lib : _printfi.c.obj (.text:_pconv_g)
                  00001488    000001b6                                   : fd_add_t2.asm.obj (.text)
                  0000163e    00000002                                   : div0.asm.obj (.text)
                  00001640    0000013c                                   : _printfi.c.obj (.text:_pconv_e)
                  0000177c    00000136                                   : fd_div_t2.asm.obj (.text)
                  000018b2    00000002     --HOLE-- [fill = 0]
                  000018b4    00000124                                   : _printfi.c.obj (.text:fcvt)
                  000019d8    00000114                                   : fputs.c.obj (.text:fputs)
                  00001aec    00000110                                   : s_scalbn.c.obj (.text:scalbn)
                  00001bfc    000000fc                                   : fd_mul_t2.asm.obj (.text)
                  00001cf8    000000f4                                   : memory.c.obj (.text:aligned_alloc)
                  00001dec    000000e8                                   : memory.c.obj (.text:free)
                  00001ed4    000000dc                                   : setvbuf.c.obj (.text:setvbuf)
                  00001fb0    000000b1                                   : _printfi.c.obj (.text:_ltostr)
                  00002061    00000001     --HOLE-- [fill = 0]
                  00002062    0000009c                                   : memcpy_t2.asm.obj (.text)
                  000020fe    00000096                                   : ull_div_t2.asm.obj (.text)
                  00002194    0000008c                                   : fputc.c.obj (.text:fputc)
                  00002220    00000086                                   : fd_cmp_t2.asm.obj (.text:__aeabi_cdcmple)
                  000022a6    00000086                                   : fd_cmp_t2.asm.obj (.text:__aeabi_cdrcmple)
                  0000232c    0000007c                                   : memory.c.obj (.text:split)
                  000023a8    0000007a                                   : memset_t2.asm.obj (.text)
                  00002422    00000002     --HOLE-- [fill = 0]
                  00002424    00000074                                   : fclose.c.obj (.text:__TI_closefile)
                  00002498    0000006e                                   : _printfi.c.obj (.text:_mcpy)
                  00002506    00000002     --HOLE-- [fill = 0]
                  00002508    0000006c                                   : hostrename.c.obj (.text:HOSTrename)
                  00002574    00000068                                   : hostlseek.c.obj (.text:HOSTlseek)
                  000025dc    00000068                                   : copy_decompress_lzss.c.obj (.text:decompress:lzss:__TI_decompress_lzss)
                  00002644    00000068                                   : printf.c.obj (.text:printf)
                  000026ac    00000064                                   : s_frexp.c.obj (.text:frexp)
                  00002710    00000064                                   : fseek.c.obj (.text:fseek)
                  00002774    00000062                                   : _io_perm.c.obj (.text:__TI_wrt_ok)
                  000027d6    00000002     --HOLE-- [fill = 0]
                  000027d8    00000060                                   : hostopen.c.obj (.text:HOSTopen)
                  00002838    0000005c                                   : close.c.obj (.text:close)
                  00002894    00000058                                   : hostread.c.obj (.text:HOSTread)
                  000028ec    00000058                                   : hostwrite.c.obj (.text:HOSTwrite)
                  00002944    00000056                                   : _printfi.c.obj (.text:_pconv_f)
                  0000299a    00000054                                   : ltoa.c.obj (.text:ltoa)
                  000029ee    00000052                                   : _printfi.c.obj (.text:_ecpy)
                  00002a40    0000004c                                   : fflush.c.obj (.text:__TI_doflush)
                  00002a8c    0000004c                                   : atoi.c.obj (.text:atoi)
                  00002ad8    00000048                                   : exit.c.obj (.text:exit)
                  00002b20    00000048                                   : fd_toi_t2.asm.obj (.text)
                  00002b68    00000044                                   : hostclose.c.obj (.text:HOSTclose)
                  00002bac    00000044                                   : hostunlink.c.obj (.text:HOSTunlink)
                  00002bf0    00000044                                   : autoinit.c.obj (.text:__TI_auto_init_nobinit_nopinit:__TI_auto_init_nobinit_nopinit)
                  00002c34    00000044                                   : getdevice.c.obj (.text:getdevice)
                  00002c78    0000003e                                   : _printfi.c.obj (.text:_fcpy)
                  00002cb6    00000002     --HOLE-- [fill = 0]
                  00002cb8    00000038                                   : trgmsg.c.obj (.text:__TI_writemsg)
                  00002cf0    00000036                                   : strncpy.c.obj (.text:strncpy)
                  00002d26    00000002     --HOLE-- [fill = 0]
                  00002d28    00000034                                   : fopen.c.obj (.text:__TI_cleanup)
                  00002d5c    00000034                                   : trgmsg.c.obj (.text:__TI_readmsg)
                  00002d90    00000034                                   : boot_cortex_m.c.obj (.text:_c_int00_noargs:_c_int00_noargs)
                  00002dc4    00000030                                   : getdevice.c.obj (.text:finddevice)
                  00002df4    0000002e                                   : i_tofd_t2.asm.obj (.text)
                  00002e22    00000002     --HOLE-- [fill = 0]
                  00002e24    0000002c                                   : unlink.c.obj (.text:unlink)
                  00002e50    00000028                                   : memory.c.obj (.text:free_list_insert)
                  00002e78    00000028                                   : lseek.c.obj (.text:lseek)
                  00002ea0    00000028                                   : write.c.obj (.text:write)
                  00002ec8    00000020                                   : memchr.c.obj (.text:memchr)
                  00002ee8    0000001c                                   : copy_zero_init.c.obj (.text:decompress:ZI:__TI_zero_init_nomemset:__TI_zero_init_nomemset)
                  00002f04    0000001c                                   : memory.c.obj (.text:free_list_remove)
                  00002f20    0000001c                                   : memccpy.c.obj (.text:memccpy)
                  00002f3c    0000001a                                   : s_copysign.c.obj (.text:copysign)
                  00002f56    00000018                                   : strcmp.c.obj (.text:strcmp)
                  00002f6e    00000016                                   : strchr.c.obj (.text:strchr)
                  00002f84    00000014     main.obj (.text)
                  00002f98    00000014     rtsv7M4_T_le_v4SPD16_eabi.lib : strcpy.c.obj (.text:strcpy)
                  00002fac    00000014                                   : strlen.c.obj (.text:strlen)
                  00002fc0    00000012                                   : wcslen.c.obj (.text:wcslen)
                  00002fd2    0000000e                                   : copy_decompress_none.c.obj (.text:decompress:none:__TI_decompress_none)
                  00002fe0    0000000e     startup_msp432p401r_ccs.obj (.text)
                  00002fee    00000002     --HOLE-- [fill = 0]
                  00002ff0    00000008     rtsv7M4_T_le_v4SPD16_eabi.lib : errno.c.obj (.text:__aeabi_errno_addr)
                  00002ff8    00000008                                   : memory.c.obj (.text:malloc)
                  00003000    00000004                                   : printf.c.obj (.text:_outc)
                  00003004    00000004                                   : printf.c.obj (.text:_outs)
                  00003008    00000004                                   : pre_init.c.obj (.text:_system_pre_init)
                  0000300c    00000004                                   : exit.c.obj (.text:abort:abort)

.const     0    00003010    00000101     
                  00003010    00000101     rtsv7M4_T_le_v4SPD16_eabi.lib : ctype.c.obj (.const:.string:_ctypes_)

.cinit     0    00003118    00000098     
                  00003118    0000006e     (.cinit..data.load) [load image, compression = lzss]
                  00003186    00000002     --HOLE-- [fill = 0]
                  00003188    0000000c     (__TI_handler_table)
                  00003194    00000004     --HOLE-- [fill = 0]
                  00003198    00000008     (.cinit..bss.load) [load image, compression = zero_init]
                  000031a0    00000010     (__TI_cinit_table)

.init_array 
*          0    00000000    00000000     UNINITIALIZED

.binit     0    00000000    00000000     

.sysmem    0    20000000    00000400     UNINITIALIZED
                  20000000    00000010     rtsv7M4_T_le_v4SPD16_eabi.lib : memory.c.obj (.sysmem)
                  20000010    000003f0     --HOLE--

.bss       0    20000400    00000204     UNINITIALIZED
                  20000400    00000120     rtsv7M4_T_le_v4SPD16_eabi.lib : trgmsg.c.obj (.bss:_CIOBUF_)
                  20000520    000000a0     (.common:__TI_tmpnams)
                  200005c0    00000028     (.common:usRange)
                  200005e8    00000008     (.common:parmbuf)
                  200005f0    00000004     (.common:average_distance)
                  200005f4    00000004     (.common:distance)
                  200005f8    00000004     (.common:seconds)
                  200005fc    00000004     (.common:sensor)
                  20000600    00000004     (.common:sum_distance)

.data      0    20000604    000001ec     UNINITIALIZED
                  20000604    000000f0     rtsv7M4_T_le_v4SPD16_eabi.lib : defs.c.obj (.data:_ftable)
                  200006f4    00000078                                   : host_device.c.obj (.data:_device)
                  2000076c    00000050                                   : host_device.c.obj (.data:_stream)
                  200007bc    00000010                                   : defs.c.obj (.data)
                  200007cc    0000000c                                   : exit.c.obj (.data:$O1$$)
                  200007d8    00000008                                   : _lock.c.obj (.data:$O1$$)
                  200007e0    00000008                                   : memory.c.obj (.data:$O1$$)
                  200007e8    00000004                                   : errno.c.obj (.data)
                  200007ec    00000004     system_msp432p401r.obj (.data)

.stack     0    2000fe00    00000200     UNINITIALIZED
                  2000fe00    00000004     rtsv7M4_T_le_v4SPD16_eabi.lib : boot_cortex_m.c.obj (.stack)
                  2000fe04    000001fc     --HOLE--

MODULE SUMMARY

       Module                        code    ro data   rw data
       ------                        ----    -------   -------
    .\
       system_msp432p401r.obj        820     0         8      
       Ultrasonic.obj                480     0         120    
       startup_msp432p401r_ccs.obj   14      228       0      
       main.obj                      20      0         0      
    +--+-----------------------------+-------+---------+---------+
       Total:                        1334    228       128    
                                                              
    C:\ti\ccs920\ccs\tools\compiler\ti-cgt-arm_18.12.3.LTS\lib\rtsv7M4_T_le_v4SPD16_eabi.lib
       _printfi.c.obj                4851    0         0      
       defs.c.obj                    0       0         832    
       memory.c.obj                  676     0         16     
       trgmsg.c.obj                  108     0         576    
       fd_add_t2.asm.obj             438     0         0      
       host_device.c.obj             0       0         400    
       fd_div_t2.asm.obj             310     0         0      
       fputs.c.obj                   276     0         0      
       s_scalbn.c.obj                272     0         0      
       fd_cmp_t2.asm.obj             268     0         0      
       ctype.c.obj                   0       257       0      
       fd_mul_t2.asm.obj             252     0         0      
       setvbuf.c.obj                 220     0         0      
       memcpy_t2.asm.obj             156     0         0      
       ull_div_t2.asm.obj            150     0         0      
       fputc.c.obj                   140     0         0      
       memset_t2.asm.obj             122     0         0      
       fclose.c.obj                  116     0         0      
       getdevice.c.obj               116     0         0      
       hostopen.c.obj                96      0         16     
       printf.c.obj                  112     0         0      
       hostrename.c.obj              108     0         0      
       copy_decompress_lzss.c.obj    104     0         0      
       hostlseek.c.obj               104     0         0      
       exit.c.obj                    76      0         24     
       fseek.c.obj                   100     0         0      
       s_frexp.c.obj                 100     0         0      
       _io_perm.c.obj                98      0         0      
       close.c.obj                   92      0         0      
       hostread.c.obj                88      0         0      
       hostwrite.c.obj               88      0         0      
       ltoa.c.obj                    84      0         0      
       atoi.c.obj                    76      0         0      
       fflush.c.obj                  76      0         0      
       fd_toi_t2.asm.obj             72      0         0      
       autoinit.c.obj                68      0         0      
       hostclose.c.obj               68      0         0      
       hostunlink.c.obj              68      0         0      
       strncpy.c.obj                 54      0         0      
       boot_cortex_m.c.obj           52      0         0      
       fopen.c.obj                   52      0         0      
       i_tofd_t2.asm.obj             46      0         0      
       unlink.c.obj                  44      0         0      
       lseek.c.obj                   40      0         0      
       write.c.obj                   40      0         0      
       memchr.c.obj                  32      0         0      
       copy_zero_init.c.obj          28      0         0      
       memccpy.c.obj                 28      0         0      
       s_copysign.c.obj              26      0         0      
       strcmp.c.obj                  24      0         0      
       strchr.c.obj                  22      0         0      
       strcpy.c.obj                  20      0         0      
       strlen.c.obj                  20      0         0      
       _lock.c.obj                   2       0         16     
       wcslen.c.obj                  18      0         0      
       errno.c.obj                   8       0         8      
       copy_decompress_none.c.obj    14      0         0      
       pre_init.c.obj                4       0         0      
       div0.asm.obj                  2       0         0      
    +--+-----------------------------+-------+---------+---------+
       Total:                        10725   257       1888   
                                                              
       Heap:                         0       0         2048   
       Stack:                        0       0         1024   
       Linker Generated:             0       146       0      
    +--+-----------------------------+-------+---------+---------+
       Grand Total:                  12059   631       5088   


LINKER GENERATED COPY TABLES

__TI_cinit_table @ 000031a0 records: 2, size/record: 8, table size: 16
	.data: load addr=00003118, load size=0000006e bytes, run addr=20000604, run size=000001ec bytes, compression=lzss
	.bss: load addr=00003198, load size=00000008 bytes, run addr=20000400, run size=00000204 bytes, compression=zero_init


LINKER GENERATED HANDLER TABLE

__TI_handler_table @ 00003188 records: 3, size/record: 4, table size: 12
	index: 0, handler: __TI_decompress_lzss
	index: 1, handler: __TI_decompress_none
	index: 2, handler: __TI_zero_init


GLOBAL SYMBOLS: SORTED ALPHABETICALLY BY Name 

address   name                           
-------   ----                           
00002fed  ADC14_IRQHandler               
00002fed  AES256_IRQHandler              
00002fed  BusFault_Handler               
0000300d  C$$EXIT                        
00002ce7  C$$IO$$                        
00002fed  COMP_E0_IRQHandler             
00002fed  COMP_E1_IRQHandler             
00002fed  CS_IRQHandler                  
00002fed  DMA_ERR_IRQHandler             
00002fed  DMA_INT0_IRQHandler            
00002fed  DMA_INT1_IRQHandler            
00002fed  DMA_INT2_IRQHandler            
00002fed  DMA_INT3_IRQHandler            
00002fed  DebugMon_Handler               
00002fed  Default_Handler                
00002fed  EUSCIA0_IRQHandler             
00002fed  EUSCIA1_IRQHandler             
00002fed  EUSCIA2_IRQHandler             
00002fed  EUSCIA3_IRQHandler             
00002fed  EUSCIB0_IRQHandler             
00002fed  EUSCIB1_IRQHandler             
00002fed  EUSCIB2_IRQHandler             
00002fed  EUSCIB3_IRQHandler             
00002fed  FLCTL_IRQHandler               
00002fed  FPU_IRQHandler                 
00002b69  HOSTclose                      
00002575  HOSTlseek                      
000027d9  HOSTopen                       
00002895  HOSTread                       
00002509  HOSTrename                     
00002bad  HOSTunlink                     
000028ed  HOSTwrite                      
00002fed  HardFault_Handler              
00002fed  MemManage_Handler              
00002fed  NMI_Handler                    
00002fed  PCM_IRQHandler                 
0000119b  PORT1_IRQHandler               
0000119b  PORT1_IRQHandler               
00002fed  PORT2_IRQHandler               
00002fed  PORT3_IRQHandler               
00002fed  PORT4_IRQHandler               
00002fed  PORT5_IRQHandler               
00002fed  PORT6_IRQHandler               
00002fed  PSS_IRQHandler                 
00002fed  PendSV_Handler                 
00002fed  RTC_C_IRQHandler               
00002fe1  Reset_Handler                  
00002fed  SVC_Handler                    
00002fed  SysTick_Handler                
200007ec  SystemCoreClock                
00000b35  SystemCoreClockUpdate          
00000dad  SystemInit                     
00002fed  T32_INT1_IRQHandler            
00002fed  T32_INT2_IRQHandler            
00002fed  T32_INTC_IRQHandler            
00001241  TA0_0_IRQHandler               
00001241  TA0_0_IRQHandler               
00002fed  TA0_N_IRQHandler               
00002fed  TA1_0_IRQHandler               
00002fed  TA1_N_IRQHandler               
00002fed  TA2_0_IRQHandler               
00002fed  TA2_N_IRQHandler               
00002fed  TA3_0_IRQHandler               
00002fed  TA3_N_IRQHandler               
000010d9  US_init                        
00002fed  UsageFault_Handler             
4000480c  WDTCTL_SYM                     
00002fed  WDT_A_IRQHandler               
20000400  __CIOBUF_                      
20010000  __STACK_END                    
00000200  __STACK_SIZE                   
00000400  __SYSMEM_SIZE                  
000031a0  __TI_CINIT_Base                
000031b0  __TI_CINIT_Limit               
00003188  __TI_Handler_Table_Base        
00003194  __TI_Handler_Table_Limit       
00002bf1  __TI_auto_init_nobinit_nopinit 
00002d29  __TI_cleanup                   
200007cc  __TI_cleanup_ptr               
00002425  __TI_closefile                 
000025dd  __TI_decompress_lzss           
00002fd3  __TI_decompress_none           
00002a41  __TI_doflush                   
200007d0  __TI_dtors_ptr                 
200007d4  __TI_enable_exit_profile_output
200007bc  __TI_ft_end                    
ffffffff  __TI_pprof_out_hndl            
000000e5  __TI_printfi                   
ffffffff  __TI_prof_data_size            
ffffffff  __TI_prof_data_start           
00002d5d  __TI_readmsg                   
00000000  __TI_static_base__             
20000520  __TI_tmpnams                   
00002cb9  __TI_writemsg                  
00002775  __TI_wrt_ok                    
00002ee9  __TI_zero_init_nomemset        
00002221  __aeabi_cdcmpeq                
00002221  __aeabi_cdcmple                
000022a7  __aeabi_cdrcmple               
00002b21  __aeabi_d2iz                   
00001493  __aeabi_dadd                   
0000177d  __aeabi_ddiv                   
00001bfd  __aeabi_dmul                   
00001489  __aeabi_dsub                   
00002ff1  __aeabi_errno_addr             
00002df5  __aeabi_i2d                    
0000163f  __aeabi_idiv0                  
0000163f  __aeabi_ldiv0                  
000023a9  __aeabi_memclr                 
000023a9  __aeabi_memclr4                
000023a9  __aeabi_memclr8                
00002063  __aeabi_memcpy                 
00002063  __aeabi_memcpy4                
00002063  __aeabi_memcpy8                
000023ab  __aeabi_memset                 
000023ab  __aeabi_memset4                
000023ab  __aeabi_memset8                
200007c8  __aeabi_stderr                 
200007c0  __aeabi_stdin                  
200007c4  __aeabi_stdout                 
000020ff  __aeabi_uldivmod               
ffffffff  __binit__                      
ffffffff  __c_args__                     
UNDEFED   __mpu_init                     
2000fe00  __stack                        
00002d91  _c_int00_noargs                
00003010  _ctypes_                       
200006f4  _device                        
20000604  _ftable                        
200007d8  _lock                          
00000b33  _nop                           
2000076c  _stream                        
20000000  _sys_memory                    
UNDEFED   _system_post_cinit             
00003009  _system_pre_init               
200007dc  _unlock                        
0000300d  abort                          
00001cf9  aligned_alloc                  
00002a8d  atoi                           
200005f0  average_distance               
ffffffff  binit                          
0000112d  callTrigger                    
00002839  close                          
00002f3d  copysign                       
00002f3d  copysignl                      
0000115d  delayCycles                    
200005f4  distance                       
200007e8  errno                          
00002ad9  exit                           
00002dc5  finddevice                     
00002195  fputc                          
000019d9  fputs                          
00001ded  free                           
000026ad  frexp                          
000026ad  frexpl                         
00002711  fseek                          
0000124b  getAverageDistance             
00002c35  getdevice                      
00000000  interruptVectors               
00001aed  ldexp                          
00001aed  ldexpl                         
00002e79  lseek                          
0000299b  ltoa                           
00002f85  main                           
00002ff9  malloc                         
00001cf9  memalign                       
00002f21  memccpy                        
00002ec9  memchr                         
00002063  memcpy                         
000023b1  memset                         
200005e8  parmbuf                        
00002645  printf                         
00002195  putc                           
00002e25  remove                         
00001aed  scalbn                         
00001aed  scalbnl                        
200005f8  seconds                        
200005fc  sensor                         
00001ed5  setvbuf                        
00002f6f  strchr                         
00002f57  strcmp                         
00002f99  strcpy                         
00002fad  strlen                         
00002cf1  strncpy                        
20000600  sum_distance                   
00002e25  unlink                         
200005c0  usRange                        
00002fc1  wcslen                         
00002ea1  write                          


GLOBAL SYMBOLS: SORTED BY Symbol Address 

address   name                           
-------   ----                           
00000000  __TI_static_base__             
00000000  interruptVectors               
000000e5  __TI_printfi                   
00000200  __STACK_SIZE                   
00000400  __SYSMEM_SIZE                  
00000b33  _nop                           
00000b35  SystemCoreClockUpdate          
00000dad  SystemInit                     
000010d9  US_init                        
0000112d  callTrigger                    
0000115d  delayCycles                    
0000119b  PORT1_IRQHandler               
0000119b  PORT1_IRQHandler               
00001241  TA0_0_IRQHandler               
00001241  TA0_0_IRQHandler               
0000124b  getAverageDistance             
00001489  __aeabi_dsub                   
00001493  __aeabi_dadd                   
0000163f  __aeabi_idiv0                  
0000163f  __aeabi_ldiv0                  
0000177d  __aeabi_ddiv                   
000019d9  fputs                          
00001aed  ldexp                          
00001aed  ldexpl                         
00001aed  scalbn                         
00001aed  scalbnl                        
00001bfd  __aeabi_dmul                   
00001cf9  aligned_alloc                  
00001cf9  memalign                       
00001ded  free                           
00001ed5  setvbuf                        
00002063  __aeabi_memcpy                 
00002063  __aeabi_memcpy4                
00002063  __aeabi_memcpy8                
00002063  memcpy                         
000020ff  __aeabi_uldivmod               
00002195  fputc                          
00002195  putc                           
00002221  __aeabi_cdcmpeq                
00002221  __aeabi_cdcmple                
000022a7  __aeabi_cdrcmple               
000023a9  __aeabi_memclr                 
000023a9  __aeabi_memclr4                
000023a9  __aeabi_memclr8                
000023ab  __aeabi_memset                 
000023ab  __aeabi_memset4                
000023ab  __aeabi_memset8                
000023b1  memset                         
00002425  __TI_closefile                 
00002509  HOSTrename                     
00002575  HOSTlseek                      
000025dd  __TI_decompress_lzss           
00002645  printf                         
000026ad  frexp                          
000026ad  frexpl                         
00002711  fseek                          
00002775  __TI_wrt_ok                    
000027d9  HOSTopen                       
00002839  close                          
00002895  HOSTread                       
000028ed  HOSTwrite                      
0000299b  ltoa                           
00002a41  __TI_doflush                   
00002a8d  atoi                           
00002ad9  exit                           
00002b21  __aeabi_d2iz                   
00002b69  HOSTclose                      
00002bad  HOSTunlink                     
00002bf1  __TI_auto_init_nobinit_nopinit 
00002c35  getdevice                      
00002cb9  __TI_writemsg                  
00002ce7  C$$IO$$                        
00002cf1  strncpy                        
00002d29  __TI_cleanup                   
00002d5d  __TI_readmsg                   
00002d91  _c_int00_noargs                
00002dc5  finddevice                     
00002df5  __aeabi_i2d                    
00002e25  remove                         
00002e25  unlink                         
00002e79  lseek                          
00002ea1  write                          
00002ec9  memchr                         
00002ee9  __TI_zero_init_nomemset        
00002f21  memccpy                        
00002f3d  copysign                       
00002f3d  copysignl                      
00002f57  strcmp                         
00002f6f  strchr                         
00002f85  main                           
00002f99  strcpy                         
00002fad  strlen                         
00002fc1  wcslen                         
00002fd3  __TI_decompress_none           
00002fe1  Reset_Handler                  
00002fed  ADC14_IRQHandler               
00002fed  AES256_IRQHandler              
00002fed  BusFault_Handler               
00002fed  COMP_E0_IRQHandler             
00002fed  COMP_E1_IRQHandler             
00002fed  CS_IRQHandler                  
00002fed  DMA_ERR_IRQHandler             
00002fed  DMA_INT0_IRQHandler            
00002fed  DMA_INT1_IRQHandler            
00002fed  DMA_INT2_IRQHandler            
00002fed  DMA_INT3_IRQHandler            
00002fed  DebugMon_Handler               
00002fed  Default_Handler                
00002fed  EUSCIA0_IRQHandler             
00002fed  EUSCIA1_IRQHandler             
00002fed  EUSCIA2_IRQHandler             
00002fed  EUSCIA3_IRQHandler             
00002fed  EUSCIB0_IRQHandler             
00002fed  EUSCIB1_IRQHandler             
00002fed  EUSCIB2_IRQHandler             
00002fed  EUSCIB3_IRQHandler             
00002fed  FLCTL_IRQHandler               
00002fed  FPU_IRQHandler                 
00002fed  HardFault_Handler              
00002fed  MemManage_Handler              
00002fed  NMI_Handler                    
00002fed  PCM_IRQHandler                 
00002fed  PORT2_IRQHandler               
00002fed  PORT3_IRQHandler               
00002fed  PORT4_IRQHandler               
00002fed  PORT5_IRQHandler               
00002fed  PORT6_IRQHandler               
00002fed  PSS_IRQHandler                 
00002fed  PendSV_Handler                 
00002fed  RTC_C_IRQHandler               
00002fed  SVC_Handler                    
00002fed  SysTick_Handler                
00002fed  T32_INT1_IRQHandler            
00002fed  T32_INT2_IRQHandler            
00002fed  T32_INTC_IRQHandler            
00002fed  TA0_N_IRQHandler               
00002fed  TA1_0_IRQHandler               
00002fed  TA1_N_IRQHandler               
00002fed  TA2_0_IRQHandler               
00002fed  TA2_N_IRQHandler               
00002fed  TA3_0_IRQHandler               
00002fed  TA3_N_IRQHandler               
00002fed  UsageFault_Handler             
00002fed  WDT_A_IRQHandler               
00002ff1  __aeabi_errno_addr             
00002ff9  malloc                         
00003009  _system_pre_init               
0000300d  C$$EXIT                        
0000300d  abort                          
00003010  _ctypes_                       
00003188  __TI_Handler_Table_Base        
00003194  __TI_Handler_Table_Limit       
000031a0  __TI_CINIT_Base                
000031b0  __TI_CINIT_Limit               
20000000  _sys_memory                    
20000400  __CIOBUF_                      
20000520  __TI_tmpnams                   
200005c0  usRange                        
200005e8  parmbuf                        
200005f0  average_distance               
200005f4  distance                       
200005f8  seconds                        
200005fc  sensor                         
20000600  sum_distance                   
20000604  _ftable                        
200006f4  _device                        
2000076c  _stream                        
200007bc  __TI_ft_end                    
200007c0  __aeabi_stdin                  
200007c4  __aeabi_stdout                 
200007c8  __aeabi_stderr                 
200007cc  __TI_cleanup_ptr               
200007d0  __TI_dtors_ptr                 
200007d4  __TI_enable_exit_profile_output
200007d8  _lock                          
200007dc  _unlock                        
200007e8  errno                          
200007ec  SystemCoreClock                
2000fe00  __stack                        
20010000  __STACK_END                    
4000480c  WDTCTL_SYM                     
ffffffff  __TI_pprof_out_hndl            
ffffffff  __TI_prof_data_size            
ffffffff  __TI_prof_data_start           
ffffffff  __binit__                      
ffffffff  __c_args__                     
ffffffff  binit                          
UNDEFED   __mpu_init                     
UNDEFED   _system_post_cinit             

[189 symbols]
