******************************************************************************
                  TI ARM Linker PC v18.12.2                    
******************************************************************************
>> Linked Thu Oct 31 23:57:49 2019

OUTPUT FILE NAME:   <Ultrasonic_sensor.out>
ENTRY POINT SYMBOL: "_c_int00_noargs"  address: 00002cd1


MEMORY CONFIGURATION

         name            origin    length      used     unused   attr    fill
----------------------  --------  ---------  --------  --------  ----  --------
  MAIN                  00000000   00040000  000030cd  0003cf33  R  X
  INFO                  00200000   00004000  00000000  00004000  R  X
  SRAM_CODE             01000000   00010000  000009bc  0000f644  RW X
  SRAM_DATA             20000000   00010000  000009bc  0000f644  RW  


SEGMENT ALLOCATION MAP

run origin  load origin   length   init length attrs members
----------  ----------- ---------- ----------- ----- -------
00000000    00000000    000030d0   000030d0    r-x
  00000000    00000000    000000e4   000000e4    r-- .intvecs
  000000e4    000000e4    00002e58   00002e58    r-x .text
  00002f3c    00002f3c    00000101   00000101    r-- .const
  00003040    00003040    00000090   00000090    r-- .cinit
20000000    20000000    000007bc   00000000    rw-
  20000000    20000000    00000400   00000000    rw- .sysmem
  20000400    20000400    000001ec   00000000    rw- .data
  200005ec    200005ec    000001d0   00000000    rw- .bss
2000fe00    2000fe00    00000200   00000000    rw-
  2000fe00    2000fe00    00000200   00000000    rw- .stack


SECTION ALLOCATION MAP

 output                                  attributes/
section   page    origin      length       input sections
--------  ----  ----------  ----------   ----------------
.intvecs   0    00000000    000000e4     
                  00000000    000000e4     startup_msp432p401r_ccs.obj (.intvecs:retain)

.text      0    000000e4    00002e58     
                  000000e4    00000a4e     rtsv7M4_T_le_v4SPD16_eabi.lib : _printfi.c.obj (.text:__TI_printfi)
                  00000b32    00000002                                   : _lock.c.obj (.text:_nop)
                  00000b34    00000334     system_msp432p401r.obj (.text)
                  00000e68    00000270     rtsv7M4_T_le_v4SPD16_eabi.lib : _printfi.c.obj (.text:_pconv_a)
                  000010d8    000001d0                                   : _printfi.c.obj (.text:_pconv_g)
                  000012a8    000001b6                                   : fd_add_t2.asm.obj (.text)
                  0000145e    00000002                                   : div0.asm.obj (.text)
                  00001460    0000013c                                   : _printfi.c.obj (.text:_pconv_e)
                  0000159c    00000136                                   : fd_div_t2.asm.obj (.text)
                  000016d2    00000002     --HOLE-- [fill = 0]
                  000016d4    00000124                                   : _printfi.c.obj (.text:fcvt)
                  000017f8    00000124     testMain.obj (.text)
                  0000191c    00000114     rtsv7M4_T_le_v4SPD16_eabi.lib : fputs.c.obj (.text:fputs)
                  00001a30    00000110                                   : s_scalbn.c.obj (.text:scalbn)
                  00001b40    000000fc                                   : fd_mul_t2.asm.obj (.text)
                  00001c3c    000000f4                                   : memory.c.obj (.text:aligned_alloc)
                  00001d30    000000e8                                   : memory.c.obj (.text:free)
                  00001e18    000000dc                                   : setvbuf.c.obj (.text:setvbuf)
                  00001ef4    000000b1                                   : _printfi.c.obj (.text:_ltostr)
                  00001fa5    00000001     --HOLE-- [fill = 0]
                  00001fa6    0000009c                                   : memcpy_t2.asm.obj (.text)
                  00002042    00000096                                   : ull_div_t2.asm.obj (.text)
                  000020d8    0000008c                                   : fputc.c.obj (.text:fputc)
                  00002164    00000086                                   : fd_cmp_t2.asm.obj (.text:__aeabi_cdcmple)
                  000021ea    00000086                                   : fd_cmp_t2.asm.obj (.text:__aeabi_cdrcmple)
                  00002270    0000007c                                   : memory.c.obj (.text:split)
                  000022ec    0000007a                                   : memset_t2.asm.obj (.text)
                  00002366    00000002     --HOLE-- [fill = 0]
                  00002368    00000074                                   : fclose.c.obj (.text:__TI_closefile)
                  000023dc    0000006e                                   : _printfi.c.obj (.text:_mcpy)
                  0000244a    00000002     --HOLE-- [fill = 0]
                  0000244c    00000068                                   : hostlseek.c.obj (.text:HOSTlseek)
                  000024b4    00000068                                   : hostrename.c.obj (.text:HOSTrename)
                  0000251c    00000068                                   : copy_decompress_lzss.c.obj (.text:decompress:lzss:__TI_decompress_lzss)
                  00002584    00000068                                   : printf.c.obj (.text:printf)
                  000025ec    00000064                                   : s_frexp.c.obj (.text:frexp)
                  00002650    00000064                                   : fseek.c.obj (.text:fseek)
                  000026b4    00000062                                   : _io_perm.c.obj (.text:__TI_wrt_ok)
                  00002716    00000002     --HOLE-- [fill = 0]
                  00002718    00000060                                   : hostopen.c.obj (.text:HOSTopen)
                  00002778    0000005c                                   : close.c.obj (.text:close)
                  000027d4    00000058                                   : hostread.c.obj (.text:HOSTread)
                  0000282c    00000058                                   : hostwrite.c.obj (.text:HOSTwrite)
                  00002884    00000056                                   : _printfi.c.obj (.text:_pconv_f)
                  000028da    00000054                                   : ltoa.c.obj (.text:ltoa)
                  0000292e    00000052                                   : _printfi.c.obj (.text:_ecpy)
                  00002980    0000004c                                   : fflush.c.obj (.text:__TI_doflush)
                  000029cc    0000004c                                   : atoi.c.obj (.text:atoi)
                  00002a18    00000048                                   : exit.c.obj (.text:exit)
                  00002a60    00000048                                   : fd_toi_t2.asm.obj (.text)
                  00002aa8    00000044                                   : hostclose.c.obj (.text:HOSTclose)
                  00002aec    00000044                                   : hostunlink.c.obj (.text:HOSTunlink)
                  00002b30    00000044                                   : autoinit.c.obj (.text:__TI_auto_init_nobinit_nopinit:__TI_auto_init_nobinit_nopinit)
                  00002b74    00000044                                   : getdevice.c.obj (.text:getdevice)
                  00002bb8    0000003e                                   : _printfi.c.obj (.text:_fcpy)
                  00002bf6    00000002     --HOLE-- [fill = 0]
                  00002bf8    00000038                                   : trgmsg.c.obj (.text:__TI_writemsg)
                  00002c30    00000036                                   : strncpy.c.obj (.text:strncpy)
                  00002c66    00000002     --HOLE-- [fill = 0]
                  00002c68    00000034                                   : fopen.c.obj (.text:__TI_cleanup)
                  00002c9c    00000034                                   : trgmsg.c.obj (.text:__TI_readmsg)
                  00002cd0    00000034                                   : boot_cortex_m.c.obj (.text:_c_int00_noargs:_c_int00_noargs)
                  00002d04    00000030                                   : getdevice.c.obj (.text:finddevice)
                  00002d34    0000002e                                   : i_tofd_t2.asm.obj (.text)
                  00002d62    00000002     --HOLE-- [fill = 0]
                  00002d64    0000002c                                   : unlink.c.obj (.text:unlink)
                  00002d90    00000028                                   : memory.c.obj (.text:free_list_insert)
                  00002db8    00000028                                   : lseek.c.obj (.text:lseek)
                  00002de0    00000028                                   : write.c.obj (.text:write)
                  00002e08    00000020                                   : memchr.c.obj (.text:memchr)
                  00002e28    0000001c                                   : copy_zero_init.c.obj (.text:decompress:ZI:__TI_zero_init_nomemset:__TI_zero_init_nomemset)
                  00002e44    0000001c                                   : memory.c.obj (.text:free_list_remove)
                  00002e60    0000001c                                   : memccpy.c.obj (.text:memccpy)
                  00002e7c    0000001a                                   : s_copysign.c.obj (.text:copysign)
                  00002e96    00000018                                   : strcmp.c.obj (.text:strcmp)
                  00002eae    00000016                                   : strchr.c.obj (.text:strchr)
                  00002ec4    00000014                                   : strcpy.c.obj (.text:strcpy)
                  00002ed8    00000014                                   : strlen.c.obj (.text:strlen)
                  00002eec    00000012                                   : wcslen.c.obj (.text:wcslen)
                  00002efe    0000000e                                   : copy_decompress_none.c.obj (.text:decompress:none:__TI_decompress_none)
                  00002f0c    0000000e     startup_msp432p401r_ccs.obj (.text)
                  00002f1a    00000002     --HOLE-- [fill = 0]
                  00002f1c    00000008     rtsv7M4_T_le_v4SPD16_eabi.lib : errno.c.obj (.text:__aeabi_errno_addr)
                  00002f24    00000008                                   : memory.c.obj (.text:malloc)
                  00002f2c    00000004                                   : printf.c.obj (.text:_outc)
                  00002f30    00000004                                   : printf.c.obj (.text:_outs)
                  00002f34    00000004                                   : pre_init.c.obj (.text:_system_pre_init)
                  00002f38    00000004                                   : exit.c.obj (.text:abort:abort)

.const     0    00002f3c    00000101     
                  00002f3c    00000101     rtsv7M4_T_le_v4SPD16_eabi.lib : ctype.c.obj (.const:.string:_ctypes_)

.cinit     0    00003040    00000090     
                  00003040    00000069     (.cinit..data.load) [load image, compression = lzss]
                  000030a9    00000003     --HOLE-- [fill = 0]
                  000030ac    0000000c     (__TI_handler_table)
                  000030b8    00000008     (.cinit..bss.load) [load image, compression = zero_init]
                  000030c0    00000010     (__TI_cinit_table)

.init_array 
*          0    00000000    00000000     UNINITIALIZED

.binit     0    00000000    00000000     

.sysmem    0    20000000    00000400     UNINITIALIZED
                  20000000    00000010     rtsv7M4_T_le_v4SPD16_eabi.lib : memory.c.obj (.sysmem)
                  20000010    000003f0     --HOLE--

.data      0    20000400    000001ec     UNINITIALIZED
                  20000400    000000f0     rtsv7M4_T_le_v4SPD16_eabi.lib : defs.c.obj (.data:_ftable)
                  200004f0    00000078                                   : host_device.c.obj (.data:_device)
                  20000568    00000050                                   : host_device.c.obj (.data:_stream)
                  200005b8    00000010                                   : defs.c.obj (.data)
                  200005c8    0000000c                                   : exit.c.obj (.data:$O1$$)
                  200005d4    00000008                                   : _lock.c.obj (.data:$O1$$)
                  200005dc    00000008                                   : memory.c.obj (.data:$O1$$)
                  200005e4    00000004                                   : errno.c.obj (.data)
                  200005e8    00000004     system_msp432p401r.obj (.data)

.bss       0    200005ec    000001d0     UNINITIALIZED
                  200005ec    00000120     rtsv7M4_T_le_v4SPD16_eabi.lib : trgmsg.c.obj (.bss:_CIOBUF_)
                  2000070c    000000a0     (.common:__TI_tmpnams)
                  200007ac    00000008     (.common:parmbuf)
                  200007b4    00000004     (.common:distance_cm)
                  200007b8    00000004     (.common:up_counter)

.stack     0    2000fe00    00000200     UNINITIALIZED
                  2000fe00    00000004     rtsv7M4_T_le_v4SPD16_eabi.lib : boot_cortex_m.c.obj (.stack)
                  2000fe04    000001fc     --HOLE--

MODULE SUMMARY

       Module                        code    ro data   rw data
       ------                        ----    -------   -------
    .\
       system_msp432p401r.obj        820     0         8      
       testMain.obj                  292     0         16     
       startup_msp432p401r_ccs.obj   14      228       0      
    +--+-----------------------------+-------+---------+---------+
       Total:                        1126    228       24     
                                                              
    C:\ti\ccs910\ccs\tools\compiler\ti-cgt-arm_18.12.2.LTS\lib\rtsv7M4_T_le_v4SPD16_eabi.lib
       _printfi.c.obj                4851    0         0      
       defs.c.obj                    0       0         832    
       memory.c.obj                  676     0         16     
       trgmsg.c.obj                  108     0         576    
       fd_add_t2.asm.obj             438     0         0      
       host_device.c.obj             0       0         400    
       fd_div_t2.asm.obj             310     0         0      
       fputs.c.obj                   276     0         0      
       s_scalbn.c.obj                272     0         0      
       fd_cmp_t2.asm.obj             268     0         0      
       ctype.c.obj                   0       257       0      
       fd_mul_t2.asm.obj             252     0         0      
       setvbuf.c.obj                 220     0         0      
       memcpy_t2.asm.obj             156     0         0      
       ull_div_t2.asm.obj            150     0         0      
       fputc.c.obj                   140     0         0      
       memset_t2.asm.obj             122     0         0      
       fclose.c.obj                  116     0         0      
       getdevice.c.obj               116     0         0      
       hostopen.c.obj                96      0         16     
       printf.c.obj                  112     0         0      
       copy_decompress_lzss.c.obj    104     0         0      
       hostlseek.c.obj               104     0         0      
       hostrename.c.obj              104     0         0      
       exit.c.obj                    76      0         24     
       fseek.c.obj                   100     0         0      
       s_frexp.c.obj                 100     0         0      
       _io_perm.c.obj                98      0         0      
       close.c.obj                   92      0         0      
       hostread.c.obj                88      0         0      
       hostwrite.c.obj               88      0         0      
       ltoa.c.obj                    84      0         0      
       atoi.c.obj                    76      0         0      
       fflush.c.obj                  76      0         0      
       fd_toi_t2.asm.obj             72      0         0      
       autoinit.c.obj                68      0         0      
       hostclose.c.obj               68      0         0      
       hostunlink.c.obj              68      0         0      
       strncpy.c.obj                 54      0         0      
       boot_cortex_m.c.obj           52      0         0      
       fopen.c.obj                   52      0         0      
       i_tofd_t2.asm.obj             46      0         0      
       unlink.c.obj                  44      0         0      
       lseek.c.obj                   40      0         0      
       write.c.obj                   40      0         0      
       memchr.c.obj                  32      0         0      
       copy_zero_init.c.obj          28      0         0      
       memccpy.c.obj                 28      0         0      
       s_copysign.c.obj              26      0         0      
       strcmp.c.obj                  24      0         0      
       strchr.c.obj                  22      0         0      
       strcpy.c.obj                  20      0         0      
       strlen.c.obj                  20      0         0      
       _lock.c.obj                   2       0         16     
       wcslen.c.obj                  18      0         0      
       errno.c.obj                   8       0         8      
       copy_decompress_none.c.obj    14      0         0      
       pre_init.c.obj                4       0         0      
       div0.asm.obj                  2       0         0      
    +--+-----------------------------+-------+---------+---------+
       Total:                        10721   257       1888   
                                                              
       Heap:                         0       0         2048   
       Stack:                        0       0         1024   
       Linker Generated:             0       141       0      
    +--+-----------------------------+-------+---------+---------+
       Grand Total:                  11847   626       4984   


LINKER GENERATED COPY TABLES

__TI_cinit_table @ 000030c0 records: 2, size/record: 8, table size: 16
	.data: load addr=00003040, load size=00000069 bytes, run addr=20000400, run size=000001ec bytes, compression=lzss
	.bss: load addr=000030b8, load size=00000008 bytes, run addr=200005ec, run size=000001d0 bytes, compression=zero_init


LINKER GENERATED HANDLER TABLE

__TI_handler_table @ 000030ac records: 3, size/record: 4, table size: 12
	index: 0, handler: __TI_decompress_lzss
	index: 1, handler: __TI_decompress_none
	index: 2, handler: __TI_zero_init


GLOBAL SYMBOLS: SORTED ALPHABETICALLY BY Name 

address   name                           
-------   ----                           
00002f19  ADC14_IRQHandler               
00002f19  AES256_IRQHandler              
00002f19  BusFault_Handler               
00002f39  C$$EXIT                        
00002c27  C$$IO$$                        
00002f19  COMP_E0_IRQHandler             
00002f19  COMP_E1_IRQHandler             
00002f19  CS_IRQHandler                  
00002f19  DMA_ERR_IRQHandler             
00002f19  DMA_INT0_IRQHandler            
00002f19  DMA_INT1_IRQHandler            
00002f19  DMA_INT2_IRQHandler            
00002f19  DMA_INT3_IRQHandler            
00002f19  DebugMon_Handler               
00002f19  Default_Handler                
00002f19  EUSCIA0_IRQHandler             
00002f19  EUSCIA1_IRQHandler             
00002f19  EUSCIA2_IRQHandler             
00002f19  EUSCIA3_IRQHandler             
00002f19  EUSCIB0_IRQHandler             
00002f19  EUSCIB1_IRQHandler             
00002f19  EUSCIB2_IRQHandler             
00002f19  EUSCIB3_IRQHandler             
00002f19  FLCTL_IRQHandler               
00002f19  FPU_IRQHandler                 
00002aa9  HOSTclose                      
0000244d  HOSTlseek                      
00002719  HOSTopen                       
000027d5  HOSTread                       
000024b5  HOSTrename                     
00002aed  HOSTunlink                     
0000282d  HOSTwrite                      
00002f19  HardFault_Handler              
00002f19  MemManage_Handler              
00002f19  NMI_Handler                    
00002f19  PCM_IRQHandler                 
00002f19  PORT1_IRQHandler               
00002f19  PORT2_IRQHandler               
00002f19  PORT3_IRQHandler               
00002f19  PORT4_IRQHandler               
00002f19  PORT5_IRQHandler               
00002f19  PORT6_IRQHandler               
00002f19  PSS_IRQHandler                 
00002f19  PendSV_Handler                 
00002f19  RTC_C_IRQHandler               
00002f0d  Reset_Handler                  
00002f19  SVC_Handler                    
00002f19  SysTick_Handler                
200005e8  SystemCoreClock                
00000b35  SystemCoreClockUpdate          
00000dad  SystemInit                     
00002f19  T32_INT1_IRQHandler            
00002f19  T32_INT2_IRQHandler            
00002f19  T32_INTC_IRQHandler            
00002f19  TA0_0_IRQHandler               
00002f19  TA0_N_IRQHandler               
00002f19  TA1_0_IRQHandler               
00002f19  TA1_N_IRQHandler               
00002f19  TA2_0_IRQHandler               
0000187f  TA2_N_IRQHandler               
0000187f  TA2_N_IRQHandler               
00002f19  TA3_0_IRQHandler               
00002f19  TA3_N_IRQHandler               
00002f19  UsageFault_Handler             
4000480c  WDTCTL_SYM                     
00002f19  WDT_A_IRQHandler               
200005ec  __CIOBUF_                      
20010000  __STACK_END                    
00000200  __STACK_SIZE                   
00000400  __SYSMEM_SIZE                  
000030c0  __TI_CINIT_Base                
000030d0  __TI_CINIT_Limit               
000030ac  __TI_Handler_Table_Base        
000030b8  __TI_Handler_Table_Limit       
00002b31  __TI_auto_init_nobinit_nopinit 
00002c69  __TI_cleanup                   
200005c8  __TI_cleanup_ptr               
00002369  __TI_closefile                 
0000251d  __TI_decompress_lzss           
00002eff  __TI_decompress_none           
00002981  __TI_doflush                   
200005cc  __TI_dtors_ptr                 
200005d0  __TI_enable_exit_profile_output
200005b8  __TI_ft_end                    
ffffffff  __TI_pprof_out_hndl            
000000e5  __TI_printfi                   
ffffffff  __TI_prof_data_size            
ffffffff  __TI_prof_data_start           
00002c9d  __TI_readmsg                   
00000000  __TI_static_base__             
2000070c  __TI_tmpnams                   
00002bf9  __TI_writemsg                  
000026b5  __TI_wrt_ok                    
00002e29  __TI_zero_init_nomemset        
00002165  __aeabi_cdcmpeq                
00002165  __aeabi_cdcmple                
000021eb  __aeabi_cdrcmple               
00002a61  __aeabi_d2iz                   
000012b3  __aeabi_dadd                   
0000159d  __aeabi_ddiv                   
00001b41  __aeabi_dmul                   
000012a9  __aeabi_dsub                   
00002f1d  __aeabi_errno_addr             
00002d35  __aeabi_i2d                    
0000145f  __aeabi_idiv0                  
0000145f  __aeabi_ldiv0                  
000022ed  __aeabi_memclr                 
000022ed  __aeabi_memclr4                
000022ed  __aeabi_memclr8                
00001fa7  __aeabi_memcpy                 
00001fa7  __aeabi_memcpy4                
00001fa7  __aeabi_memcpy8                
000022ef  __aeabi_memset                 
000022ef  __aeabi_memset4                
000022ef  __aeabi_memset8                
200005c4  __aeabi_stderr                 
200005bc  __aeabi_stdin                  
200005c0  __aeabi_stdout                 
00002043  __aeabi_uldivmod               
ffffffff  __binit__                      
ffffffff  __c_args__                     
UNDEFED   __mpu_init                     
2000fe00  __stack                        
00002cd1  _c_int00_noargs                
00002f3c  _ctypes_                       
200004f0  _device                        
20000400  _ftable                        
200005d4  _lock                          
00000b33  _nop                           
20000568  _stream                        
20000000  _sys_memory                    
UNDEFED   _system_post_cinit             
00002f35  _system_pre_init               
200005d8  _unlock                        
00002f39  abort                          
00001c3d  aligned_alloc                  
000029cd  atoi                           
ffffffff  binit                          
00002779  close                          
00002e7d  copysign                       
00002e7d  copysignl                      
200007b4  distance_cm                    
200005e4  errno                          
00002a19  exit                           
00002d05  finddevice                     
000020d9  fputc                          
0000191d  fputs                          
00001d31  free                           
000025ed  frexp                          
000025ed  frexpl                         
00002651  fseek                          
00002b75  getdevice                      
00000000  interruptVectors               
00001a31  ldexp                          
00001a31  ldexpl                         
00002db9  lseek                          
000028db  ltoa                           
000017f9  main                           
00002f25  malloc                         
00001c3d  memalign                       
00002e61  memccpy                        
00002e09  memchr                         
00001fa7  memcpy                         
000022f5  memset                         
200007ac  parmbuf                        
00002585  printf                         
000020d9  putc                           
00002d65  remove                         
00001a31  scalbn                         
00001a31  scalbnl                        
00001e19  setvbuf                        
00002eaf  strchr                         
00002e97  strcmp                         
00002ec5  strcpy                         
00002ed9  strlen                         
00002c31  strncpy                        
00002d65  unlink                         
200007b8  up_counter                     
00002eed  wcslen                         
00002de1  write                          


GLOBAL SYMBOLS: SORTED BY Symbol Address 

address   name                           
-------   ----                           
00000000  __TI_static_base__             
00000000  interruptVectors               
000000e5  __TI_printfi                   
00000200  __STACK_SIZE                   
00000400  __SYSMEM_SIZE                  
00000b33  _nop                           
00000b35  SystemCoreClockUpdate          
00000dad  SystemInit                     
000012a9  __aeabi_dsub                   
000012b3  __aeabi_dadd                   
0000145f  __aeabi_idiv0                  
0000145f  __aeabi_ldiv0                  
0000159d  __aeabi_ddiv                   
000017f9  main                           
0000187f  TA2_N_IRQHandler               
0000187f  TA2_N_IRQHandler               
0000191d  fputs                          
00001a31  ldexp                          
00001a31  ldexpl                         
00001a31  scalbn                         
00001a31  scalbnl                        
00001b41  __aeabi_dmul                   
00001c3d  aligned_alloc                  
00001c3d  memalign                       
00001d31  free                           
00001e19  setvbuf                        
00001fa7  __aeabi_memcpy                 
00001fa7  __aeabi_memcpy4                
00001fa7  __aeabi_memcpy8                
00001fa7  memcpy                         
00002043  __aeabi_uldivmod               
000020d9  fputc                          
000020d9  putc                           
00002165  __aeabi_cdcmpeq                
00002165  __aeabi_cdcmple                
000021eb  __aeabi_cdrcmple               
000022ed  __aeabi_memclr                 
000022ed  __aeabi_memclr4                
000022ed  __aeabi_memclr8                
000022ef  __aeabi_memset                 
000022ef  __aeabi_memset4                
000022ef  __aeabi_memset8                
000022f5  memset                         
00002369  __TI_closefile                 
0000244d  HOSTlseek                      
000024b5  HOSTrename                     
0000251d  __TI_decompress_lzss           
00002585  printf                         
000025ed  frexp                          
000025ed  frexpl                         
00002651  fseek                          
000026b5  __TI_wrt_ok                    
00002719  HOSTopen                       
00002779  close                          
000027d5  HOSTread                       
0000282d  HOSTwrite                      
000028db  ltoa                           
00002981  __TI_doflush                   
000029cd  atoi                           
00002a19  exit                           
00002a61  __aeabi_d2iz                   
00002aa9  HOSTclose                      
00002aed  HOSTunlink                     
00002b31  __TI_auto_init_nobinit_nopinit 
00002b75  getdevice                      
00002bf9  __TI_writemsg                  
00002c27  C$$IO$$                        
00002c31  strncpy                        
00002c69  __TI_cleanup                   
00002c9d  __TI_readmsg                   
00002cd1  _c_int00_noargs                
00002d05  finddevice                     
00002d35  __aeabi_i2d                    
00002d65  remove                         
00002d65  unlink                         
00002db9  lseek                          
00002de1  write                          
00002e09  memchr                         
00002e29  __TI_zero_init_nomemset        
00002e61  memccpy                        
00002e7d  copysign                       
00002e7d  copysignl                      
00002e97  strcmp                         
00002eaf  strchr                         
00002ec5  strcpy                         
00002ed9  strlen                         
00002eed  wcslen                         
00002eff  __TI_decompress_none           
00002f0d  Reset_Handler                  
00002f19  ADC14_IRQHandler               
00002f19  AES256_IRQHandler              
00002f19  BusFault_Handler               
00002f19  COMP_E0_IRQHandler             
00002f19  COMP_E1_IRQHandler             
00002f19  CS_IRQHandler                  
00002f19  DMA_ERR_IRQHandler             
00002f19  DMA_INT0_IRQHandler            
00002f19  DMA_INT1_IRQHandler            
00002f19  DMA_INT2_IRQHandler            
00002f19  DMA_INT3_IRQHandler            
00002f19  DebugMon_Handler               
00002f19  Default_Handler                
00002f19  EUSCIA0_IRQHandler             
00002f19  EUSCIA1_IRQHandler             
00002f19  EUSCIA2_IRQHandler             
00002f19  EUSCIA3_IRQHandler             
00002f19  EUSCIB0_IRQHandler             
00002f19  EUSCIB1_IRQHandler             
00002f19  EUSCIB2_IRQHandler             
00002f19  EUSCIB3_IRQHandler             
00002f19  FLCTL_IRQHandler               
00002f19  FPU_IRQHandler                 
00002f19  HardFault_Handler              
00002f19  MemManage_Handler              
00002f19  NMI_Handler                    
00002f19  PCM_IRQHandler                 
00002f19  PORT1_IRQHandler               
00002f19  PORT2_IRQHandler               
00002f19  PORT3_IRQHandler               
00002f19  PORT4_IRQHandler               
00002f19  PORT5_IRQHandler               
00002f19  PORT6_IRQHandler               
00002f19  PSS_IRQHandler                 
00002f19  PendSV_Handler                 
00002f19  RTC_C_IRQHandler               
00002f19  SVC_Handler                    
00002f19  SysTick_Handler                
00002f19  T32_INT1_IRQHandler            
00002f19  T32_INT2_IRQHandler            
00002f19  T32_INTC_IRQHandler            
00002f19  TA0_0_IRQHandler               
00002f19  TA0_N_IRQHandler               
00002f19  TA1_0_IRQHandler               
00002f19  TA1_N_IRQHandler               
00002f19  TA2_0_IRQHandler               
00002f19  TA3_0_IRQHandler               
00002f19  TA3_N_IRQHandler               
00002f19  UsageFault_Handler             
00002f19  WDT_A_IRQHandler               
00002f1d  __aeabi_errno_addr             
00002f25  malloc                         
00002f35  _system_pre_init               
00002f39  C$$EXIT                        
00002f39  abort                          
00002f3c  _ctypes_                       
000030ac  __TI_Handler_Table_Base        
000030b8  __TI_Handler_Table_Limit       
000030c0  __TI_CINIT_Base                
000030d0  __TI_CINIT_Limit               
20000000  _sys_memory                    
20000400  _ftable                        
200004f0  _device                        
20000568  _stream                        
200005b8  __TI_ft_end                    
200005bc  __aeabi_stdin                  
200005c0  __aeabi_stdout                 
200005c4  __aeabi_stderr                 
200005c8  __TI_cleanup_ptr               
200005cc  __TI_dtors_ptr                 
200005d0  __TI_enable_exit_profile_output
200005d4  _lock                          
200005d8  _unlock                        
200005e4  errno                          
200005e8  SystemCoreClock                
200005ec  __CIOBUF_                      
2000070c  __TI_tmpnams                   
200007ac  parmbuf                        
200007b4  distance_cm                    
200007b8  up_counter                     
2000fe00  __stack                        
20010000  __STACK_END                    
4000480c  WDTCTL_SYM                     
ffffffff  __TI_pprof_out_hndl            
ffffffff  __TI_prof_data_size            
ffffffff  __TI_prof_data_start           
ffffffff  __binit__                      
ffffffff  __c_args__                     
ffffffff  binit                          
UNDEFED   __mpu_init                     
UNDEFED   _system_post_cinit             

[180 symbols]
