******************************************************************************
                  TI ARM Linker PC v18.12.2                    
******************************************************************************
>> Linked Fri Nov  1 11:57:43 2019

OUTPUT FILE NAME:   <Ultrasonic_sensor(T_T).out>
ENTRY POINT SYMBOL: "_c_int00_noargs"  address: 00002cfd


MEMORY CONFIGURATION

         name            origin    length      used     unused   attr    fill
----------------------  --------  ---------  --------  --------  ----  --------
  MAIN                  00000000   00040000  000030f9  0003cf07  R  X
  INFO                  00200000   00004000  00000000  00004000  R  X
  SRAM_CODE             01000000   00010000  000009bc  0000f644  RW X
  SRAM_DATA             20000000   00010000  000009bc  0000f644  RW  


SEGMENT ALLOCATION MAP

run origin  load origin   length   init length attrs members
----------  ----------- ---------- ----------- ----- -------
00000000    00000000    00003100   00003100    r-x
  00000000    00000000    000000e4   000000e4    r-- .intvecs
  000000e4    000000e4    00002e84   00002e84    r-x .text
  00002f68    00002f68    00000101   00000101    r-- .const
  00003070    00003070    00000090   00000090    r-- .cinit
20000000    20000000    000007bc   00000000    rw-
  20000000    20000000    00000400   00000000    rw- .sysmem
  20000400    20000400    000001ec   00000000    rw- .data
  200005ec    200005ec    000001d0   00000000    rw- .bss
2000fe00    2000fe00    00000200   00000000    rw-
  2000fe00    2000fe00    00000200   00000000    rw- .stack


SECTION ALLOCATION MAP

 output                                  attributes/
section   page    origin      length       input sections
--------  ----  ----------  ----------   ----------------
.intvecs   0    00000000    000000e4     
                  00000000    000000e4     startup_msp432p401r_ccs.obj (.intvecs:retain)

.text      0    000000e4    00002e84     
                  000000e4    00000a4e     rtsv7M4_T_le_v4SPD16_eabi.lib : _printfi.c.obj (.text:__TI_printfi)
                  00000b32    00000002                                   : _lock.c.obj (.text:_nop)
                  00000b34    00000334     system_msp432p401r.obj (.text)
                  00000e68    00000270     rtsv7M4_T_le_v4SPD16_eabi.lib : _printfi.c.obj (.text:_pconv_a)
                  000010d8    000001d0                                   : _printfi.c.obj (.text:_pconv_g)
                  000012a8    000001b6                                   : fd_add_t2.asm.obj (.text)
                  0000145e    00000002                                   : div0.asm.obj (.text)
                  00001460    00000150     testMain.obj (.text)
                  000015b0    0000013c     rtsv7M4_T_le_v4SPD16_eabi.lib : _printfi.c.obj (.text:_pconv_e)
                  000016ec    00000136                                   : fd_div_t2.asm.obj (.text)
                  00001822    00000002     --HOLE-- [fill = 0]
                  00001824    00000124                                   : _printfi.c.obj (.text:fcvt)
                  00001948    00000114                                   : fputs.c.obj (.text:fputs)
                  00001a5c    00000110                                   : s_scalbn.c.obj (.text:scalbn)
                  00001b6c    000000fc                                   : fd_mul_t2.asm.obj (.text)
                  00001c68    000000f4                                   : memory.c.obj (.text:aligned_alloc)
                  00001d5c    000000e8                                   : memory.c.obj (.text:free)
                  00001e44    000000dc                                   : setvbuf.c.obj (.text:setvbuf)
                  00001f20    000000b1                                   : _printfi.c.obj (.text:_ltostr)
                  00001fd1    00000001     --HOLE-- [fill = 0]
                  00001fd2    0000009c                                   : memcpy_t2.asm.obj (.text)
                  0000206e    00000096                                   : ull_div_t2.asm.obj (.text)
                  00002104    0000008c                                   : fputc.c.obj (.text:fputc)
                  00002190    00000086                                   : fd_cmp_t2.asm.obj (.text:__aeabi_cdcmple)
                  00002216    00000086                                   : fd_cmp_t2.asm.obj (.text:__aeabi_cdrcmple)
                  0000229c    0000007c                                   : memory.c.obj (.text:split)
                  00002318    0000007a                                   : memset_t2.asm.obj (.text)
                  00002392    00000002     --HOLE-- [fill = 0]
                  00002394    00000074                                   : fclose.c.obj (.text:__TI_closefile)
                  00002408    0000006e                                   : _printfi.c.obj (.text:_mcpy)
                  00002476    00000002     --HOLE-- [fill = 0]
                  00002478    00000068                                   : hostlseek.c.obj (.text:HOSTlseek)
                  000024e0    00000068                                   : hostrename.c.obj (.text:HOSTrename)
                  00002548    00000068                                   : copy_decompress_lzss.c.obj (.text:decompress:lzss:__TI_decompress_lzss)
                  000025b0    00000068                                   : printf.c.obj (.text:printf)
                  00002618    00000064                                   : s_frexp.c.obj (.text:frexp)
                  0000267c    00000064                                   : fseek.c.obj (.text:fseek)
                  000026e0    00000062                                   : _io_perm.c.obj (.text:__TI_wrt_ok)
                  00002742    00000002     --HOLE-- [fill = 0]
                  00002744    00000060                                   : hostopen.c.obj (.text:HOSTopen)
                  000027a4    0000005c                                   : close.c.obj (.text:close)
                  00002800    00000058                                   : hostread.c.obj (.text:HOSTread)
                  00002858    00000058                                   : hostwrite.c.obj (.text:HOSTwrite)
                  000028b0    00000056                                   : _printfi.c.obj (.text:_pconv_f)
                  00002906    00000054                                   : ltoa.c.obj (.text:ltoa)
                  0000295a    00000052                                   : _printfi.c.obj (.text:_ecpy)
                  000029ac    0000004c                                   : fflush.c.obj (.text:__TI_doflush)
                  000029f8    0000004c                                   : atoi.c.obj (.text:atoi)
                  00002a44    00000048                                   : exit.c.obj (.text:exit)
                  00002a8c    00000048                                   : fd_toi_t2.asm.obj (.text)
                  00002ad4    00000044                                   : hostclose.c.obj (.text:HOSTclose)
                  00002b18    00000044                                   : hostunlink.c.obj (.text:HOSTunlink)
                  00002b5c    00000044                                   : autoinit.c.obj (.text:__TI_auto_init_nobinit_nopinit:__TI_auto_init_nobinit_nopinit)
                  00002ba0    00000044                                   : getdevice.c.obj (.text:getdevice)
                  00002be4    0000003e                                   : _printfi.c.obj (.text:_fcpy)
                  00002c22    00000002     --HOLE-- [fill = 0]
                  00002c24    00000038                                   : trgmsg.c.obj (.text:__TI_writemsg)
                  00002c5c    00000036                                   : strncpy.c.obj (.text:strncpy)
                  00002c92    00000002     --HOLE-- [fill = 0]
                  00002c94    00000034                                   : fopen.c.obj (.text:__TI_cleanup)
                  00002cc8    00000034                                   : trgmsg.c.obj (.text:__TI_readmsg)
                  00002cfc    00000034                                   : boot_cortex_m.c.obj (.text:_c_int00_noargs:_c_int00_noargs)
                  00002d30    00000030                                   : getdevice.c.obj (.text:finddevice)
                  00002d60    0000002e                                   : i_tofd_t2.asm.obj (.text)
                  00002d8e    00000002     --HOLE-- [fill = 0]
                  00002d90    0000002c                                   : unlink.c.obj (.text:unlink)
                  00002dbc    00000028                                   : memory.c.obj (.text:free_list_insert)
                  00002de4    00000028                                   : lseek.c.obj (.text:lseek)
                  00002e0c    00000028                                   : write.c.obj (.text:write)
                  00002e34    00000020                                   : memchr.c.obj (.text:memchr)
                  00002e54    0000001c                                   : copy_zero_init.c.obj (.text:decompress:ZI:__TI_zero_init_nomemset:__TI_zero_init_nomemset)
                  00002e70    0000001c                                   : memory.c.obj (.text:free_list_remove)
                  00002e8c    0000001c                                   : memccpy.c.obj (.text:memccpy)
                  00002ea8    0000001a                                   : s_copysign.c.obj (.text:copysign)
                  00002ec2    00000018                                   : strcmp.c.obj (.text:strcmp)
                  00002eda    00000016                                   : strchr.c.obj (.text:strchr)
                  00002ef0    00000014                                   : strcpy.c.obj (.text:strcpy)
                  00002f04    00000014                                   : strlen.c.obj (.text:strlen)
                  00002f18    00000012                                   : wcslen.c.obj (.text:wcslen)
                  00002f2a    0000000e                                   : copy_decompress_none.c.obj (.text:decompress:none:__TI_decompress_none)
                  00002f38    0000000e     startup_msp432p401r_ccs.obj (.text)
                  00002f46    00000002     --HOLE-- [fill = 0]
                  00002f48    00000008     rtsv7M4_T_le_v4SPD16_eabi.lib : errno.c.obj (.text:__aeabi_errno_addr)
                  00002f50    00000008                                   : memory.c.obj (.text:malloc)
                  00002f58    00000004                                   : printf.c.obj (.text:_outc)
                  00002f5c    00000004                                   : printf.c.obj (.text:_outs)
                  00002f60    00000004                                   : pre_init.c.obj (.text:_system_pre_init)
                  00002f64    00000004                                   : exit.c.obj (.text:abort:abort)

.const     0    00002f68    00000101     
                  00002f68    00000101     rtsv7M4_T_le_v4SPD16_eabi.lib : ctype.c.obj (.const:.string:_ctypes_)

.cinit     0    00003070    00000090     
                  00003070    00000069     (.cinit..data.load) [load image, compression = lzss]
                  000030d9    00000003     --HOLE-- [fill = 0]
                  000030dc    0000000c     (__TI_handler_table)
                  000030e8    00000008     (.cinit..bss.load) [load image, compression = zero_init]
                  000030f0    00000010     (__TI_cinit_table)

.init_array 
*          0    00000000    00000000     UNINITIALIZED

.binit     0    00000000    00000000     

.sysmem    0    20000000    00000400     UNINITIALIZED
                  20000000    00000010     rtsv7M4_T_le_v4SPD16_eabi.lib : memory.c.obj (.sysmem)
                  20000010    000003f0     --HOLE--

.data      0    20000400    000001ec     UNINITIALIZED
                  20000400    000000f0     rtsv7M4_T_le_v4SPD16_eabi.lib : defs.c.obj (.data:_ftable)
                  200004f0    00000078                                   : host_device.c.obj (.data:_device)
                  20000568    00000050                                   : host_device.c.obj (.data:_stream)
                  200005b8    00000010                                   : defs.c.obj (.data)
                  200005c8    0000000c                                   : exit.c.obj (.data:$O1$$)
                  200005d4    00000008                                   : _lock.c.obj (.data:$O1$$)
                  200005dc    00000008                                   : memory.c.obj (.data:$O1$$)
                  200005e4    00000004                                   : errno.c.obj (.data)
                  200005e8    00000004     system_msp432p401r.obj (.data)

.bss       0    200005ec    000001d0     UNINITIALIZED
                  200005ec    00000120     rtsv7M4_T_le_v4SPD16_eabi.lib : trgmsg.c.obj (.bss:_CIOBUF_)
                  2000070c    000000a0     (.common:__TI_tmpnams)
                  200007ac    00000008     (.common:parmbuf)
                  200007b4    00000004     (.common:distance_cm)
                  200007b8    00000004     (.common:up_counter)

.stack     0    2000fe00    00000200     UNINITIALIZED
                  2000fe00    00000004     rtsv7M4_T_le_v4SPD16_eabi.lib : boot_cortex_m.c.obj (.stack)
                  2000fe04    000001fc     --HOLE--

MODULE SUMMARY

       Module                        code    ro data   rw data
       ------                        ----    -------   -------
    .\
       system_msp432p401r.obj        820     0         8      
       testMain.obj                  336     0         16     
       startup_msp432p401r_ccs.obj   14      228       0      
    +--+-----------------------------+-------+---------+---------+
       Total:                        1170    228       24     
                                                              
    C:\ti\ccs910\ccs\tools\compiler\ti-cgt-arm_18.12.2.LTS\lib\rtsv7M4_T_le_v4SPD16_eabi.lib
       _printfi.c.obj                4851    0         0      
       defs.c.obj                    0       0         832    
       memory.c.obj                  676     0         16     
       trgmsg.c.obj                  108     0         576    
       fd_add_t2.asm.obj             438     0         0      
       host_device.c.obj             0       0         400    
       fd_div_t2.asm.obj             310     0         0      
       fputs.c.obj                   276     0         0      
       s_scalbn.c.obj                272     0         0      
       fd_cmp_t2.asm.obj             268     0         0      
       ctype.c.obj                   0       257       0      
       fd_mul_t2.asm.obj             252     0         0      
       setvbuf.c.obj                 220     0         0      
       memcpy_t2.asm.obj             156     0         0      
       ull_div_t2.asm.obj            150     0         0      
       fputc.c.obj                   140     0         0      
       memset_t2.asm.obj             122     0         0      
       fclose.c.obj                  116     0         0      
       getdevice.c.obj               116     0         0      
       hostopen.c.obj                96      0         16     
       printf.c.obj                  112     0         0      
       copy_decompress_lzss.c.obj    104     0         0      
       hostlseek.c.obj               104     0         0      
       hostrename.c.obj              104     0         0      
       exit.c.obj                    76      0         24     
       fseek.c.obj                   100     0         0      
       s_frexp.c.obj                 100     0         0      
       _io_perm.c.obj                98      0         0      
       close.c.obj                   92      0         0      
       hostread.c.obj                88      0         0      
       hostwrite.c.obj               88      0         0      
       ltoa.c.obj                    84      0         0      
       atoi.c.obj                    76      0         0      
       fflush.c.obj                  76      0         0      
       fd_toi_t2.asm.obj             72      0         0      
       autoinit.c.obj                68      0         0      
       hostclose.c.obj               68      0         0      
       hostunlink.c.obj              68      0         0      
       strncpy.c.obj                 54      0         0      
       boot_cortex_m.c.obj           52      0         0      
       fopen.c.obj                   52      0         0      
       i_tofd_t2.asm.obj             46      0         0      
       unlink.c.obj                  44      0         0      
       lseek.c.obj                   40      0         0      
       write.c.obj                   40      0         0      
       memchr.c.obj                  32      0         0      
       copy_zero_init.c.obj          28      0         0      
       memccpy.c.obj                 28      0         0      
       s_copysign.c.obj              26      0         0      
       strcmp.c.obj                  24      0         0      
       strchr.c.obj                  22      0         0      
       strcpy.c.obj                  20      0         0      
       strlen.c.obj                  20      0         0      
       _lock.c.obj                   2       0         16     
       wcslen.c.obj                  18      0         0      
       errno.c.obj                   8       0         8      
       copy_decompress_none.c.obj    14      0         0      
       pre_init.c.obj                4       0         0      
       div0.asm.obj                  2       0         0      
    +--+-----------------------------+-------+---------+---------+
       Total:                        10721   257       1888   
                                                              
       Heap:                         0       0         2048   
       Stack:                        0       0         1024   
       Linker Generated:             0       141       0      
    +--+-----------------------------+-------+---------+---------+
       Grand Total:                  11891   626       4984   


LINKER GENERATED COPY TABLES

__TI_cinit_table @ 000030f0 records: 2, size/record: 8, table size: 16
	.data: load addr=00003070, load size=00000069 bytes, run addr=20000400, run size=000001ec bytes, compression=lzss
	.bss: load addr=000030e8, load size=00000008 bytes, run addr=200005ec, run size=000001d0 bytes, compression=zero_init


LINKER GENERATED HANDLER TABLE

__TI_handler_table @ 000030dc records: 3, size/record: 4, table size: 12
	index: 0, handler: __TI_decompress_lzss
	index: 1, handler: __TI_decompress_none
	index: 2, handler: __TI_zero_init


GLOBAL SYMBOLS: SORTED ALPHABETICALLY BY Name 

address   name                           
-------   ----                           
00002f45  ADC14_IRQHandler               
00002f45  AES256_IRQHandler              
00002f45  BusFault_Handler               
00002f65  C$$EXIT                        
00002c53  C$$IO$$                        
00002f45  COMP_E0_IRQHandler             
00002f45  COMP_E1_IRQHandler             
00002f45  CS_IRQHandler                  
00002f45  DMA_ERR_IRQHandler             
00002f45  DMA_INT0_IRQHandler            
00002f45  DMA_INT1_IRQHandler            
00002f45  DMA_INT2_IRQHandler            
00002f45  DMA_INT3_IRQHandler            
00002f45  DebugMon_Handler               
00002f45  Default_Handler                
00002f45  EUSCIA0_IRQHandler             
00002f45  EUSCIA1_IRQHandler             
00002f45  EUSCIA2_IRQHandler             
00002f45  EUSCIA3_IRQHandler             
00002f45  EUSCIB0_IRQHandler             
00002f45  EUSCIB1_IRQHandler             
00002f45  EUSCIB2_IRQHandler             
00002f45  EUSCIB3_IRQHandler             
00002f45  FLCTL_IRQHandler               
00002f45  FPU_IRQHandler                 
00002ad5  HOSTclose                      
00002479  HOSTlseek                      
00002745  HOSTopen                       
00002801  HOSTread                       
000024e1  HOSTrename                     
00002b19  HOSTunlink                     
00002859  HOSTwrite                      
00002f45  HardFault_Handler              
00002f45  MemManage_Handler              
00002f45  NMI_Handler                    
00002f45  PCM_IRQHandler                 
00002f45  PORT1_IRQHandler               
000014c5  PORT2_IRQHandler               
000014c5  PORT2_IRQHandler               
00002f45  PORT3_IRQHandler               
00002f45  PORT4_IRQHandler               
00002f45  PORT5_IRQHandler               
00002f45  PORT6_IRQHandler               
00002f45  PSS_IRQHandler                 
00002f45  PendSV_Handler                 
00002f45  RTC_C_IRQHandler               
00002f39  Reset_Handler                  
00002f45  SVC_Handler                    
00002f45  SysTick_Handler                
200005e8  SystemCoreClock                
00000b35  SystemCoreClockUpdate          
00000dad  SystemInit                     
00002f45  T32_INT1_IRQHandler            
00002f45  T32_INT2_IRQHandler            
00002f45  T32_INTC_IRQHandler            
00002f45  TA0_0_IRQHandler               
00002f45  TA0_N_IRQHandler               
00002f45  TA1_0_IRQHandler               
00002f45  TA1_N_IRQHandler               
00002f45  TA2_0_IRQHandler               
00002f45  TA2_N_IRQHandler               
00002f45  TA3_0_IRQHandler               
00002f45  TA3_N_IRQHandler               
00002f45  UsageFault_Handler             
4000480c  WDTCTL_SYM                     
00002f45  WDT_A_IRQHandler               
200005ec  __CIOBUF_                      
20010000  __STACK_END                    
00000200  __STACK_SIZE                   
00000400  __SYSMEM_SIZE                  
000030f0  __TI_CINIT_Base                
00003100  __TI_CINIT_Limit               
000030dc  __TI_Handler_Table_Base        
000030e8  __TI_Handler_Table_Limit       
00002b5d  __TI_auto_init_nobinit_nopinit 
00002c95  __TI_cleanup                   
200005c8  __TI_cleanup_ptr               
00002395  __TI_closefile                 
00002549  __TI_decompress_lzss           
00002f2b  __TI_decompress_none           
000029ad  __TI_doflush                   
200005cc  __TI_dtors_ptr                 
200005d0  __TI_enable_exit_profile_output
200005b8  __TI_ft_end                    
ffffffff  __TI_pprof_out_hndl            
000000e5  __TI_printfi                   
ffffffff  __TI_prof_data_size            
ffffffff  __TI_prof_data_start           
00002cc9  __TI_readmsg                   
00000000  __TI_static_base__             
2000070c  __TI_tmpnams                   
00002c25  __TI_writemsg                  
000026e1  __TI_wrt_ok                    
00002e55  __TI_zero_init_nomemset        
00002191  __aeabi_cdcmpeq                
00002191  __aeabi_cdcmple                
00002217  __aeabi_cdrcmple               
00002a8d  __aeabi_d2iz                   
000012b3  __aeabi_dadd                   
000016ed  __aeabi_ddiv                   
00001b6d  __aeabi_dmul                   
000012a9  __aeabi_dsub                   
00002f49  __aeabi_errno_addr             
00002d61  __aeabi_i2d                    
0000145f  __aeabi_idiv0                  
0000145f  __aeabi_ldiv0                  
00002319  __aeabi_memclr                 
00002319  __aeabi_memclr4                
00002319  __aeabi_memclr8                
00001fd3  __aeabi_memcpy                 
00001fd3  __aeabi_memcpy4                
00001fd3  __aeabi_memcpy8                
0000231b  __aeabi_memset                 
0000231b  __aeabi_memset4                
0000231b  __aeabi_memset8                
200005c4  __aeabi_stderr                 
200005bc  __aeabi_stdin                  
200005c0  __aeabi_stdout                 
0000206f  __aeabi_uldivmod               
ffffffff  __binit__                      
ffffffff  __c_args__                     
UNDEFED   __mpu_init                     
2000fe00  __stack                        
00002cfd  _c_int00_noargs                
00002f68  _ctypes_                       
200004f0  _device                        
20000400  _ftable                        
200005d4  _lock                          
00000b33  _nop                           
20000568  _stream                        
20000000  _sys_memory                    
UNDEFED   _system_post_cinit             
00002f61  _system_pre_init               
200005d8  _unlock                        
00002f65  abort                          
00001c69  aligned_alloc                  
000029f9  atoi                           
ffffffff  binit                          
000027a5  close                          
00002ea9  copysign                       
00002ea9  copysignl                      
200007b4  distance_cm                    
200005e4  errno                          
00002a45  exit                           
00002d31  finddevice                     
00002105  fputc                          
00001949  fputs                          
00001d5d  free                           
00002619  frexp                          
00002619  frexpl                         
0000267d  fseek                          
00002ba1  getdevice                      
00000000  interruptVectors               
00001a5d  ldexp                          
00001a5d  ldexpl                         
00002de5  lseek                          
00002907  ltoa                           
00001461  main                           
00002f51  malloc                         
00001c69  memalign                       
00002e8d  memccpy                        
00002e35  memchr                         
00001fd3  memcpy                         
00002321  memset                         
200007ac  parmbuf                        
000025b1  printf                         
00002105  putc                           
00002d91  remove                         
00001a5d  scalbn                         
00001a5d  scalbnl                        
00001e45  setvbuf                        
00002edb  strchr                         
00002ec3  strcmp                         
00002ef1  strcpy                         
00002f05  strlen                         
00002c5d  strncpy                        
00001521  trigger                        
00002d91  unlink                         
200007b8  up_counter                     
00002f19  wcslen                         
00002e0d  write                          


GLOBAL SYMBOLS: SORTED BY Symbol Address 

address   name                           
-------   ----                           
00000000  __TI_static_base__             
00000000  interruptVectors               
000000e5  __TI_printfi                   
00000200  __STACK_SIZE                   
00000400  __SYSMEM_SIZE                  
00000b33  _nop                           
00000b35  SystemCoreClockUpdate          
00000dad  SystemInit                     
000012a9  __aeabi_dsub                   
000012b3  __aeabi_dadd                   
0000145f  __aeabi_idiv0                  
0000145f  __aeabi_ldiv0                  
00001461  main                           
000014c5  PORT2_IRQHandler               
000014c5  PORT2_IRQHandler               
00001521  trigger                        
000016ed  __aeabi_ddiv                   
00001949  fputs                          
00001a5d  ldexp                          
00001a5d  ldexpl                         
00001a5d  scalbn                         
00001a5d  scalbnl                        
00001b6d  __aeabi_dmul                   
00001c69  aligned_alloc                  
00001c69  memalign                       
00001d5d  free                           
00001e45  setvbuf                        
00001fd3  __aeabi_memcpy                 
00001fd3  __aeabi_memcpy4                
00001fd3  __aeabi_memcpy8                
00001fd3  memcpy                         
0000206f  __aeabi_uldivmod               
00002105  fputc                          
00002105  putc                           
00002191  __aeabi_cdcmpeq                
00002191  __aeabi_cdcmple                
00002217  __aeabi_cdrcmple               
00002319  __aeabi_memclr                 
00002319  __aeabi_memclr4                
00002319  __aeabi_memclr8                
0000231b  __aeabi_memset                 
0000231b  __aeabi_memset4                
0000231b  __aeabi_memset8                
00002321  memset                         
00002395  __TI_closefile                 
00002479  HOSTlseek                      
000024e1  HOSTrename                     
00002549  __TI_decompress_lzss           
000025b1  printf                         
00002619  frexp                          
00002619  frexpl                         
0000267d  fseek                          
000026e1  __TI_wrt_ok                    
00002745  HOSTopen                       
000027a5  close                          
00002801  HOSTread                       
00002859  HOSTwrite                      
00002907  ltoa                           
000029ad  __TI_doflush                   
000029f9  atoi                           
00002a45  exit                           
00002a8d  __aeabi_d2iz                   
00002ad5  HOSTclose                      
00002b19  HOSTunlink                     
00002b5d  __TI_auto_init_nobinit_nopinit 
00002ba1  getdevice                      
00002c25  __TI_writemsg                  
00002c53  C$$IO$$                        
00002c5d  strncpy                        
00002c95  __TI_cleanup                   
00002cc9  __TI_readmsg                   
00002cfd  _c_int00_noargs                
00002d31  finddevice                     
00002d61  __aeabi_i2d                    
00002d91  remove                         
00002d91  unlink                         
00002de5  lseek                          
00002e0d  write                          
00002e35  memchr                         
00002e55  __TI_zero_init_nomemset        
00002e8d  memccpy                        
00002ea9  copysign                       
00002ea9  copysignl                      
00002ec3  strcmp                         
00002edb  strchr                         
00002ef1  strcpy                         
00002f05  strlen                         
00002f19  wcslen                         
00002f2b  __TI_decompress_none           
00002f39  Reset_Handler                  
00002f45  ADC14_IRQHandler               
00002f45  AES256_IRQHandler              
00002f45  BusFault_Handler               
00002f45  COMP_E0_IRQHandler             
00002f45  COMP_E1_IRQHandler             
00002f45  CS_IRQHandler                  
00002f45  DMA_ERR_IRQHandler             
00002f45  DMA_INT0_IRQHandler            
00002f45  DMA_INT1_IRQHandler            
00002f45  DMA_INT2_IRQHandler            
00002f45  DMA_INT3_IRQHandler            
00002f45  DebugMon_Handler               
00002f45  Default_Handler                
00002f45  EUSCIA0_IRQHandler             
00002f45  EUSCIA1_IRQHandler             
00002f45  EUSCIA2_IRQHandler             
00002f45  EUSCIA3_IRQHandler             
00002f45  EUSCIB0_IRQHandler             
00002f45  EUSCIB1_IRQHandler             
00002f45  EUSCIB2_IRQHandler             
00002f45  EUSCIB3_IRQHandler             
00002f45  FLCTL_IRQHandler               
00002f45  FPU_IRQHandler                 
00002f45  HardFault_Handler              
00002f45  MemManage_Handler              
00002f45  NMI_Handler                    
00002f45  PCM_IRQHandler                 
00002f45  PORT1_IRQHandler               
00002f45  PORT3_IRQHandler               
00002f45  PORT4_IRQHandler               
00002f45  PORT5_IRQHandler               
00002f45  PORT6_IRQHandler               
00002f45  PSS_IRQHandler                 
00002f45  PendSV_Handler                 
00002f45  RTC_C_IRQHandler               
00002f45  SVC_Handler                    
00002f45  SysTick_Handler                
00002f45  T32_INT1_IRQHandler            
00002f45  T32_INT2_IRQHandler            
00002f45  T32_INTC_IRQHandler            
00002f45  TA0_0_IRQHandler               
00002f45  TA0_N_IRQHandler               
00002f45  TA1_0_IRQHandler               
00002f45  TA1_N_IRQHandler               
00002f45  TA2_0_IRQHandler               
00002f45  TA2_N_IRQHandler               
00002f45  TA3_0_IRQHandler               
00002f45  TA3_N_IRQHandler               
00002f45  UsageFault_Handler             
00002f45  WDT_A_IRQHandler               
00002f49  __aeabi_errno_addr             
00002f51  malloc                         
00002f61  _system_pre_init               
00002f65  C$$EXIT                        
00002f65  abort                          
00002f68  _ctypes_                       
000030dc  __TI_Handler_Table_Base        
000030e8  __TI_Handler_Table_Limit       
000030f0  __TI_CINIT_Base                
00003100  __TI_CINIT_Limit               
20000000  _sys_memory                    
20000400  _ftable                        
200004f0  _device                        
20000568  _stream                        
200005b8  __TI_ft_end                    
200005bc  __aeabi_stdin                  
200005c0  __aeabi_stdout                 
200005c4  __aeabi_stderr                 
200005c8  __TI_cleanup_ptr               
200005cc  __TI_dtors_ptr                 
200005d0  __TI_enable_exit_profile_output
200005d4  _lock                          
200005d8  _unlock                        
200005e4  errno                          
200005e8  SystemCoreClock                
200005ec  __CIOBUF_                      
2000070c  __TI_tmpnams                   
200007ac  parmbuf                        
200007b4  distance_cm                    
200007b8  up_counter                     
2000fe00  __stack                        
20010000  __STACK_END                    
4000480c  WDTCTL_SYM                     
ffffffff  __TI_pprof_out_hndl            
ffffffff  __TI_prof_data_size            
ffffffff  __TI_prof_data_start           
ffffffff  __binit__                      
ffffffff  __c_args__                     
ffffffff  binit                          
UNDEFED   __mpu_init                     
UNDEFED   _system_post_cinit             

[181 symbols]
