******************************************************************************
                  TI ARM Linker PC v18.12.3                    
******************************************************************************
>> Linked Wed Nov 27 18:27:05 2019

OUTPUT FILE NAME:   <Ultrasonic_sensor.out>
ENTRY POINT SYMBOL: "_c_int00_noargs"  address: 00002a4d


MEMORY CONFIGURATION

         name            origin    length      used     unused   attr    fill
----------------------  --------  ---------  --------  --------  ----  --------
  MAIN                  00000000   00040000  00002e8d  0003d173  R  X
  INFO                  00200000   00004000  00000000  00004000  R  X
  SRAM_CODE             01000000   00010000  00000dec  0000f214  RW X
  SRAM_DATA             20000000   00010000  00000dec  0000f214  RW  


SEGMENT ALLOCATION MAP

run origin  load origin   length   init length attrs members
----------  ----------- ---------- ----------- ----- -------
00000000    00000000    00002e90   00002e90    r-x
  00000000    00000000    000000e4   000000e4    r-- .intvecs
  000000e4    000000e4    00002c18   00002c18    r-x .text
  00002cfc    00002cfc    00000101   00000101    r-- .const
  00002e00    00002e00    00000090   00000090    r-- .cinit
20000000    20000000    00000bec   00000000    rw-
  20000000    20000000    00000800   00000000    rw- .sysmem
  20000800    20000800    00000204   00000000    rw- .bss
  20000a04    20000a04    000001e8   00000000    rw- .data
2000fe00    2000fe00    00000200   00000000    rw-
  2000fe00    2000fe00    00000200   00000000    rw- .stack


SECTION ALLOCATION MAP

 output                                  attributes/
section   page    origin      length       input sections
--------  ----  ----------  ----------   ----------------
.intvecs   0    00000000    000000e4     
                  00000000    000000e4     startup_msp432p401r_ccs.obj (.intvecs:retain)

.text      0    000000e4    00002c18     
                  000000e4    00000a4e     rtsv7M4_T_le_v4SPD16_eabi.lib : _printfi.c.obj (.text:__TI_printfi)
                  00000b32    00000002     startup_msp432p401r_ccs.obj (.text:Default_Handler)
                  00000b34    00000270     rtsv7M4_T_le_v4SPD16_eabi.lib : _printfi.c.obj (.text:_pconv_a)
                  00000da4    000001d0                                   : _printfi.c.obj (.text:_pconv_g)
                  00000f74    000001b6                                   : fd_add_t2.asm.obj (.text)
                  0000112a    00000002                                   : _lock.c.obj (.text:_nop)
                  0000112c    0000013c                                   : _printfi.c.obj (.text:_pconv_e)
                  00001268    00000136                                   : fd_div_t2.asm.obj (.text)
                  0000139e    00000002                                   : div0.asm.obj (.text)
                  000013a0    00000124                                   : _printfi.c.obj (.text:fcvt)
                  000014c4    00000114                                   : fputs.c.obj (.text:fputs)
                  000015d8    00000110                                   : s_scalbn.c.obj (.text:scalbn)
                  000016e8    000000fc                                   : fd_mul_t2.asm.obj (.text)
                  000017e4    000000f4                                   : memory.c.obj (.text:aligned_alloc)
                  000018d8    000000e8                                   : memory.c.obj (.text:free)
                  000019c0    000000dc                                   : setvbuf.c.obj (.text:setvbuf)
                  00001a9c    000000d0     main.obj (.text:PORT1_IRQHandler)
                  00001b6c    000000b1     rtsv7M4_T_le_v4SPD16_eabi.lib : _printfi.c.obj (.text:_ltostr)
                  00001c1d    00000001     --HOLE-- [fill = 0]
                  00001c1e    0000009c                                   : memcpy_t2.asm.obj (.text)
                  00001cba    00000096                                   : ull_div_t2.asm.obj (.text)
                  00001d50    0000008c                                   : fputc.c.obj (.text:fputc)
                  00001ddc    00000088     main.obj (.text:main)
                  00001e64    00000086     rtsv7M4_T_le_v4SPD16_eabi.lib : fd_cmp_t2.asm.obj (.text:__aeabi_cdcmple)
                  00001eea    00000086                                   : fd_cmp_t2.asm.obj (.text:__aeabi_cdrcmple)
                  00001f70    0000007c                                   : memory.c.obj (.text:split)
                  00001fec    0000007a                                   : memset_t2.asm.obj (.text)
                  00002066    00000002     --HOLE-- [fill = 0]
                  00002068    00000078     system_msp432p401r.obj (.text:SystemInit)
                  000020e0    00000074     rtsv7M4_T_le_v4SPD16_eabi.lib : fclose.c.obj (.text:__TI_closefile)
                  00002154    0000006e                                   : _printfi.c.obj (.text:_mcpy)
                  000021c2    00000002     --HOLE-- [fill = 0]
                  000021c4    0000006c                                   : hostrename.c.obj (.text:HOSTrename)
                  00002230    00000068                                   : hostlseek.c.obj (.text:HOSTlseek)
                  00002298    00000068                                   : copy_decompress_lzss.c.obj (.text:decompress:lzss:__TI_decompress_lzss)
                  00002300    00000068                                   : printf.c.obj (.text:printf)
                  00002368    00000064                                   : s_frexp.c.obj (.text:frexp)
                  000023cc    00000064                                   : fseek.c.obj (.text:fseek)
                  00002430    00000062                                   : _io_perm.c.obj (.text:__TI_wrt_ok)
                  00002492    00000002     --HOLE-- [fill = 0]
                  00002494    00000060                                   : hostopen.c.obj (.text:HOSTopen)
                  000024f4    0000005c                                   : close.c.obj (.text:close)
                  00002550    00000058                                   : hostread.c.obj (.text:HOSTread)
                  000025a8    00000058                                   : hostwrite.c.obj (.text:HOSTwrite)
                  00002600    00000056                                   : _printfi.c.obj (.text:_pconv_f)
                  00002656    00000054                                   : ltoa.c.obj (.text:ltoa)
                  000026aa    00000052                                   : _printfi.c.obj (.text:_ecpy)
                  000026fc    0000004c                                   : fflush.c.obj (.text:__TI_doflush)
                  00002748    0000004c                                   : atoi.c.obj (.text:atoi)
                  00002794    00000048                                   : exit.c.obj (.text:exit)
                  000027dc    00000048                                   : fd_toi_t2.asm.obj (.text)
                  00002824    00000044                                   : hostclose.c.obj (.text:HOSTclose)
                  00002868    00000044                                   : hostunlink.c.obj (.text:HOSTunlink)
                  000028ac    00000044                                   : autoinit.c.obj (.text:__TI_auto_init_nobinit_nopinit:__TI_auto_init_nobinit_nopinit)
                  000028f0    00000044                                   : getdevice.c.obj (.text:getdevice)
                  00002934    0000003e                                   : _printfi.c.obj (.text:_fcpy)
                  00002972    00000002     --HOLE-- [fill = 0]
                  00002974    00000038                                   : trgmsg.c.obj (.text:__TI_writemsg)
                  000029ac    00000036                                   : strncpy.c.obj (.text:strncpy)
                  000029e2    00000002     --HOLE-- [fill = 0]
                  000029e4    00000034                                   : fopen.c.obj (.text:__TI_cleanup)
                  00002a18    00000034                                   : trgmsg.c.obj (.text:__TI_readmsg)
                  00002a4c    00000034                                   : boot_cortex_m.c.obj (.text:_c_int00_noargs:_c_int00_noargs)
                  00002a80    00000034     main.obj (.text:trigger)
                  00002ab4    00000030     rtsv7M4_T_le_v4SPD16_eabi.lib : getdevice.c.obj (.text:finddevice)
                  00002ae4    0000002e                                   : i_tofd_t2.asm.obj (.text)
                  00002b12    00000002     --HOLE-- [fill = 0]
                  00002b14    0000002c                                   : unlink.c.obj (.text:unlink)
                  00002b40    00000028                                   : memory.c.obj (.text:free_list_insert)
                  00002b68    00000028                                   : lseek.c.obj (.text:lseek)
                  00002b90    00000028                                   : write.c.obj (.text:write)
                  00002bb8    00000020                                   : memchr.c.obj (.text:memchr)
                  00002bd8    0000001c                                   : copy_zero_init.c.obj (.text:decompress:ZI:__TI_zero_init_nomemset:__TI_zero_init_nomemset)
                  00002bf4    0000001c                                   : memory.c.obj (.text:free_list_remove)
                  00002c10    0000001c                                   : memccpy.c.obj (.text:memccpy)
                  00002c2c    0000001a                                   : s_copysign.c.obj (.text:copysign)
                  00002c46    00000018                                   : strcmp.c.obj (.text:strcmp)
                  00002c5e    00000016                                   : strchr.c.obj (.text:strchr)
                  00002c74    00000014                                   : strcpy.c.obj (.text:strcpy)
                  00002c88    00000014                                   : strlen.c.obj (.text:strlen)
                  00002c9c    00000012                                   : wcslen.c.obj (.text:wcslen)
                  00002cae    00000002     --HOLE-- [fill = 0]
                  00002cb0    00000010     main.obj (.text:TA0_0_IRQHandler)
                  00002cc0    0000000e     rtsv7M4_T_le_v4SPD16_eabi.lib : copy_decompress_none.c.obj (.text:decompress:none:__TI_decompress_none)
                  00002cce    0000000c     startup_msp432p401r_ccs.obj (.text:Reset_Handler)
                  00002cda    00000002     --HOLE-- [fill = 0]
                  00002cdc    00000008     rtsv7M4_T_le_v4SPD16_eabi.lib : errno.c.obj (.text:__aeabi_errno_addr)
                  00002ce4    00000008                                   : memory.c.obj (.text:malloc)
                  00002cec    00000004                                   : printf.c.obj (.text:_outc)
                  00002cf0    00000004                                   : printf.c.obj (.text:_outs)
                  00002cf4    00000004                                   : pre_init.c.obj (.text:_system_pre_init)
                  00002cf8    00000004                                   : exit.c.obj (.text:abort:abort)

.const     0    00002cfc    00000101     
                  00002cfc    00000101     rtsv7M4_T_le_v4SPD16_eabi.lib : ctype.c.obj (.const:.string:_ctypes_)

.cinit     0    00002e00    00000090     
                  00002e00    00000066     (.cinit..data.load) [load image, compression = lzss]
                  00002e66    00000002     --HOLE-- [fill = 0]
                  00002e68    0000000c     (__TI_handler_table)
                  00002e74    00000004     --HOLE-- [fill = 0]
                  00002e78    00000008     (.cinit..bss.load) [load image, compression = zero_init]
                  00002e80    00000010     (__TI_cinit_table)

.init_array 
*          0    00000000    00000000     UNINITIALIZED

.binit     0    00000000    00000000     

.sysmem    0    20000000    00000800     UNINITIALIZED
                  20000000    00000010     rtsv7M4_T_le_v4SPD16_eabi.lib : memory.c.obj (.sysmem)
                  20000010    000007f0     --HOLE--

.bss       0    20000800    00000204     UNINITIALIZED
                  20000800    00000120     rtsv7M4_T_le_v4SPD16_eabi.lib : trgmsg.c.obj (.bss:_CIOBUF_)
                  20000920    000000a0     (.common:__TI_tmpnams)
                  200009c0    00000028     (.common:usRange)
                  200009e8    00000008     (.common:parmbuf)
                  200009f0    00000004     (.common:average_distance)
                  200009f4    00000004     (.common:distance)
                  200009f8    00000004     (.common:seconds)
                  200009fc    00000004     (.common:sensor)
                  20000a00    00000004     (.common:sum_distance)

.data      0    20000a04    000001e8     UNINITIALIZED
                  20000a04    000000f0     rtsv7M4_T_le_v4SPD16_eabi.lib : defs.c.obj (.data:_ftable)
                  20000af4    00000078                                   : host_device.c.obj (.data:_device)
                  20000b6c    00000050                                   : host_device.c.obj (.data:_stream)
                  20000bbc    00000010                                   : defs.c.obj (.data)
                  20000bcc    0000000c                                   : exit.c.obj (.data:$O1$$)
                  20000bd8    00000008                                   : _lock.c.obj (.data:$O1$$)
                  20000be0    00000008                                   : memory.c.obj (.data:$O1$$)
                  20000be8    00000004                                   : errno.c.obj (.data)

.stack     0    2000fe00    00000200     UNINITIALIZED
                  2000fe00    00000004     rtsv7M4_T_le_v4SPD16_eabi.lib : boot_cortex_m.c.obj (.stack)
                  2000fe04    000001fc     --HOLE--

MODULE SUMMARY

       Module                        code    ro data   rw data
       ------                        ----    -------   -------
    .\
       main.obj                      412     0         120    
       system_msp432p401r.obj        120     0         0      
    +--+-----------------------------+-------+---------+---------+
       Total:                        532     0         120    
                                                              
    .\ccs\
       startup_msp432p401r_ccs.obj   14      228       0      
    +--+-----------------------------+-------+---------+---------+
       Total:                        14      228       0      
                                                              
    C:\ti\ccs920\ccs\tools\compiler\ti-cgt-arm_18.12.3.LTS\lib\rtsv7M4_T_le_v4SPD16_eabi.lib
       _printfi.c.obj                4851    0         0      
       defs.c.obj                    0       0         832    
       memory.c.obj                  676     0         16     
       trgmsg.c.obj                  108     0         576    
       fd_add_t2.asm.obj             438     0         0      
       host_device.c.obj             0       0         400    
       fd_div_t2.asm.obj             310     0         0      
       fputs.c.obj                   276     0         0      
       s_scalbn.c.obj                272     0         0      
       fd_cmp_t2.asm.obj             268     0         0      
       ctype.c.obj                   0       257       0      
       fd_mul_t2.asm.obj             252     0         0      
       setvbuf.c.obj                 220     0         0      
       memcpy_t2.asm.obj             156     0         0      
       ull_div_t2.asm.obj            150     0         0      
       fputc.c.obj                   140     0         0      
       memset_t2.asm.obj             122     0         0      
       fclose.c.obj                  116     0         0      
       getdevice.c.obj               116     0         0      
       hostopen.c.obj                96      0         16     
       printf.c.obj                  112     0         0      
       hostrename.c.obj              108     0         0      
       copy_decompress_lzss.c.obj    104     0         0      
       hostlseek.c.obj               104     0         0      
       exit.c.obj                    76      0         24     
       fseek.c.obj                   100     0         0      
       s_frexp.c.obj                 100     0         0      
       _io_perm.c.obj                98      0         0      
       close.c.obj                   92      0         0      
       hostread.c.obj                88      0         0      
       hostwrite.c.obj               88      0         0      
       ltoa.c.obj                    84      0         0      
       atoi.c.obj                    76      0         0      
       fflush.c.obj                  76      0         0      
       fd_toi_t2.asm.obj             72      0         0      
       autoinit.c.obj                68      0         0      
       hostclose.c.obj               68      0         0      
       hostunlink.c.obj              68      0         0      
       strncpy.c.obj                 54      0         0      
       boot_cortex_m.c.obj           52      0         0      
       fopen.c.obj                   52      0         0      
       i_tofd_t2.asm.obj             46      0         0      
       unlink.c.obj                  44      0         0      
       lseek.c.obj                   40      0         0      
       write.c.obj                   40      0         0      
       memchr.c.obj                  32      0         0      
       copy_zero_init.c.obj          28      0         0      
       memccpy.c.obj                 28      0         0      
       s_copysign.c.obj              26      0         0      
       strcmp.c.obj                  24      0         0      
       strchr.c.obj                  22      0         0      
       strcpy.c.obj                  20      0         0      
       strlen.c.obj                  20      0         0      
       _lock.c.obj                   2       0         16     
       wcslen.c.obj                  18      0         0      
       errno.c.obj                   8       0         8      
       copy_decompress_none.c.obj    14      0         0      
       pre_init.c.obj                4       0         0      
       div0.asm.obj                  2       0         0      
    +--+-----------------------------+-------+---------+---------+
       Total:                        10725   257       1888   
                                                              
       Heap:                         0       0         4096   
       Stack:                        0       0         1024   
       Linker Generated:             0       138       0      
    +--+-----------------------------+-------+---------+---------+
       Grand Total:                  11271   623       7128   


LINKER GENERATED COPY TABLES

__TI_cinit_table @ 00002e80 records: 2, size/record: 8, table size: 16
	.data: load addr=00002e00, load size=00000066 bytes, run addr=20000a04, run size=000001e8 bytes, compression=lzss
	.bss: load addr=00002e78, load size=00000008 bytes, run addr=20000800, run size=00000204 bytes, compression=zero_init


LINKER GENERATED HANDLER TABLE

__TI_handler_table @ 00002e68 records: 3, size/record: 4, table size: 12
	index: 0, handler: __TI_decompress_lzss
	index: 1, handler: __TI_decompress_none
	index: 2, handler: __TI_zero_init


GLOBAL SYMBOLS: SORTED ALPHABETICALLY BY Name 

address   name                           
-------   ----                           
00000b33  ADC14_IRQHandler               
00000b33  AES256_IRQHandler              
00000b33  BusFault_Handler               
00002cf9  C$$EXIT                        
000029a3  C$$IO$$                        
00000b33  COMP_E0_IRQHandler             
00000b33  COMP_E1_IRQHandler             
00000b33  CS_IRQHandler                  
00000b33  DMA_ERR_IRQHandler             
00000b33  DMA_INT0_IRQHandler            
00000b33  DMA_INT1_IRQHandler            
00000b33  DMA_INT2_IRQHandler            
00000b33  DMA_INT3_IRQHandler            
00000b33  DebugMon_Handler               
00000b33  Default_Handler                
00000b33  EUSCIA0_IRQHandler             
00000b33  EUSCIA1_IRQHandler             
00000b33  EUSCIA2_IRQHandler             
00000b33  EUSCIA3_IRQHandler             
00000b33  EUSCIB0_IRQHandler             
00000b33  EUSCIB1_IRQHandler             
00000b33  EUSCIB2_IRQHandler             
00000b33  EUSCIB3_IRQHandler             
00000b33  FLCTL_IRQHandler               
00000b33  FPU_IRQHandler                 
00002825  HOSTclose                      
00002231  HOSTlseek                      
00002495  HOSTopen                       
00002551  HOSTread                       
000021c5  HOSTrename                     
00002869  HOSTunlink                     
000025a9  HOSTwrite                      
00000b33  HardFault_Handler              
00000b33  MemManage_Handler              
00000b33  NMI_Handler                    
00000b33  PCM_IRQHandler                 
00001a9d  PORT1_IRQHandler               
00001a9d  PORT1_IRQHandler               
00000b33  PORT2_IRQHandler               
00000b33  PORT3_IRQHandler               
00000b33  PORT4_IRQHandler               
00000b33  PORT5_IRQHandler               
00000b33  PORT6_IRQHandler               
00000b33  PSS_IRQHandler                 
00000b33  PendSV_Handler                 
00000b33  RTC_C_IRQHandler               
00002ccf  Reset_Handler                  
00000b33  SVC_Handler                    
00000b33  SysTick_Handler                
00002069  SystemInit                     
00000b33  T32_INT1_IRQHandler            
00000b33  T32_INT2_IRQHandler            
00000b33  T32_INTC_IRQHandler            
00002cb1  TA0_0_IRQHandler               
00002cb1  TA0_0_IRQHandler               
00000b33  TA0_N_IRQHandler               
00000b33  TA1_0_IRQHandler               
00000b33  TA1_N_IRQHandler               
00000b33  TA2_0_IRQHandler               
00000b33  TA2_N_IRQHandler               
00000b33  TA3_0_IRQHandler               
00000b33  TA3_N_IRQHandler               
00000b33  UsageFault_Handler             
4000480c  WDTCTL_SYM                     
00000b33  WDT_A_IRQHandler               
20000800  __CIOBUF_                      
20010000  __STACK_END                    
00000200  __STACK_SIZE                   
00000800  __SYSMEM_SIZE                  
00002e80  __TI_CINIT_Base                
00002e90  __TI_CINIT_Limit               
00002e68  __TI_Handler_Table_Base        
00002e74  __TI_Handler_Table_Limit       
000028ad  __TI_auto_init_nobinit_nopinit 
000029e5  __TI_cleanup                   
20000bcc  __TI_cleanup_ptr               
000020e1  __TI_closefile                 
00002299  __TI_decompress_lzss           
00002cc1  __TI_decompress_none           
000026fd  __TI_doflush                   
20000bd0  __TI_dtors_ptr                 
20000bd4  __TI_enable_exit_profile_output
20000bbc  __TI_ft_end                    
ffffffff  __TI_pprof_out_hndl            
000000e5  __TI_printfi                   
ffffffff  __TI_prof_data_size            
ffffffff  __TI_prof_data_start           
00002a19  __TI_readmsg                   
00000000  __TI_static_base__             
20000920  __TI_tmpnams                   
00002975  __TI_writemsg                  
00002431  __TI_wrt_ok                    
00002bd9  __TI_zero_init_nomemset        
00001e65  __aeabi_cdcmpeq                
00001e65  __aeabi_cdcmple                
00001eeb  __aeabi_cdrcmple               
000027dd  __aeabi_d2iz                   
00000f7f  __aeabi_dadd                   
00001269  __aeabi_ddiv                   
000016e9  __aeabi_dmul                   
00000f75  __aeabi_dsub                   
00002cdd  __aeabi_errno_addr             
00002ae5  __aeabi_i2d                    
0000139f  __aeabi_idiv0                  
0000139f  __aeabi_ldiv0                  
00001fed  __aeabi_memclr                 
00001fed  __aeabi_memclr4                
00001fed  __aeabi_memclr8                
00001c1f  __aeabi_memcpy                 
00001c1f  __aeabi_memcpy4                
00001c1f  __aeabi_memcpy8                
00001fef  __aeabi_memset                 
00001fef  __aeabi_memset4                
00001fef  __aeabi_memset8                
20000bc8  __aeabi_stderr                 
20000bc0  __aeabi_stdin                  
20000bc4  __aeabi_stdout                 
00001cbb  __aeabi_uldivmod               
ffffffff  __binit__                      
ffffffff  __c_args__                     
UNDEFED   __mpu_init                     
2000fe00  __stack                        
00002a4d  _c_int00_noargs                
00002cfc  _ctypes_                       
20000af4  _device                        
20000a04  _ftable                        
20000bd8  _lock                          
0000112b  _nop                           
20000b6c  _stream                        
20000000  _sys_memory                    
UNDEFED   _system_post_cinit             
00002cf5  _system_pre_init               
20000bdc  _unlock                        
00002cf9  abort                          
000017e5  aligned_alloc                  
00002749  atoi                           
200009f0  average_distance               
ffffffff  binit                          
000024f5  close                          
00002c2d  copysign                       
00002c2d  copysignl                      
200009f4  distance                       
20000be8  errno                          
00002795  exit                           
00002ab5  finddevice                     
00001d51  fputc                          
000014c5  fputs                          
000018d9  free                           
00002369  frexp                          
00002369  frexpl                         
000023cd  fseek                          
000028f1  getdevice                      
00000000  interruptVectors               
000015d9  ldexp                          
000015d9  ldexpl                         
00002b69  lseek                          
00002657  ltoa                           
00001ddd  main                           
00002ce5  malloc                         
000017e5  memalign                       
00002c11  memccpy                        
00002bb9  memchr                         
00001c1f  memcpy                         
00001ff5  memset                         
200009e8  parmbuf                        
00002301  printf                         
00001d51  putc                           
00002b15  remove                         
000015d9  scalbn                         
000015d9  scalbnl                        
200009f8  seconds                        
200009fc  sensor                         
000019c1  setvbuf                        
00002c5f  strchr                         
00002c47  strcmp                         
00002c75  strcpy                         
00002c89  strlen                         
000029ad  strncpy                        
20000a00  sum_distance                   
00002a81  trigger                        
00002b15  unlink                         
200009c0  usRange                        
00002c9d  wcslen                         
00002b91  write                          


GLOBAL SYMBOLS: SORTED BY Symbol Address 

address   name                           
-------   ----                           
00000000  __TI_static_base__             
00000000  interruptVectors               
000000e5  __TI_printfi                   
00000200  __STACK_SIZE                   
00000800  __SYSMEM_SIZE                  
00000b33  ADC14_IRQHandler               
00000b33  AES256_IRQHandler              
00000b33  BusFault_Handler               
00000b33  COMP_E0_IRQHandler             
00000b33  COMP_E1_IRQHandler             
00000b33  CS_IRQHandler                  
00000b33  DMA_ERR_IRQHandler             
00000b33  DMA_INT0_IRQHandler            
00000b33  DMA_INT1_IRQHandler            
00000b33  DMA_INT2_IRQHandler            
00000b33  DMA_INT3_IRQHandler            
00000b33  DebugMon_Handler               
00000b33  Default_Handler                
00000b33  EUSCIA0_IRQHandler             
00000b33  EUSCIA1_IRQHandler             
00000b33  EUSCIA2_IRQHandler             
00000b33  EUSCIA3_IRQHandler             
00000b33  EUSCIB0_IRQHandler             
00000b33  EUSCIB1_IRQHandler             
00000b33  EUSCIB2_IRQHandler             
00000b33  EUSCIB3_IRQHandler             
00000b33  FLCTL_IRQHandler               
00000b33  FPU_IRQHandler                 
00000b33  HardFault_Handler              
00000b33  MemManage_Handler              
00000b33  NMI_Handler                    
00000b33  PCM_IRQHandler                 
00000b33  PORT2_IRQHandler               
00000b33  PORT3_IRQHandler               
00000b33  PORT4_IRQHandler               
00000b33  PORT5_IRQHandler               
00000b33  PORT6_IRQHandler               
00000b33  PSS_IRQHandler                 
00000b33  PendSV_Handler                 
00000b33  RTC_C_IRQHandler               
00000b33  SVC_Handler                    
00000b33  SysTick_Handler                
00000b33  T32_INT1_IRQHandler            
00000b33  T32_INT2_IRQHandler            
00000b33  T32_INTC_IRQHandler            
00000b33  TA0_N_IRQHandler               
00000b33  TA1_0_IRQHandler               
00000b33  TA1_N_IRQHandler               
00000b33  TA2_0_IRQHandler               
00000b33  TA2_N_IRQHandler               
00000b33  TA3_0_IRQHandler               
00000b33  TA3_N_IRQHandler               
00000b33  UsageFault_Handler             
00000b33  WDT_A_IRQHandler               
00000f75  __aeabi_dsub                   
00000f7f  __aeabi_dadd                   
0000112b  _nop                           
00001269  __aeabi_ddiv                   
0000139f  __aeabi_idiv0                  
0000139f  __aeabi_ldiv0                  
000014c5  fputs                          
000015d9  ldexp                          
000015d9  ldexpl                         
000015d9  scalbn                         
000015d9  scalbnl                        
000016e9  __aeabi_dmul                   
000017e5  aligned_alloc                  
000017e5  memalign                       
000018d9  free                           
000019c1  setvbuf                        
00001a9d  PORT1_IRQHandler               
00001a9d  PORT1_IRQHandler               
00001c1f  __aeabi_memcpy                 
00001c1f  __aeabi_memcpy4                
00001c1f  __aeabi_memcpy8                
00001c1f  memcpy                         
00001cbb  __aeabi_uldivmod               
00001d51  fputc                          
00001d51  putc                           
00001ddd  main                           
00001e65  __aeabi_cdcmpeq                
00001e65  __aeabi_cdcmple                
00001eeb  __aeabi_cdrcmple               
00001fed  __aeabi_memclr                 
00001fed  __aeabi_memclr4                
00001fed  __aeabi_memclr8                
00001fef  __aeabi_memset                 
00001fef  __aeabi_memset4                
00001fef  __aeabi_memset8                
00001ff5  memset                         
00002069  SystemInit                     
000020e1  __TI_closefile                 
000021c5  HOSTrename                     
00002231  HOSTlseek                      
00002299  __TI_decompress_lzss           
00002301  printf                         
00002369  frexp                          
00002369  frexpl                         
000023cd  fseek                          
00002431  __TI_wrt_ok                    
00002495  HOSTopen                       
000024f5  close                          
00002551  HOSTread                       
000025a9  HOSTwrite                      
00002657  ltoa                           
000026fd  __TI_doflush                   
00002749  atoi                           
00002795  exit                           
000027dd  __aeabi_d2iz                   
00002825  HOSTclose                      
00002869  HOSTunlink                     
000028ad  __TI_auto_init_nobinit_nopinit 
000028f1  getdevice                      
00002975  __TI_writemsg                  
000029a3  C$$IO$$                        
000029ad  strncpy                        
000029e5  __TI_cleanup                   
00002a19  __TI_readmsg                   
00002a4d  _c_int00_noargs                
00002a81  trigger                        
00002ab5  finddevice                     
00002ae5  __aeabi_i2d                    
00002b15  remove                         
00002b15  unlink                         
00002b69  lseek                          
00002b91  write                          
00002bb9  memchr                         
00002bd9  __TI_zero_init_nomemset        
00002c11  memccpy                        
00002c2d  copysign                       
00002c2d  copysignl                      
00002c47  strcmp                         
00002c5f  strchr                         
00002c75  strcpy                         
00002c89  strlen                         
00002c9d  wcslen                         
00002cb1  TA0_0_IRQHandler               
00002cb1  TA0_0_IRQHandler               
00002cc1  __TI_decompress_none           
00002ccf  Reset_Handler                  
00002cdd  __aeabi_errno_addr             
00002ce5  malloc                         
00002cf5  _system_pre_init               
00002cf9  C$$EXIT                        
00002cf9  abort                          
00002cfc  _ctypes_                       
00002e68  __TI_Handler_Table_Base        
00002e74  __TI_Handler_Table_Limit       
00002e80  __TI_CINIT_Base                
00002e90  __TI_CINIT_Limit               
20000000  _sys_memory                    
20000800  __CIOBUF_                      
20000920  __TI_tmpnams                   
200009c0  usRange                        
200009e8  parmbuf                        
200009f0  average_distance               
200009f4  distance                       
200009f8  seconds                        
200009fc  sensor                         
20000a00  sum_distance                   
20000a04  _ftable                        
20000af4  _device                        
20000b6c  _stream                        
20000bbc  __TI_ft_end                    
20000bc0  __aeabi_stdin                  
20000bc4  __aeabi_stdout                 
20000bc8  __aeabi_stderr                 
20000bcc  __TI_cleanup_ptr               
20000bd0  __TI_dtors_ptr                 
20000bd4  __TI_enable_exit_profile_output
20000bd8  _lock                          
20000bdc  _unlock                        
20000be8  errno                          
2000fe00  __stack                        
20010000  __STACK_END                    
4000480c  WDTCTL_SYM                     
ffffffff  __TI_pprof_out_hndl            
ffffffff  __TI_prof_data_size            
ffffffff  __TI_prof_data_start           
ffffffff  __binit__                      
ffffffff  __c_args__                     
ffffffff  binit                          
UNDEFED   __mpu_init                     
UNDEFED   _system_post_cinit             

[184 symbols]
