******************************************************************************
                  TI ARM Linker PC v18.12.2                    
******************************************************************************
>> Linked Fri Nov 29 20:45:47 2019

OUTPUT FILE NAME:   <Project2104Combine.out>
ENTRY POINT SYMBOL: "_c_int00_noargs"  address: 000041a1


MEMORY CONFIGURATION

         name            origin    length      used     unused   attr    fill
----------------------  --------  ---------  --------  --------  ----  --------
  MAIN                  00000000   00040000  000045ad  0003ba53  R  X
  INFO                  00200000   00004000  00000000  00004000  R  X
  SRAM_CODE             01000000   00010000  00002d1e  0000d2e2  RW X
  SRAM_DATA             20000000   00010000  00002d1e  0000d2e2  RW  


SEGMENT ALLOCATION MAP

run origin  load origin   length   init length attrs members
----------  ----------- ---------- ----------- ----- -------
00000000    00000000    000045b0   000045b0    r-x
  00000000    00000000    000000e4   000000e4    r-- .intvecs
  000000e4    000000e4    00004330   00004330    r-x .text
  00004414    00004414    00000101   00000101    r-- .const
  00004518    00004518    00000098   00000098    r-- .cinit
20000000    20000000    00002b24   00000000    rw-
  20000000    20000000    00002522   00000000    rw- .bss
  20002528    20002528    00000400   00000000    rw- .sysmem
  20002928    20002928    000001fc   00000000    rw- .data
2000fe00    2000fe00    00000200   00000000    rw-
  2000fe00    2000fe00    00000200   00000000    rw- .stack


SECTION ALLOCATION MAP

 output                                  attributes/
section   page    origin      length       input sections
--------  ----  ----------  ----------   ----------------
.intvecs   0    00000000    000000e4     
                  00000000    000000e4     startup_msp432p401r_ccs.obj (.intvecs:retain)

.text      0    000000e4    00004330     
                  000000e4    00000a4e     rtsv7M4_T_le_v4SPD16_eabi.lib : _printfi.c.obj (.text:__TI_printfi)
                  00000b32    00000002                                   : _lock.c.obj (.text:_nop)
                  00000b34    0000040c     wheel.obj (.text)
                  00000f40    00000350     UART_Driver.obj (.text)
                  00001290    00000334     system_msp432p401r.obj (.text)
                  000015c4    00000270     rtsv7M4_T_le_v4SPD16_eabi.lib : _printfi.c.obj (.text:_pconv_a)
                  00001834    00000258     Ultrasonic.obj (.text)
                  00001a8c    0000022c     CarLocation.obj (.text)
                  00001cb8    0000020c     Obstacle.obj (.text)
                  00001ec4    0000020c     encoder.obj (.text)
                  000020d0    00000208     Coverage.obj (.text)
                  000022d8    000001d0     rtsv7M4_T_le_v4SPD16_eabi.lib : _printfi.c.obj (.text:_pconv_g)
                  000024a8    000001b6                                   : fd_add_t2.asm.obj (.text)
                  0000265e    00000002                                   : div0.asm.obj (.text)
                  00002660    0000013c                                   : _printfi.c.obj (.text:_pconv_e)
                  0000279c    00000136                                   : fd_div_t2.asm.obj (.text)
                  000028d2    00000002     --HOLE-- [fill = 0]
                  000028d4    00000124                                   : _printfi.c.obj (.text:fcvt)
                  000029f8    00000124     main.obj (.text)
                  00002b1c    0000011c     msp432p4xx_driverlib.lib : uart.o (.text:UART_initModule)
                  00002c38    00000114     rtsv7M4_T_le_v4SPD16_eabi.lib : fputs.c.obj (.text:fputs)
                  00002d4c    00000110                                   : s_scalbn.c.obj (.text:scalbn)
                  00002e5c    000000fc                                   : fd_mul_t2.asm.obj (.text)
                  00002f58    000000f4                                   : memory.c.obj (.text:aligned_alloc)
                  0000304c    000000e8     MapManagement.obj (.text)
                  00003134    000000e8     rtsv7M4_T_le_v4SPD16_eabi.lib : memory.c.obj (.text:free)
                  0000321c    000000dc                                   : setvbuf.c.obj (.text:setvbuf)
                  000032f8    000000b1                                   : _printfi.c.obj (.text:_ltostr)
                  000033a9    00000001     --HOLE-- [fill = 0]
                  000033aa    0000009c                                   : memcpy_t2.asm.obj (.text)
                  00003446    00000096                                   : ull_div_t2.asm.obj (.text)
                  000034dc    0000008c                                   : fputc.c.obj (.text:fputc)
                  00003568    00000086                                   : fd_cmp_t2.asm.obj (.text:__aeabi_cdcmple)
                  000035ee    00000086                                   : fd_cmp_t2.asm.obj (.text:__aeabi_cdrcmple)
                  00003674    0000007c                                   : memory.c.obj (.text:split)
                  000036f0    0000007a                                   : memset_t2.asm.obj (.text)
                  0000376a    00000002     --HOLE-- [fill = 0]
                  0000376c    00000074                                   : fclose.c.obj (.text:__TI_closefile)
                  000037e0    0000006e                                   : _printfi.c.obj (.text:_mcpy)
                  0000384e    00000002     --HOLE-- [fill = 0]
                  00003850    00000068     Car.obj (.text)
                  000038b8    00000068     rtsv7M4_T_le_v4SPD16_eabi.lib : hostlseek.c.obj (.text:HOSTlseek)
                  00003920    00000068                                   : hostrename.c.obj (.text:HOSTrename)
                  00003988    00000068                                   : copy_decompress_lzss.c.obj (.text:decompress:lzss:__TI_decompress_lzss)
                  000039f0    00000068                                   : printf.c.obj (.text:printf)
                  00003a58    00000064     msp432p4xx_driverlib.lib : uart.o (.text:UART_getEnabledInterruptStatus)
                  00003abc    00000064     rtsv7M4_T_le_v4SPD16_eabi.lib : s_frexp.c.obj (.text:frexp)
                  00003b20    00000064                                   : fseek.c.obj (.text:fseek)
                  00003b84    00000062                                   : _io_perm.c.obj (.text:__TI_wrt_ok)
                  00003be6    00000002     --HOLE-- [fill = 0]
                  00003be8    00000060                                   : hostopen.c.obj (.text:HOSTopen)
                  00003c48    0000005c                                   : close.c.obj (.text:close)
                  00003ca4    00000058                                   : hostread.c.obj (.text:HOSTread)
                  00003cfc    00000058                                   : hostwrite.c.obj (.text:HOSTwrite)
                  00003d54    00000056                                   : _printfi.c.obj (.text:_pconv_f)
                  00003daa    00000054                                   : ltoa.c.obj (.text:ltoa)
                  00003dfe    00000052                                   : _printfi.c.obj (.text:_ecpy)
                  00003e50    0000004c                                   : fflush.c.obj (.text:__TI_doflush)
                  00003e9c    0000004c                                   : atoi.c.obj (.text:atoi)
                  00003ee8    00000048                                   : exit.c.obj (.text:exit)
                  00003f30    00000048                                   : fd_toi_t2.asm.obj (.text)
                  00003f78    00000044                                   : hostclose.c.obj (.text:HOSTclose)
                  00003fbc    00000044                                   : hostunlink.c.obj (.text:HOSTunlink)
                  00004000    00000044                                   : autoinit.c.obj (.text:__TI_auto_init_nobinit_nopinit:__TI_auto_init_nobinit_nopinit)
                  00004044    00000044                                   : getdevice.c.obj (.text:getdevice)
                  00004088    0000003e                                   : _printfi.c.obj (.text:_fcpy)
                  000040c6    00000002     --HOLE-- [fill = 0]
                  000040c8    00000038                                   : trgmsg.c.obj (.text:__TI_writemsg)
                  00004100    00000036                                   : strncpy.c.obj (.text:strncpy)
                  00004136    00000002     --HOLE-- [fill = 0]
                  00004138    00000034                                   : fopen.c.obj (.text:__TI_cleanup)
                  0000416c    00000034                                   : trgmsg.c.obj (.text:__TI_readmsg)
                  000041a0    00000034                                   : boot_cortex_m.c.obj (.text:_c_int00_noargs:_c_int00_noargs)
                  000041d4    00000030                                   : getdevice.c.obj (.text:finddevice)
                  00004204    0000002e                                   : i_tofd_t2.asm.obj (.text)
                  00004232    00000002     --HOLE-- [fill = 0]
                  00004234    0000002c                                   : unlink.c.obj (.text:unlink)
                  00004260    00000028                                   : memory.c.obj (.text:free_list_insert)
                  00004288    00000028                                   : lseek.c.obj (.text:lseek)
                  000042b0    00000028                                   : write.c.obj (.text:write)
                  000042d8    00000020                                   : memchr.c.obj (.text:memchr)
                  000042f8    0000001c                                   : memory.c.obj (.text:free_list_remove)
                  00004314    0000001c                                   : memccpy.c.obj (.text:memccpy)
                  00004330    0000001a                                   : s_copysign.c.obj (.text:copysign)
                  0000434a    00000018     msp432p4xx_driverlib.lib : uart.o (.text:UART_getInterruptStatus)
                  00004362    00000018     rtsv7M4_T_le_v4SPD16_eabi.lib : strcmp.c.obj (.text:strcmp)
                  0000437a    00000016                                   : strchr.c.obj (.text:strchr)
                  00004390    00000014                                   : strcpy.c.obj (.text:strcpy)
                  000043a4    00000014                                   : strlen.c.obj (.text:strlen)
                  000043b8    00000012                                   : wcslen.c.obj (.text:wcslen)
                  000043ca    0000000e                                   : copy_decompress_none.c.obj (.text:decompress:none:__TI_decompress_none)
                  000043d8    0000000e     startup_msp432p401r_ccs.obj (.text)
                  000043e6    0000000c     rtsv7M4_T_le_v4SPD16_eabi.lib : copy_zero_init.c.obj (.text:decompress:ZI:__TI_zero_init)
                  000043f2    00000002     --HOLE-- [fill = 0]
                  000043f4    00000008                                   : errno.c.obj (.text:__aeabi_errno_addr)
                  000043fc    00000008                                   : memory.c.obj (.text:malloc)
                  00004404    00000004                                   : printf.c.obj (.text:_outc)
                  00004408    00000004                                   : printf.c.obj (.text:_outs)
                  0000440c    00000004                                   : pre_init.c.obj (.text:_system_pre_init)
                  00004410    00000004                                   : exit.c.obj (.text:abort:abort)

.const     0    00004414    00000101     
                  00004414    00000101     rtsv7M4_T_le_v4SPD16_eabi.lib : ctype.c.obj (.const:.string:_ctypes_)

.cinit     0    00004518    00000098     
                  00004518    0000006e     (.cinit..data.load) [load image, compression = lzss]
                  00004586    00000002     --HOLE-- [fill = 0]
                  00004588    0000000c     (__TI_handler_table)
                  00004594    00000004     --HOLE-- [fill = 0]
                  00004598    00000008     (.cinit..bss.load) [load image, compression = zero_init]
                  000045a0    00000010     (__TI_cinit_table)

.init_array 
*          0    00000000    00000000     UNINITIALIZED

.binit     0    00000000    00000000     

.bss       0    20000000    00002522     UNINITIALIZED
                  20000000    00000800     (.common:UARTA0Data)
                  20000800    00000800     (.common:UARTA2Data)
                  20001000    00000640     (.common:mapsCO)
                  20001640    00000640     (.common:mapsCarLo)
                  20001c80    00000640     (.common:mapsObstacle)
                  200022c0    00000120     rtsv7M4_T_le_v4SPD16_eabi.lib : trgmsg.c.obj (.bss:_CIOBUF_)
                  200023e0    000000a0     (.common:__TI_tmpnams)
                  20002480    00000028     (.common:usRange)
                  200024a8    00000008     (.common:currCLPointer)
                  200024b0    00000008     (.common:currCOPointer)
                  200024b8    00000008     (.common:currPointer)
                  200024c0    00000008     (.common:parmbuf)
                  200024c8    00000004     (.common:UARTA0ReadIndex)
                  200024cc    00000004     (.common:UARTA0WriteIndex)
                  200024d0    00000004     (.common:UARTA2ReadIndex)
                  200024d4    00000004     (.common:UARTA2WriteIndex)
                  200024d8    00000004     (.common:average_distance)
                  200024dc    00000004     (.common:continues)
                  200024e0    00000004     (.common:count)
                  200024e4    00000004     (.common:distance)
                  200024e8    00000004     (.common:distanceU)
                  200024ec    00000004     (.common:isForward)
                  200024f0    00000004     (.common:j)
                  200024f4    00000004     (.common:lcount)
                  200024f8    00000004     (.common:lrev)
                  200024fc    00000004     (.common:pointer)
                  20002500    00000004     (.common:prevPointer)
                  20002504    00000004     (.common:rev)
                  20002508    00000004     (.common:seconds)
                  2000250c    00000004     (.common:sensor)
                  20002510    00000004     (.common:sum_distance)
                  20002514    00000002     (.common:AIN1)
                  20002516    00000002     (.common:AIN2)
                  20002518    00000002     (.common:BIN1)
                  2000251a    00000002     (.common:BIN2)
                  2000251c    00000002     (.common:PWM1)
                  2000251e    00000002     (.common:PWM2)
                  20002520    00000002     (.common:STBY)

.sysmem    0    20002528    00000400     UNINITIALIZED
                  20002528    00000010     rtsv7M4_T_le_v4SPD16_eabi.lib : memory.c.obj (.sysmem)
                  20002538    000003f0     --HOLE--

.data      0    20002928    000001fc     UNINITIALIZED
                  20002928    000000f0     rtsv7M4_T_le_v4SPD16_eabi.lib : defs.c.obj (.data:_ftable)
                  20002a18    00000078                                   : host_device.c.obj (.data:_device)
                  20002a90    00000050                                   : host_device.c.obj (.data:_stream)
                  20002ae0    00000010                                   : defs.c.obj (.data)
                  20002af0    0000000c                                   : exit.c.obj (.data:$O1$$)
                  20002afc    0000000c     encoder.obj (.data)
                  20002b08    00000008     rtsv7M4_T_le_v4SPD16_eabi.lib : _lock.c.obj (.data:$O1$$)
                  20002b10    00000008                                   : memory.c.obj (.data:$O1$$)
                  20002b18    00000004     MapManagement.obj (.data)
                  20002b1c    00000004     rtsv7M4_T_le_v4SPD16_eabi.lib : errno.c.obj (.data)
                  20002b20    00000004     system_msp432p401r.obj (.data)

.stack     0    2000fe00    00000200     UNINITIALIZED
                  2000fe00    00000004     rtsv7M4_T_le_v4SPD16_eabi.lib : boot_cortex_m.c.obj (.stack)
                  2000fe04    000001fc     --HOLE--

MODULE SUMMARY

       Module                        code    ro data   rw data
       ------                        ----    -------   -------
    .\
       CarLocation.obj               556     0         3224   
       Coverage.obj                  520     0         3216   
       MapManagement.obj             232     0         3232   
       wheel.obj                     1036    0         28     
       system_msp432p401r.obj        820     0         8      
       Ultrasonic.obj                600     0         128    
       encoder.obj                   524     0         72     
       Obstacle.obj                  524     0         0      
       main.obj                      292     0         0      
       startup_msp432p401r_ccs.obj   14      228       0      
       Car.obj                       104     0         8      
    +--+-----------------------------+-------+---------+---------+
       Total:                        5222    228       9916   
                                                              
    .\Hardware\
       UART_Driver.obj               848     0         8224   
    +--+-----------------------------+-------+---------+---------+
       Total:                        848     0         8224   
                                                              
    C:/ti/simplelink_msp432p4_sdk_3_30_00_13/source/ti/devices/msp432p4xx/driverlib/ccs/msp432p4xx_driverlib.lib
       uart.o                        408     0         0      
    +--+-----------------------------+-------+---------+---------+
       Total:                        408     0         0      
                                                              
    C:\ti\ccs910\ccs\tools\compiler\ti-cgt-arm_18.12.2.LTS\lib\rtsv7M4_T_le_v4SPD16_eabi.lib
       _printfi.c.obj                4851    0         0      
       defs.c.obj                    0       0         832    
       memory.c.obj                  676     0         16     
       trgmsg.c.obj                  108     0         576    
       fd_add_t2.asm.obj             438     0         0      
       host_device.c.obj             0       0         400    
       fd_div_t2.asm.obj             310     0         0      
       fputs.c.obj                   276     0         0      
       s_scalbn.c.obj                272     0         0      
       fd_cmp_t2.asm.obj             268     0         0      
       ctype.c.obj                   0       257       0      
       fd_mul_t2.asm.obj             252     0         0      
       setvbuf.c.obj                 220     0         0      
       memcpy_t2.asm.obj             156     0         0      
       ull_div_t2.asm.obj            150     0         0      
       fputc.c.obj                   140     0         0      
       memset_t2.asm.obj             122     0         0      
       fclose.c.obj                  116     0         0      
       getdevice.c.obj               116     0         0      
       hostopen.c.obj                96      0         16     
       printf.c.obj                  112     0         0      
       copy_decompress_lzss.c.obj    104     0         0      
       hostlseek.c.obj               104     0         0      
       hostrename.c.obj              104     0         0      
       exit.c.obj                    76      0         24     
       fseek.c.obj                   100     0         0      
       s_frexp.c.obj                 100     0         0      
       _io_perm.c.obj                98      0         0      
       close.c.obj                   92      0         0      
       hostread.c.obj                88      0         0      
       hostwrite.c.obj               88      0         0      
       ltoa.c.obj                    84      0         0      
       atoi.c.obj                    76      0         0      
       fflush.c.obj                  76      0         0      
       fd_toi_t2.asm.obj             72      0         0      
       autoinit.c.obj                68      0         0      
       hostclose.c.obj               68      0         0      
       hostunlink.c.obj              68      0         0      
       strncpy.c.obj                 54      0         0      
       boot_cortex_m.c.obj           52      0         0      
       fopen.c.obj                   52      0         0      
       i_tofd_t2.asm.obj             46      0         0      
       unlink.c.obj                  44      0         0      
       lseek.c.obj                   40      0         0      
       write.c.obj                   40      0         0      
       memchr.c.obj                  32      0         0      
       memccpy.c.obj                 28      0         0      
       s_copysign.c.obj              26      0         0      
       strcmp.c.obj                  24      0         0      
       strchr.c.obj                  22      0         0      
       strcpy.c.obj                  20      0         0      
       strlen.c.obj                  20      0         0      
       _lock.c.obj                   2       0         16     
       wcslen.c.obj                  18      0         0      
       errno.c.obj                   8       0         8      
       copy_decompress_none.c.obj    14      0         0      
       copy_zero_init.c.obj          12      0         0      
       pre_init.c.obj                4       0         0      
       div0.asm.obj                  2       0         0      
    +--+-----------------------------+-------+---------+---------+
       Total:                        10705   257       1888   
                                                              
       Heap:                         0       0         2048   
       Stack:                        0       0         1024   
       Linker Generated:             0       146       0      
    +--+-----------------------------+-------+---------+---------+
       Grand Total:                  17183   631       23100  


LINKER GENERATED COPY TABLES

__TI_cinit_table @ 000045a0 records: 2, size/record: 8, table size: 16
	.data: load addr=00004518, load size=0000006e bytes, run addr=20002928, run size=000001fc bytes, compression=lzss
	.bss: load addr=00004598, load size=00000008 bytes, run addr=20000000, run size=00002522 bytes, compression=zero_init


LINKER GENERATED HANDLER TABLE

__TI_handler_table @ 00004588 records: 3, size/record: 4, table size: 12
	index: 0, handler: __TI_decompress_lzss
	index: 1, handler: __TI_decompress_none
	index: 2, handler: __TI_zero_init


GLOBAL SYMBOLS: SORTED ALPHABETICALLY BY Name 

address   name                           
-------   ----                           
000043e5  ADC14_IRQHandler               
000043e5  AES256_IRQHandler              
20002514  AIN1                           
20002516  AIN2                           
20002518  BIN1                           
2000251a  BIN2                           
000043e5  BusFault_Handler               
00004411  C$$EXIT                        
000040f7  C$$IO$$                        
000043e5  COMP_E0_IRQHandler             
000043e5  COMP_E1_IRQHandler             
000043e5  CS_IRQHandler                  
000043e5  DMA_ERR_IRQHandler             
000043e5  DMA_INT0_IRQHandler            
000043e5  DMA_INT1_IRQHandler            
000043e5  DMA_INT2_IRQHandler            
000043e5  DMA_INT3_IRQHandler            
000043e5  DebugMon_Handler               
000043e5  Default_Handler                
00001189  EUSCIA0_IRQHandler             
00001189  EUSCIA0_IRQHandler             
000043e5  EUSCIA1_IRQHandler             
00001205  EUSCIA2_IRQHandler             
00001205  EUSCIA2_IRQHandler             
000043e5  EUSCIA3_IRQHandler             
000043e5  EUSCIB0_IRQHandler             
000043e5  EUSCIB1_IRQHandler             
000043e5  EUSCIB2_IRQHandler             
000043e5  EUSCIB3_IRQHandler             
000043e5  FLCTL_IRQHandler               
000043e5  FPU_IRQHandler                 
00003f79  HOSTclose                      
000038b9  HOSTlseek                      
00003be9  HOSTopen                       
00003ca5  HOSTread                       
00003921  HOSTrename                     
00003fbd  HOSTunlink                     
00003cfd  HOSTwrite                      
000043e5  HardFault_Handler              
000043e5  MemManage_Handler              
000043e5  NMI_Handler                    
000043e5  PCM_IRQHandler                 
00001905  PORT1_IRQHandler               
00001905  PORT1_IRQHandler               
000043e5  PORT2_IRQHandler               
0000201f  PORT3_IRQHandler               
0000201f  PORT3_IRQHandler               
000043e5  PORT4_IRQHandler               
000043e5  PORT5_IRQHandler               
000043e5  PORT6_IRQHandler               
20002b00  PREV_distance                  
000043e5  PSS_IRQHandler                 
2000251c  PWM1                           
2000251e  PWM2                           
000043e5  PendSV_Handler                 
000043e5  RTC_C_IRQHandler               
000043d9  Reset_Handler                  
20002520  STBY                           
000043e5  SVC_Handler                    
000043e5  SysTick_Handler                
20002b20  SystemCoreClock                
00001291  SystemCoreClockUpdate          
00001509  SystemInit                     
000043e5  T32_INT1_IRQHandler            
000043e5  T32_INT2_IRQHandler            
000043e5  T32_INTC_IRQHandler            
000019c9  TA0_0_IRQHandler               
000019c9  TA0_0_IRQHandler               
000043e5  TA0_N_IRQHandler               
00000bbf  TA1_0_IRQHandler               
00000bbf  TA1_0_IRQHandler               
000043e5  TA1_N_IRQHandler               
000043e5  TA2_0_IRQHandler               
000043e5  TA2_N_IRQHandler               
000043e5  TA3_0_IRQHandler               
000043e5  TA3_N_IRQHandler               
20000000  UARTA0Data                     
200024c8  UARTA0ReadIndex                
200024cc  UARTA0WriteIndex               
20000800  UARTA2Data                     
200024d0  UARTA2ReadIndex                
200024d4  UARTA2WriteIndex               
0000111d  UART_Available                 
00001155  UART_Flush                     
00000f41  UART_Init                      
00001025  UART_Read                      
00000fe9  UART_Write                     
00003a59  UART_getEnabledInterruptStatus 
0000434b  UART_getInterruptStatus        
00002b1d  UART_initModule                
00001835  US_init                        
000043e5  UsageFault_Handler             
4000480c  WDTCTL_SYM                     
000043e5  WDT_A_IRQHandler               
200022c0  __CIOBUF_                      
20010000  __STACK_END                    
00000200  __STACK_SIZE                   
00000400  __SYSMEM_SIZE                  
000045a0  __TI_CINIT_Base                
000045b0  __TI_CINIT_Limit               
00004588  __TI_Handler_Table_Base        
00004594  __TI_Handler_Table_Limit       
00004001  __TI_auto_init_nobinit_nopinit 
00004139  __TI_cleanup                   
20002af0  __TI_cleanup_ptr               
0000376d  __TI_closefile                 
00003989  __TI_decompress_lzss           
000043cb  __TI_decompress_none           
00003e51  __TI_doflush                   
20002af4  __TI_dtors_ptr                 
20002af8  __TI_enable_exit_profile_output
20002ae0  __TI_ft_end                    
ffffffff  __TI_pprof_out_hndl            
000000e5  __TI_printfi                   
ffffffff  __TI_prof_data_size            
ffffffff  __TI_prof_data_start           
0000416d  __TI_readmsg                   
00000000  __TI_static_base__             
200023e0  __TI_tmpnams                   
000040c9  __TI_writemsg                  
00003b85  __TI_wrt_ok                    
000043e7  __TI_zero_init                 
00003569  __aeabi_cdcmpeq                
00003569  __aeabi_cdcmple                
000035ef  __aeabi_cdrcmple               
00003f31  __aeabi_d2iz                   
000024b3  __aeabi_dadd                   
0000279d  __aeabi_ddiv                   
00002e5d  __aeabi_dmul                   
000024a9  __aeabi_dsub                   
000043f5  __aeabi_errno_addr             
00004205  __aeabi_i2d                    
0000265f  __aeabi_idiv0                  
0000265f  __aeabi_ldiv0                  
000036f1  __aeabi_memclr                 
000036f1  __aeabi_memclr4                
000036f1  __aeabi_memclr8                
000033ab  __aeabi_memcpy                 
000033ab  __aeabi_memcpy4                
000033ab  __aeabi_memcpy8                
000036f3  __aeabi_memset                 
000036f3  __aeabi_memset4                
000036f3  __aeabi_memset8                
20002aec  __aeabi_stderr                 
20002ae4  __aeabi_stdin                  
20002ae8  __aeabi_stdout                 
00003447  __aeabi_uldivmod               
ffffffff  __binit__                      
ffffffff  __c_args__                     
UNDEFED   __mpu_init                     
2000fe00  __stack                        
000041a1  _c_int00_noargs                
00004414  _ctypes_                       
20002a18  _device                        
20002928  _ftable                        
20002b08  _lock                          
00000b33  _nop                           
20002a90  _stream                        
20002528  _sys_memory                    
UNDEFED   _system_post_cinit             
0000440d  _system_pre_init               
20002b0c  _unlock                        
00004411  abort                          
00002f59  aligned_alloc                  
00003e9d  atoi                           
200024d8  average_distance               
00000cbd  backward                       
ffffffff  binit                          
20002b04  boxes_cov                      
0000188f  callTrigger                    
00003851  carInit                        
00002027  changeRev                      
000019ef  checkDistance                  
000030e9  clearAllMaps                   
00003097  clearAreaCoverageMap           
00001c29  clearCarLocationMap            
0000224d  clearCoverageMap               
000030e1  clearObstacleDetectionMap      
00001e5b  clearObstacleMap               
000030af  clearRobotPosition             
00003c49  close                          
200024dc  continues                      
00004331  copysign                       
00004331  copysignl                      
200024e0  count                          
200024a8  currCLPointer                  
200024b0  currCOPointer                  
200024b8  currPointer                    
000018c7  delayCycles                    
00002a9f  delayMs                        
00000ea5  delayMsW                       
00001bb5  displayCarLocationMap          
000021d9  displayCoverageMap             
000030f9  displayMaps                    
00001de7  displayObstacleMap             
200024e4  distance                       
200024e8  distanceU                      
00001ec5  encoder_init                   
00001fa1  encoder_left                   
00001f0d  encoder_right                  
20002b1c  errno                          
00003ee9  exit                           
000041d5  finddevice                     
00000c39  forward                        
00000c7d  forwardlp                      
000034dd  fputc                          
00002c39  fputs                          
00003135  free                           
00003abd  frexp                          
00003abd  frexpl                         
00003b21  fseek                          
0000308f  getAreaCoverageMap             
000019d3  getAverageDistance             
00001c25  getCarLocationMap              
00002249  getCoverageMap                 
00001c71  getCurrentPosition             
000030d9  getObstacleDetectionMap        
00001e57  getObstacleMap                 
00003859  getPointer                     
0000309f  getRobotPosition               
000030a7  getRobotPositionMap            
0000202f  getSpeed                       
00004045  getdevice                      
20002b18  inarea                         
00001a8d  initCarLocationmaps            
000020d1  initCoveragemaps               
00001cb9  initObstaclemaps               
00000b35  init_wheel                     
00000000  interruptVectors               
200024ec  isForward                      
200024f0  j                              
200024f4  lcount                         
00002d4d  ldexp                          
00002d4d  ldexpl                         
200024f8  lrev                           
00004289  lseek                          
00003dab  ltoa                           
000029f9  main                           
000043fd  malloc                         
0000304d  mapManagementInit              
20001000  mapsCO                         
20001640  mapsCarLo                      
20001c80  mapsObstacle                   
00002f59  memalign                       
00004315  memccpy                        
000042d9  memchr                         
000033ab  memcpy                         
000036f9  memset                         
00001fd3  minuteDelay                    
200024c0  parmbuf                        
200024fc  pointer                        
20002500  prevPointer                    
000039f1  printf                         
000034dd  putc                           
00000df1  pwm_init                       
00004235  remove                         
20002504  rev                            
00002d4d  scalbn                         
00002d4d  scalbnl                        
20002508  seconds                        
2000250c  sensor                         
0000311b  setCarPointer                  
0000385f  setPointer                     
0000321d  setvbuf                        
20002afc  speed                          
00000da3  stop                           
0000437b  strchr                         
00004363  strcmp                         
00004391  strcpy                         
000043a5  strlen                         
00004101  strncpy                        
20002510  sum_distance                   
00000d57  turnleft                       
00000d01  turnright                      
00004235  unlink                         
00003061  updateAreaCoverage             
00001aed  updateCarLocationMap           
00002131  updateCoverageMap              
000030b7  updateObstacleDetectionMap     
00001d13  updateObstacleMap              
20002480  usRange                        
000043b9  wcslen                         
000042b1  write                          


GLOBAL SYMBOLS: SORTED BY Symbol Address 

address   name                           
-------   ----                           
00000000  __TI_static_base__             
00000000  interruptVectors               
000000e5  __TI_printfi                   
00000200  __STACK_SIZE                   
00000400  __SYSMEM_SIZE                  
00000b33  _nop                           
00000b35  init_wheel                     
00000bbf  TA1_0_IRQHandler               
00000bbf  TA1_0_IRQHandler               
00000c39  forward                        
00000c7d  forwardlp                      
00000cbd  backward                       
00000d01  turnright                      
00000d57  turnleft                       
00000da3  stop                           
00000df1  pwm_init                       
00000ea5  delayMsW                       
00000f41  UART_Init                      
00000fe9  UART_Write                     
00001025  UART_Read                      
0000111d  UART_Available                 
00001155  UART_Flush                     
00001189  EUSCIA0_IRQHandler             
00001189  EUSCIA0_IRQHandler             
00001205  EUSCIA2_IRQHandler             
00001205  EUSCIA2_IRQHandler             
00001291  SystemCoreClockUpdate          
00001509  SystemInit                     
00001835  US_init                        
0000188f  callTrigger                    
000018c7  delayCycles                    
00001905  PORT1_IRQHandler               
00001905  PORT1_IRQHandler               
000019c9  TA0_0_IRQHandler               
000019c9  TA0_0_IRQHandler               
000019d3  getAverageDistance             
000019ef  checkDistance                  
00001a8d  initCarLocationmaps            
00001aed  updateCarLocationMap           
00001bb5  displayCarLocationMap          
00001c25  getCarLocationMap              
00001c29  clearCarLocationMap            
00001c71  getCurrentPosition             
00001cb9  initObstaclemaps               
00001d13  updateObstacleMap              
00001de7  displayObstacleMap             
00001e57  getObstacleMap                 
00001e5b  clearObstacleMap               
00001ec5  encoder_init                   
00001f0d  encoder_right                  
00001fa1  encoder_left                   
00001fd3  minuteDelay                    
0000201f  PORT3_IRQHandler               
0000201f  PORT3_IRQHandler               
00002027  changeRev                      
0000202f  getSpeed                       
000020d1  initCoveragemaps               
00002131  updateCoverageMap              
000021d9  displayCoverageMap             
00002249  getCoverageMap                 
0000224d  clearCoverageMap               
000024a9  __aeabi_dsub                   
000024b3  __aeabi_dadd                   
0000265f  __aeabi_idiv0                  
0000265f  __aeabi_ldiv0                  
0000279d  __aeabi_ddiv                   
000029f9  main                           
00002a9f  delayMs                        
00002b1d  UART_initModule                
00002c39  fputs                          
00002d4d  ldexp                          
00002d4d  ldexpl                         
00002d4d  scalbn                         
00002d4d  scalbnl                        
00002e5d  __aeabi_dmul                   
00002f59  aligned_alloc                  
00002f59  memalign                       
0000304d  mapManagementInit              
00003061  updateAreaCoverage             
0000308f  getAreaCoverageMap             
00003097  clearAreaCoverageMap           
0000309f  getRobotPosition               
000030a7  getRobotPositionMap            
000030af  clearRobotPosition             
000030b7  updateObstacleDetectionMap     
000030d9  getObstacleDetectionMap        
000030e1  clearObstacleDetectionMap      
000030e9  clearAllMaps                   
000030f9  displayMaps                    
0000311b  setCarPointer                  
00003135  free                           
0000321d  setvbuf                        
000033ab  __aeabi_memcpy                 
000033ab  __aeabi_memcpy4                
000033ab  __aeabi_memcpy8                
000033ab  memcpy                         
00003447  __aeabi_uldivmod               
000034dd  fputc                          
000034dd  putc                           
00003569  __aeabi_cdcmpeq                
00003569  __aeabi_cdcmple                
000035ef  __aeabi_cdrcmple               
000036f1  __aeabi_memclr                 
000036f1  __aeabi_memclr4                
000036f1  __aeabi_memclr8                
000036f3  __aeabi_memset                 
000036f3  __aeabi_memset4                
000036f3  __aeabi_memset8                
000036f9  memset                         
0000376d  __TI_closefile                 
00003851  carInit                        
00003859  getPointer                     
0000385f  setPointer                     
000038b9  HOSTlseek                      
00003921  HOSTrename                     
00003989  __TI_decompress_lzss           
000039f1  printf                         
00003a59  UART_getEnabledInterruptStatus 
00003abd  frexp                          
00003abd  frexpl                         
00003b21  fseek                          
00003b85  __TI_wrt_ok                    
00003be9  HOSTopen                       
00003c49  close                          
00003ca5  HOSTread                       
00003cfd  HOSTwrite                      
00003dab  ltoa                           
00003e51  __TI_doflush                   
00003e9d  atoi                           
00003ee9  exit                           
00003f31  __aeabi_d2iz                   
00003f79  HOSTclose                      
00003fbd  HOSTunlink                     
00004001  __TI_auto_init_nobinit_nopinit 
00004045  getdevice                      
000040c9  __TI_writemsg                  
000040f7  C$$IO$$                        
00004101  strncpy                        
00004139  __TI_cleanup                   
0000416d  __TI_readmsg                   
000041a1  _c_int00_noargs                
000041d5  finddevice                     
00004205  __aeabi_i2d                    
00004235  remove                         
00004235  unlink                         
00004289  lseek                          
000042b1  write                          
000042d9  memchr                         
00004315  memccpy                        
00004331  copysign                       
00004331  copysignl                      
0000434b  UART_getInterruptStatus        
00004363  strcmp                         
0000437b  strchr                         
00004391  strcpy                         
000043a5  strlen                         
000043b9  wcslen                         
000043cb  __TI_decompress_none           
000043d9  Reset_Handler                  
000043e5  ADC14_IRQHandler               
000043e5  AES256_IRQHandler              
000043e5  BusFault_Handler               
000043e5  COMP_E0_IRQHandler             
000043e5  COMP_E1_IRQHandler             
000043e5  CS_IRQHandler                  
000043e5  DMA_ERR_IRQHandler             
000043e5  DMA_INT0_IRQHandler            
000043e5  DMA_INT1_IRQHandler            
000043e5  DMA_INT2_IRQHandler            
000043e5  DMA_INT3_IRQHandler            
000043e5  DebugMon_Handler               
000043e5  Default_Handler                
000043e5  EUSCIA1_IRQHandler             
000043e5  EUSCIA3_IRQHandler             
000043e5  EUSCIB0_IRQHandler             
000043e5  EUSCIB1_IRQHandler             
000043e5  EUSCIB2_IRQHandler             
000043e5  EUSCIB3_IRQHandler             
000043e5  FLCTL_IRQHandler               
000043e5  FPU_IRQHandler                 
000043e5  HardFault_Handler              
000043e5  MemManage_Handler              
000043e5  NMI_Handler                    
000043e5  PCM_IRQHandler                 
000043e5  PORT2_IRQHandler               
000043e5  PORT4_IRQHandler               
000043e5  PORT5_IRQHandler               
000043e5  PORT6_IRQHandler               
000043e5  PSS_IRQHandler                 
000043e5  PendSV_Handler                 
000043e5  RTC_C_IRQHandler               
000043e5  SVC_Handler                    
000043e5  SysTick_Handler                
000043e5  T32_INT1_IRQHandler            
000043e5  T32_INT2_IRQHandler            
000043e5  T32_INTC_IRQHandler            
000043e5  TA0_N_IRQHandler               
000043e5  TA1_N_IRQHandler               
000043e5  TA2_0_IRQHandler               
000043e5  TA2_N_IRQHandler               
000043e5  TA3_0_IRQHandler               
000043e5  TA3_N_IRQHandler               
000043e5  UsageFault_Handler             
000043e5  WDT_A_IRQHandler               
000043e7  __TI_zero_init                 
000043f5  __aeabi_errno_addr             
000043fd  malloc                         
0000440d  _system_pre_init               
00004411  C$$EXIT                        
00004411  abort                          
00004414  _ctypes_                       
00004588  __TI_Handler_Table_Base        
00004594  __TI_Handler_Table_Limit       
000045a0  __TI_CINIT_Base                
000045b0  __TI_CINIT_Limit               
20000000  UARTA0Data                     
20000800  UARTA2Data                     
20001000  mapsCO                         
20001640  mapsCarLo                      
20001c80  mapsObstacle                   
200022c0  __CIOBUF_                      
200023e0  __TI_tmpnams                   
20002480  usRange                        
200024a8  currCLPointer                  
200024b0  currCOPointer                  
200024b8  currPointer                    
200024c0  parmbuf                        
200024c8  UARTA0ReadIndex                
200024cc  UARTA0WriteIndex               
200024d0  UARTA2ReadIndex                
200024d4  UARTA2WriteIndex               
200024d8  average_distance               
200024dc  continues                      
200024e0  count                          
200024e4  distance                       
200024e8  distanceU                      
200024ec  isForward                      
200024f0  j                              
200024f4  lcount                         
200024f8  lrev                           
200024fc  pointer                        
20002500  prevPointer                    
20002504  rev                            
20002508  seconds                        
2000250c  sensor                         
20002510  sum_distance                   
20002514  AIN1                           
20002516  AIN2                           
20002518  BIN1                           
2000251a  BIN2                           
2000251c  PWM1                           
2000251e  PWM2                           
20002520  STBY                           
20002528  _sys_memory                    
20002928  _ftable                        
20002a18  _device                        
20002a90  _stream                        
20002ae0  __TI_ft_end                    
20002ae4  __aeabi_stdin                  
20002ae8  __aeabi_stdout                 
20002aec  __aeabi_stderr                 
20002af0  __TI_cleanup_ptr               
20002af4  __TI_dtors_ptr                 
20002af8  __TI_enable_exit_profile_output
20002afc  speed                          
20002b00  PREV_distance                  
20002b04  boxes_cov                      
20002b08  _lock                          
20002b0c  _unlock                        
20002b18  inarea                         
20002b1c  errno                          
20002b20  SystemCoreClock                
2000fe00  __stack                        
20010000  __STACK_END                    
4000480c  WDTCTL_SYM                     
ffffffff  __TI_pprof_out_hndl            
ffffffff  __TI_prof_data_size            
ffffffff  __TI_prof_data_start           
ffffffff  __binit__                      
ffffffff  __c_args__                     
ffffffff  binit                          
UNDEFED   __mpu_init                     
UNDEFED   _system_post_cinit             

[283 symbols]
