<?xml version="1.0" encoding="ISO-8859-1" ?>
<link_info>
   <banner>TI ARM Linker PC v18.12.2.LTS</banner>
   <copyright>Copyright (c) 1996-2018 Texas Instruments Incorporated</copyright>
   <link_time>0x5de112fb</link_time>
   <link_errors>0x0</link_errors>
   <output_file>Project2104Combine.out</output_file>
   <entry_point>
      <name>_c_int00_noargs</name>
      <address>0x41a1</address>
   </entry_point>
   <input_file_list>
      <input_file id="fl-2">
         <path>.\</path>
         <kind>object</kind>
         <file>Car.obj</file>
         <name>Car.obj</name>
      </input_file>
      <input_file id="fl-3">
         <path>.\</path>
         <kind>object</kind>
         <file>CarLocation.obj</file>
         <name>CarLocation.obj</name>
      </input_file>
      <input_file id="fl-4">
         <path>.\</path>
         <kind>object</kind>
         <file>Coverage.obj</file>
         <name>Coverage.obj</name>
      </input_file>
      <input_file id="fl-5">
         <path>.\</path>
         <kind>object</kind>
         <file>MapManagement.obj</file>
         <name>MapManagement.obj</name>
      </input_file>
      <input_file id="fl-6">
         <path>.\</path>
         <kind>object</kind>
         <file>Obstacle.obj</file>
         <name>Obstacle.obj</name>
      </input_file>
      <input_file id="fl-7">
         <path>.\</path>
         <kind>object</kind>
         <file>Ultrasonic.obj</file>
         <name>Ultrasonic.obj</name>
      </input_file>
      <input_file id="fl-8">
         <path>.\</path>
         <kind>object</kind>
         <file>encoder.obj</file>
         <name>encoder.obj</name>
      </input_file>
      <input_file id="fl-9">
         <path>.\</path>
         <kind>object</kind>
         <file>main.obj</file>
         <name>main.obj</name>
      </input_file>
      <input_file id="fl-a">
         <path>.\</path>
         <kind>object</kind>
         <file>startup_msp432p401r_ccs.obj</file>
         <name>startup_msp432p401r_ccs.obj</name>
      </input_file>
      <input_file id="fl-b">
         <path>.\</path>
         <kind>object</kind>
         <file>system_msp432p401r.obj</file>
         <name>system_msp432p401r.obj</name>
      </input_file>
      <input_file id="fl-c">
         <path>.\</path>
         <kind>object</kind>
         <file>testmap2.obj</file>
         <name>testmap2.obj</name>
      </input_file>
      <input_file id="fl-d">
         <path>.\</path>
         <kind>object</kind>
         <file>wheel.obj</file>
         <name>wheel.obj</name>
      </input_file>
      <input_file id="fl-e">
         <path>.\</path>
         <kind>object</kind>
         <file>wifi.obj</file>
         <name>wifi.obj</name>
      </input_file>
      <input_file id="fl-f">
         <path>.\Devices\</path>
         <kind>object</kind>
         <file>ESP8266.obj</file>
         <name>ESP8266.obj</name>
      </input_file>
      <input_file id="fl-10">
         <path>.\Devices\</path>
         <kind>object</kind>
         <file>MSPIO.obj</file>
         <name>MSPIO.obj</name>
      </input_file>
      <input_file id="fl-11">
         <path>.\Hardware\</path>
         <kind>object</kind>
         <file>CS_Driver.obj</file>
         <name>CS_Driver.obj</name>
      </input_file>
      <input_file id="fl-12">
         <path>.\Hardware\</path>
         <kind>object</kind>
         <file>GPIO_Driver.obj</file>
         <name>GPIO_Driver.obj</name>
      </input_file>
      <input_file id="fl-13">
         <path>.\Hardware\</path>
         <kind>object</kind>
         <file>UART_Driver.obj</file>
         <name>UART_Driver.obj</name>
      </input_file>
      <input_file id="fl-18">
         <kind>object</kind>
         <file>&lt;internal&gt;</file>
         <name>&lt;internal&gt;</name>
      </input_file>
      <input_file id="fl-ce">
         <path>C:\ti\ccs910\ccs\tools\compiler\ti-cgt-arm_18.12.2.LTS\lib\</path>
         <kind>archive</kind>
         <file>rtsv7M4_T_le_v4SPD16_eabi.lib</file>
         <name>printf.c.obj</name>
      </input_file>
      <input_file id="fl-cf">
         <path>C:\ti\ccs910\ccs\tools\compiler\ti-cgt-arm_18.12.2.LTS\lib\</path>
         <kind>archive</kind>
         <file>rtsv7M4_T_le_v4SPD16_eabi.lib</file>
         <name>_printfi.c.obj</name>
      </input_file>
      <input_file id="fl-d0">
         <path>C:\ti\ccs910\ccs\tools\compiler\ti-cgt-arm_18.12.2.LTS\lib\</path>
         <kind>archive</kind>
         <file>rtsv7M4_T_le_v4SPD16_eabi.lib</file>
         <name>fputc.c.obj</name>
      </input_file>
      <input_file id="fl-d1">
         <path>C:\ti\ccs910\ccs\tools\compiler\ti-cgt-arm_18.12.2.LTS\lib\</path>
         <kind>archive</kind>
         <file>rtsv7M4_T_le_v4SPD16_eabi.lib</file>
         <name>fputs.c.obj</name>
      </input_file>
      <input_file id="fl-d2">
         <path>C:\ti\ccs910\ccs\tools\compiler\ti-cgt-arm_18.12.2.LTS\lib\</path>
         <kind>archive</kind>
         <file>rtsv7M4_T_le_v4SPD16_eabi.lib</file>
         <name>_io_perm.c.obj</name>
      </input_file>
      <input_file id="fl-d3">
         <path>C:\ti\ccs910\ccs\tools\compiler\ti-cgt-arm_18.12.2.LTS\lib\</path>
         <kind>archive</kind>
         <file>rtsv7M4_T_le_v4SPD16_eabi.lib</file>
         <name>setvbuf.c.obj</name>
      </input_file>
      <input_file id="fl-d4">
         <path>C:\ti\ccs910\ccs\tools\compiler\ti-cgt-arm_18.12.2.LTS\lib\</path>
         <kind>archive</kind>
         <file>rtsv7M4_T_le_v4SPD16_eabi.lib</file>
         <name>s_frexp.c.obj</name>
      </input_file>
      <input_file id="fl-d5">
         <path>C:\ti\ccs910\ccs\tools\compiler\ti-cgt-arm_18.12.2.LTS\lib\</path>
         <kind>archive</kind>
         <file>rtsv7M4_T_le_v4SPD16_eabi.lib</file>
         <name>s_scalbn.c.obj</name>
      </input_file>
      <input_file id="fl-d6">
         <path>C:\ti\ccs910\ccs\tools\compiler\ti-cgt-arm_18.12.2.LTS\lib\</path>
         <kind>archive</kind>
         <file>rtsv7M4_T_le_v4SPD16_eabi.lib</file>
         <name>ull_div_t2.asm.obj</name>
      </input_file>
      <input_file id="fl-d7">
         <path>C:\ti\ccs910\ccs\tools\compiler\ti-cgt-arm_18.12.2.LTS\lib\</path>
         <kind>archive</kind>
         <file>rtsv7M4_T_le_v4SPD16_eabi.lib</file>
         <name>memset_t2.asm.obj</name>
      </input_file>
      <input_file id="fl-d8">
         <path>C:\ti\ccs910\ccs\tools\compiler\ti-cgt-arm_18.12.2.LTS\lib\</path>
         <kind>archive</kind>
         <file>rtsv7M4_T_le_v4SPD16_eabi.lib</file>
         <name>fd_add_t2.asm.obj</name>
      </input_file>
      <input_file id="fl-d9">
         <path>C:\ti\ccs910\ccs\tools\compiler\ti-cgt-arm_18.12.2.LTS\lib\</path>
         <kind>archive</kind>
         <file>rtsv7M4_T_le_v4SPD16_eabi.lib</file>
         <name>fd_cmp_t2.asm.obj</name>
      </input_file>
      <input_file id="fl-da">
         <path>C:\ti\ccs910\ccs\tools\compiler\ti-cgt-arm_18.12.2.LTS\lib\</path>
         <kind>archive</kind>
         <file>rtsv7M4_T_le_v4SPD16_eabi.lib</file>
         <name>fd_div_t2.asm.obj</name>
      </input_file>
      <input_file id="fl-db">
         <path>C:\ti\ccs910\ccs\tools\compiler\ti-cgt-arm_18.12.2.LTS\lib\</path>
         <kind>archive</kind>
         <file>rtsv7M4_T_le_v4SPD16_eabi.lib</file>
         <name>fd_mul_t2.asm.obj</name>
      </input_file>
      <input_file id="fl-dc">
         <path>C:\ti\ccs910\ccs\tools\compiler\ti-cgt-arm_18.12.2.LTS\lib\</path>
         <kind>archive</kind>
         <file>rtsv7M4_T_le_v4SPD16_eabi.lib</file>
         <name>fd_toi_t2.asm.obj</name>
      </input_file>
      <input_file id="fl-dd">
         <path>C:\ti\ccs910\ccs\tools\compiler\ti-cgt-arm_18.12.2.LTS\lib\</path>
         <kind>archive</kind>
         <file>rtsv7M4_T_le_v4SPD16_eabi.lib</file>
         <name>i_tofd_t2.asm.obj</name>
      </input_file>
      <input_file id="fl-de">
         <path>C:\ti\ccs910\ccs\tools\compiler\ti-cgt-arm_18.12.2.LTS\lib\</path>
         <kind>archive</kind>
         <file>rtsv7M4_T_le_v4SPD16_eabi.lib</file>
         <name>memcpy_t2.asm.obj</name>
      </input_file>
      <input_file id="fl-df">
         <path>C:\ti\ccs910\ccs\tools\compiler\ti-cgt-arm_18.12.2.LTS\lib\</path>
         <kind>archive</kind>
         <file>rtsv7M4_T_le_v4SPD16_eabi.lib</file>
         <name>copy_zero_init.c.obj</name>
      </input_file>
      <input_file id="fl-e0">
         <path>C:\ti\ccs910\ccs\tools\compiler\ti-cgt-arm_18.12.2.LTS\lib\</path>
         <kind>archive</kind>
         <file>rtsv7M4_T_le_v4SPD16_eabi.lib</file>
         <name>copy_decompress_none.c.obj</name>
      </input_file>
      <input_file id="fl-e1">
         <path>C:\ti\ccs910\ccs\tools\compiler\ti-cgt-arm_18.12.2.LTS\lib\</path>
         <kind>archive</kind>
         <file>rtsv7M4_T_le_v4SPD16_eabi.lib</file>
         <name>copy_decompress_lzss.c.obj</name>
      </input_file>
      <input_file id="fl-e2">
         <path>C:\ti\ccs910\ccs\tools\compiler\ti-cgt-arm_18.12.2.LTS\lib\</path>
         <kind>archive</kind>
         <file>rtsv7M4_T_le_v4SPD16_eabi.lib</file>
         <name>exit.c.obj</name>
      </input_file>
      <input_file id="fl-e3">
         <path>C:\ti\ccs910\ccs\tools\compiler\ti-cgt-arm_18.12.2.LTS\lib\</path>
         <kind>archive</kind>
         <file>rtsv7M4_T_le_v4SPD16_eabi.lib</file>
         <name>_lock.c.obj</name>
      </input_file>
      <input_file id="fl-e4">
         <path>C:\ti\ccs910\ccs\tools\compiler\ti-cgt-arm_18.12.2.LTS\lib\</path>
         <kind>archive</kind>
         <file>rtsv7M4_T_le_v4SPD16_eabi.lib</file>
         <name>atoi.c.obj</name>
      </input_file>
      <input_file id="fl-e5">
         <path>C:\ti\ccs910\ccs\tools\compiler\ti-cgt-arm_18.12.2.LTS\lib\</path>
         <kind>archive</kind>
         <file>rtsv7M4_T_le_v4SPD16_eabi.lib</file>
         <name>ctype.c.obj</name>
      </input_file>
      <input_file id="fl-e6">
         <path>C:\ti\ccs910\ccs\tools\compiler\ti-cgt-arm_18.12.2.LTS\lib\</path>
         <kind>archive</kind>
         <file>rtsv7M4_T_le_v4SPD16_eabi.lib</file>
         <name>defs.c.obj</name>
      </input_file>
      <input_file id="fl-e7">
         <path>C:\ti\ccs910\ccs\tools\compiler\ti-cgt-arm_18.12.2.LTS\lib\</path>
         <kind>archive</kind>
         <file>rtsv7M4_T_le_v4SPD16_eabi.lib</file>
         <name>ltoa.c.obj</name>
      </input_file>
      <input_file id="fl-e8">
         <path>C:\ti\ccs910\ccs\tools\compiler\ti-cgt-arm_18.12.2.LTS\lib\</path>
         <kind>archive</kind>
         <file>rtsv7M4_T_le_v4SPD16_eabi.lib</file>
         <name>memccpy.c.obj</name>
      </input_file>
      <input_file id="fl-e9">
         <path>C:\ti\ccs910\ccs\tools\compiler\ti-cgt-arm_18.12.2.LTS\lib\</path>
         <kind>archive</kind>
         <file>rtsv7M4_T_le_v4SPD16_eabi.lib</file>
         <name>memchr.c.obj</name>
      </input_file>
      <input_file id="fl-ea">
         <path>C:\ti\ccs910\ccs\tools\compiler\ti-cgt-arm_18.12.2.LTS\lib\</path>
         <kind>archive</kind>
         <file>rtsv7M4_T_le_v4SPD16_eabi.lib</file>
         <name>memory.c.obj</name>
      </input_file>
      <input_file id="fl-eb">
         <path>C:\ti\ccs910\ccs\tools\compiler\ti-cgt-arm_18.12.2.LTS\lib\</path>
         <kind>archive</kind>
         <file>rtsv7M4_T_le_v4SPD16_eabi.lib</file>
         <name>strchr.c.obj</name>
      </input_file>
      <input_file id="fl-ec">
         <path>C:\ti\ccs910\ccs\tools\compiler\ti-cgt-arm_18.12.2.LTS\lib\</path>
         <kind>archive</kind>
         <file>rtsv7M4_T_le_v4SPD16_eabi.lib</file>
         <name>strlen.c.obj</name>
      </input_file>
      <input_file id="fl-ed">
         <path>C:\ti\ccs910\ccs\tools\compiler\ti-cgt-arm_18.12.2.LTS\lib\</path>
         <kind>archive</kind>
         <file>rtsv7M4_T_le_v4SPD16_eabi.lib</file>
         <name>strstr.c.obj</name>
      </input_file>
      <input_file id="fl-ee">
         <path>C:\ti\ccs910\ccs\tools\compiler\ti-cgt-arm_18.12.2.LTS\lib\</path>
         <kind>archive</kind>
         <file>rtsv7M4_T_le_v4SPD16_eabi.lib</file>
         <name>write.c.obj</name>
      </input_file>
      <input_file id="fl-ef">
         <path>C:\ti\ccs910\ccs\tools\compiler\ti-cgt-arm_18.12.2.LTS\lib\</path>
         <kind>archive</kind>
         <file>rtsv7M4_T_le_v4SPD16_eabi.lib</file>
         <name>host_device.c.obj</name>
      </input_file>
      <input_file id="fl-f0">
         <path>C:\ti\ccs910\ccs\tools\compiler\ti-cgt-arm_18.12.2.LTS\lib\</path>
         <kind>archive</kind>
         <file>rtsv7M4_T_le_v4SPD16_eabi.lib</file>
         <name>boot_cortex_m.c.obj</name>
      </input_file>
      <input_file id="fl-f1">
         <path>C:\ti\ccs910\ccs\tools\compiler\ti-cgt-arm_18.12.2.LTS\lib\</path>
         <kind>archive</kind>
         <file>rtsv7M4_T_le_v4SPD16_eabi.lib</file>
         <name>errno.c.obj</name>
      </input_file>
      <input_file id="fl-f2">
         <path>C:\ti\ccs910\ccs\tools\compiler\ti-cgt-arm_18.12.2.LTS\lib\</path>
         <kind>archive</kind>
         <file>rtsv7M4_T_le_v4SPD16_eabi.lib</file>
         <name>wcslen.c.obj</name>
      </input_file>
      <input_file id="fl-f3">
         <path>C:\ti\ccs910\ccs\tools\compiler\ti-cgt-arm_18.12.2.LTS\lib\</path>
         <kind>archive</kind>
         <file>rtsv7M4_T_le_v4SPD16_eabi.lib</file>
         <name>s_copysign.c.obj</name>
      </input_file>
      <input_file id="fl-f4">
         <path>C:\ti\ccs910\ccs\tools\compiler\ti-cgt-arm_18.12.2.LTS\lib\</path>
         <kind>archive</kind>
         <file>rtsv7M4_T_le_v4SPD16_eabi.lib</file>
         <name>fflush.c.obj</name>
      </input_file>
      <input_file id="fl-f5">
         <path>C:\ti\ccs910\ccs\tools\compiler\ti-cgt-arm_18.12.2.LTS\lib\</path>
         <kind>archive</kind>
         <file>rtsv7M4_T_le_v4SPD16_eabi.lib</file>
         <name>fopen.c.obj</name>
      </input_file>
      <input_file id="fl-f6">
         <path>C:\ti\ccs910\ccs\tools\compiler\ti-cgt-arm_18.12.2.LTS\lib\</path>
         <kind>archive</kind>
         <file>rtsv7M4_T_le_v4SPD16_eabi.lib</file>
         <name>fseek.c.obj</name>
      </input_file>
      <input_file id="fl-f7">
         <path>C:\ti\ccs910\ccs\tools\compiler\ti-cgt-arm_18.12.2.LTS\lib\</path>
         <kind>archive</kind>
         <file>rtsv7M4_T_le_v4SPD16_eabi.lib</file>
         <name>div0.asm.obj</name>
      </input_file>
      <input_file id="fl-f8">
         <path>C:\ti\ccs910\ccs\tools\compiler\ti-cgt-arm_18.12.2.LTS\lib\</path>
         <kind>archive</kind>
         <file>rtsv7M4_T_le_v4SPD16_eabi.lib</file>
         <name>autoinit.c.obj</name>
      </input_file>
      <input_file id="fl-f9">
         <path>C:\ti\ccs910\ccs\tools\compiler\ti-cgt-arm_18.12.2.LTS\lib\</path>
         <kind>archive</kind>
         <file>rtsv7M4_T_le_v4SPD16_eabi.lib</file>
         <name>pre_init.c.obj</name>
      </input_file>
      <input_file id="fl-fa">
         <path>C:\ti\ccs910\ccs\tools\compiler\ti-cgt-arm_18.12.2.LTS\lib\</path>
         <kind>archive</kind>
         <file>rtsv7M4_T_le_v4SPD16_eabi.lib</file>
         <name>cpy_tbl.c.obj</name>
      </input_file>
      <input_file id="fl-fb">
         <path>C:\ti\ccs910\ccs\tools\compiler\ti-cgt-arm_18.12.2.LTS\lib\</path>
         <kind>archive</kind>
         <file>rtsv7M4_T_le_v4SPD16_eabi.lib</file>
         <name>args_main.c.obj</name>
      </input_file>
      <input_file id="fl-fc">
         <path>C:\ti\ccs910\ccs\tools\compiler\ti-cgt-arm_18.12.2.LTS\lib\</path>
         <kind>archive</kind>
         <file>rtsv7M4_T_le_v4SPD16_eabi.lib</file>
         <name>hostclose.c.obj</name>
      </input_file>
      <input_file id="fl-fd">
         <path>C:\ti\ccs910\ccs\tools\compiler\ti-cgt-arm_18.12.2.LTS\lib\</path>
         <kind>archive</kind>
         <file>rtsv7M4_T_le_v4SPD16_eabi.lib</file>
         <name>hostlseek.c.obj</name>
      </input_file>
      <input_file id="fl-fe">
         <path>C:\ti\ccs910\ccs\tools\compiler\ti-cgt-arm_18.12.2.LTS\lib\</path>
         <kind>archive</kind>
         <file>rtsv7M4_T_le_v4SPD16_eabi.lib</file>
         <name>hostopen.c.obj</name>
      </input_file>
      <input_file id="fl-ff">
         <path>C:\ti\ccs910\ccs\tools\compiler\ti-cgt-arm_18.12.2.LTS\lib\</path>
         <kind>archive</kind>
         <file>rtsv7M4_T_le_v4SPD16_eabi.lib</file>
         <name>hostread.c.obj</name>
      </input_file>
      <input_file id="fl-100">
         <path>C:\ti\ccs910\ccs\tools\compiler\ti-cgt-arm_18.12.2.LTS\lib\</path>
         <kind>archive</kind>
         <file>rtsv7M4_T_le_v4SPD16_eabi.lib</file>
         <name>hostrename.c.obj</name>
      </input_file>
      <input_file id="fl-101">
         <path>C:\ti\ccs910\ccs\tools\compiler\ti-cgt-arm_18.12.2.LTS\lib\</path>
         <kind>archive</kind>
         <file>rtsv7M4_T_le_v4SPD16_eabi.lib</file>
         <name>hostunlink.c.obj</name>
      </input_file>
      <input_file id="fl-102">
         <path>C:\ti\ccs910\ccs\tools\compiler\ti-cgt-arm_18.12.2.LTS\lib\</path>
         <kind>archive</kind>
         <file>rtsv7M4_T_le_v4SPD16_eabi.lib</file>
         <name>hostwrite.c.obj</name>
      </input_file>
      <input_file id="fl-103">
         <path>C:\ti\ccs910\ccs\tools\compiler\ti-cgt-arm_18.12.2.LTS\lib\</path>
         <kind>archive</kind>
         <file>rtsv7M4_T_le_v4SPD16_eabi.lib</file>
         <name>trgmsg.c.obj</name>
      </input_file>
      <input_file id="fl-104">
         <path>C:\ti\ccs910\ccs\tools\compiler\ti-cgt-arm_18.12.2.LTS\lib\</path>
         <kind>archive</kind>
         <file>rtsv7M4_T_le_v4SPD16_eabi.lib</file>
         <name>open.c.obj</name>
      </input_file>
      <input_file id="fl-105">
         <path>C:\ti\ccs910\ccs\tools\compiler\ti-cgt-arm_18.12.2.LTS\lib\</path>
         <kind>archive</kind>
         <file>rtsv7M4_T_le_v4SPD16_eabi.lib</file>
         <name>lseek.c.obj</name>
      </input_file>
      <input_file id="fl-106">
         <path>C:\ti\ccs910\ccs\tools\compiler\ti-cgt-arm_18.12.2.LTS\lib\</path>
         <kind>archive</kind>
         <file>rtsv7M4_T_le_v4SPD16_eabi.lib</file>
         <name>fclose.c.obj</name>
      </input_file>
      <input_file id="fl-107">
         <path>C:\ti\ccs910\ccs\tools\compiler\ti-cgt-arm_18.12.2.LTS\lib\</path>
         <kind>archive</kind>
         <file>rtsv7M4_T_le_v4SPD16_eabi.lib</file>
         <name>getdevice.c.obj</name>
      </input_file>
      <input_file id="fl-108">
         <path>C:\ti\ccs910\ccs\tools\compiler\ti-cgt-arm_18.12.2.LTS\lib\</path>
         <kind>archive</kind>
         <file>rtsv7M4_T_le_v4SPD16_eabi.lib</file>
         <name>strcmp.c.obj</name>
      </input_file>
      <input_file id="fl-109">
         <path>C:\ti\ccs910\ccs\tools\compiler\ti-cgt-arm_18.12.2.LTS\lib\</path>
         <kind>archive</kind>
         <file>rtsv7M4_T_le_v4SPD16_eabi.lib</file>
         <name>strcpy.c.obj</name>
      </input_file>
      <input_file id="fl-10a">
         <path>C:\ti\ccs910\ccs\tools\compiler\ti-cgt-arm_18.12.2.LTS\lib\</path>
         <kind>archive</kind>
         <file>rtsv7M4_T_le_v4SPD16_eabi.lib</file>
         <name>strncpy.c.obj</name>
      </input_file>
      <input_file id="fl-10b">
         <path>C:\ti\ccs910\ccs\tools\compiler\ti-cgt-arm_18.12.2.LTS\lib\</path>
         <kind>archive</kind>
         <file>rtsv7M4_T_le_v4SPD16_eabi.lib</file>
         <name>remove.c.obj</name>
      </input_file>
      <input_file id="fl-10c">
         <path>C:\ti\ccs910\ccs\tools\compiler\ti-cgt-arm_18.12.2.LTS\lib\</path>
         <kind>archive</kind>
         <file>rtsv7M4_T_le_v4SPD16_eabi.lib</file>
         <name>close.c.obj</name>
      </input_file>
      <input_file id="fl-10d">
         <path>C:\ti\ccs910\ccs\tools\compiler\ti-cgt-arm_18.12.2.LTS\lib\</path>
         <kind>archive</kind>
         <file>rtsv7M4_T_le_v4SPD16_eabi.lib</file>
         <name>unlink.c.obj</name>
      </input_file>
      <input_file id="fl-10e">
         <path>C:\ti\simplelink_msp432p4_sdk_3_30_00_13\source\ti\devices\msp432p4xx\driverlib\ccs\</path>
         <kind>archive</kind>
         <file>msp432p4xx_driverlib.lib</file>
         <name>cs.o</name>
      </input_file>
      <input_file id="fl-10f">
         <path>C:\ti\simplelink_msp432p4_sdk_3_30_00_13\source\ti\devices\msp432p4xx\driverlib\ccs\</path>
         <kind>archive</kind>
         <file>msp432p4xx_driverlib.lib</file>
         <name>flash.o</name>
      </input_file>
      <input_file id="fl-110">
         <path>C:\ti\simplelink_msp432p4_sdk_3_30_00_13\source\ti\devices\msp432p4xx\driverlib\ccs\</path>
         <kind>archive</kind>
         <file>msp432p4xx_driverlib.lib</file>
         <name>interrupt.o</name>
      </input_file>
      <input_file id="fl-111">
         <path>C:\ti\simplelink_msp432p4_sdk_3_30_00_13\source\ti\devices\msp432p4xx\driverlib\ccs\</path>
         <kind>archive</kind>
         <file>msp432p4xx_driverlib.lib</file>
         <name>pcm.o</name>
      </input_file>
      <input_file id="fl-112">
         <path>C:\ti\simplelink_msp432p4_sdk_3_30_00_13\source\ti\devices\msp432p4xx\driverlib\ccs\</path>
         <kind>archive</kind>
         <file>msp432p4xx_driverlib.lib</file>
         <name>rtc_c.o</name>
      </input_file>
      <input_file id="fl-113">
         <path>C:\ti\simplelink_msp432p4_sdk_3_30_00_13\source\ti\devices\msp432p4xx\driverlib\ccs\</path>
         <kind>archive</kind>
         <file>msp432p4xx_driverlib.lib</file>
         <name>sysctl.o</name>
      </input_file>
      <input_file id="fl-114">
         <path>C:\ti\simplelink_msp432p4_sdk_3_30_00_13\source\ti\devices\msp432p4xx\driverlib\ccs\</path>
         <kind>archive</kind>
         <file>msp432p4xx_driverlib.lib</file>
         <name>sysctl_a.o</name>
      </input_file>
      <input_file id="fl-115">
         <path>C:\ti\simplelink_msp432p4_sdk_3_30_00_13\source\ti\devices\msp432p4xx\driverlib\ccs\</path>
         <kind>archive</kind>
         <file>msp432p4xx_driverlib.lib</file>
         <name>uart.o</name>
      </input_file>
      <input_file id="fl-116">
         <path>C:\ti\simplelink_msp432p4_sdk_3_30_00_13\source\ti\devices\msp432p4xx\driverlib\ccs\</path>
         <kind>archive</kind>
         <file>msp432p4xx_driverlib.lib</file>
         <name>wdt_a.o</name>
      </input_file>
      <input_file id="fl-117">
         <path>C:\ti\simplelink_msp432p4_sdk_3_30_00_13\source\ti\devices\msp432p4xx\driverlib\ccs\</path>
         <kind>archive</kind>
         <file>msp432p4xx_driverlib.lib</file>
         <name>cpu.o</name>
      </input_file>
   </input_file_list>
   <object_component_list>
      <object_component id="oc-23">
         <name>.intvecs:retain</name>
         <load_address>0x0</load_address>
         <run_address>0x0</run_address>
         <size>0xe4</size>
         <input_file_ref idref="fl-a"/>
      </object_component>
      <object_component id="oc-19c">
         <name>.text:__TI_printfi</name>
         <load_address>0xe4</load_address>
         <run_address>0xe4</run_address>
         <size>0xa4e</size>
         <input_file_ref idref="fl-cf"/>
      </object_component>
      <object_component id="oc-274">
         <name>.text:_nop</name>
         <load_address>0xb32</load_address>
         <run_address>0xb32</run_address>
         <size>0x2</size>
         <input_file_ref idref="fl-e3"/>
      </object_component>
      <object_component id="oc-73">
         <name>.text</name>
         <load_address>0xb34</load_address>
         <run_address>0xb34</run_address>
         <size>0x40c</size>
         <input_file_ref idref="fl-d"/>
      </object_component>
      <object_component id="oc-79">
         <name>.text</name>
         <load_address>0xf40</load_address>
         <run_address>0xf40</run_address>
         <size>0x350</size>
         <input_file_ref idref="fl-13"/>
      </object_component>
      <object_component id="oc-c1">
         <name>.text</name>
         <load_address>0x1290</load_address>
         <run_address>0x1290</run_address>
         <size>0x334</size>
         <input_file_ref idref="fl-b"/>
      </object_component>
      <object_component id="oc-250">
         <name>.text:_pconv_a</name>
         <load_address>0x15c4</load_address>
         <run_address>0x15c4</run_address>
         <size>0x270</size>
         <input_file_ref idref="fl-cf"/>
      </object_component>
      <object_component id="oc-6d">
         <name>.text</name>
         <load_address>0x1834</load_address>
         <run_address>0x1834</run_address>
         <size>0x258</size>
         <input_file_ref idref="fl-7"/>
      </object_component>
      <object_component id="oc-186">
         <name>.text</name>
         <load_address>0x1a8c</load_address>
         <run_address>0x1a8c</run_address>
         <size>0x22c</size>
         <input_file_ref idref="fl-3"/>
      </object_component>
      <object_component id="oc-18c">
         <name>.text</name>
         <load_address>0x1cb8</load_address>
         <run_address>0x1cb8</run_address>
         <size>0x20c</size>
         <input_file_ref idref="fl-6"/>
      </object_component>
      <object_component id="oc-7f">
         <name>.text</name>
         <load_address>0x1ec4</load_address>
         <run_address>0x1ec4</run_address>
         <size>0x20c</size>
         <input_file_ref idref="fl-8"/>
      </object_component>
      <object_component id="oc-180">
         <name>.text</name>
         <load_address>0x20d0</load_address>
         <run_address>0x20d0</run_address>
         <size>0x208</size>
         <input_file_ref idref="fl-4"/>
      </object_component>
      <object_component id="oc-23e">
         <name>.text:_pconv_g</name>
         <load_address>0x22d8</load_address>
         <run_address>0x22d8</run_address>
         <size>0x1d0</size>
         <input_file_ref idref="fl-cf"/>
      </object_component>
      <object_component id="oc-2fa">
         <name>.text</name>
         <load_address>0x24a8</load_address>
         <run_address>0x24a8</run_address>
         <size>0x1b6</size>
         <input_file_ref idref="fl-d8"/>
      </object_component>
      <object_component id="oc-381">
         <name>.text</name>
         <load_address>0x265e</load_address>
         <run_address>0x265e</run_address>
         <size>0x2</size>
         <input_file_ref idref="fl-f7"/>
      </object_component>
      <object_component id="oc-24a">
         <name>.text:_pconv_e</name>
         <load_address>0x2660</load_address>
         <run_address>0x2660</run_address>
         <size>0x13c</size>
         <input_file_ref idref="fl-cf"/>
      </object_component>
      <object_component id="oc-2e0">
         <name>.text</name>
         <load_address>0x279c</load_address>
         <run_address>0x279c</run_address>
         <size>0x136</size>
         <input_file_ref idref="fl-da"/>
      </object_component>
      <object_component id="oc-30c">
         <name>.text:fcvt</name>
         <load_address>0x28d4</load_address>
         <run_address>0x28d4</run_address>
         <size>0x124</size>
         <input_file_ref idref="fl-cf"/>
      </object_component>
      <object_component id="oc-af">
         <name>.text</name>
         <load_address>0x29f8</load_address>
         <run_address>0x29f8</run_address>
         <size>0x124</size>
         <input_file_ref idref="fl-9"/>
      </object_component>
      <object_component id="oc-f6">
         <name>.text:UART_initModule</name>
         <load_address>0x2b1c</load_address>
         <run_address>0x2b1c</run_address>
         <size>0x11c</size>
         <input_file_ref idref="fl-115"/>
      </object_component>
      <object_component id="oc-282">
         <name>.text:fputs</name>
         <load_address>0x2c38</load_address>
         <run_address>0x2c38</run_address>
         <size>0x114</size>
         <input_file_ref idref="fl-d1"/>
      </object_component>
      <object_component id="oc-320">
         <name>.text:scalbn</name>
         <load_address>0x2d4c</load_address>
         <run_address>0x2d4c</run_address>
         <size>0x110</size>
         <input_file_ref idref="fl-d5"/>
      </object_component>
      <object_component id="oc-2db">
         <name>.text</name>
         <load_address>0x2e5c</load_address>
         <run_address>0x2e5c</run_address>
         <size>0xfc</size>
         <input_file_ref idref="fl-db"/>
      </object_component>
      <object_component id="oc-433">
         <name>.text:aligned_alloc</name>
         <load_address>0x2f58</load_address>
         <run_address>0x2f58</run_address>
         <size>0xf4</size>
         <input_file_ref idref="fl-ea"/>
      </object_component>
      <object_component id="oc-c8">
         <name>.text</name>
         <load_address>0x304c</load_address>
         <run_address>0x304c</run_address>
         <size>0xe8</size>
         <input_file_ref idref="fl-5"/>
      </object_component>
      <object_component id="oc-3f1">
         <name>.text:free</name>
         <load_address>0x3134</load_address>
         <run_address>0x3134</run_address>
         <size>0xe8</size>
         <input_file_ref idref="fl-ea"/>
      </object_component>
      <object_component id="oc-3bc">
         <name>.text:setvbuf</name>
         <load_address>0x321c</load_address>
         <run_address>0x321c</run_address>
         <size>0xdc</size>
         <input_file_ref idref="fl-d3"/>
      </object_component>
      <object_component id="oc-233">
         <name>.text:_ltostr</name>
         <load_address>0x32f8</load_address>
         <run_address>0x32f8</run_address>
         <size>0xb1</size>
         <input_file_ref idref="fl-cf"/>
      </object_component>
      <object_component id="oc-37">
         <name>.text</name>
         <load_address>0x33aa</load_address>
         <run_address>0x33aa</run_address>
         <size>0x9c</size>
         <input_file_ref idref="fl-de"/>
      </object_component>
      <object_component id="oc-2d4">
         <name>.text</name>
         <load_address>0x3446</load_address>
         <run_address>0x3446</run_address>
         <size>0x96</size>
         <input_file_ref idref="fl-d6"/>
      </object_component>
      <object_component id="oc-289">
         <name>.text:fputc</name>
         <load_address>0x34dc</load_address>
         <run_address>0x34dc</run_address>
         <size>0x8c</size>
         <input_file_ref idref="fl-d0"/>
      </object_component>
      <object_component id="oc-239">
         <name>.text:__aeabi_cdcmple</name>
         <load_address>0x3568</load_address>
         <run_address>0x3568</run_address>
         <size>0x86</size>
         <input_file_ref idref="fl-d9"/>
      </object_component>
      <object_component id="oc-2e5">
         <name>.text:__aeabi_cdrcmple</name>
         <load_address>0x35ee</load_address>
         <run_address>0x35ee</run_address>
         <size>0x86</size>
         <input_file_ref idref="fl-d9"/>
      </object_component>
      <object_component id="oc-47b">
         <name>.text:split</name>
         <load_address>0x3674</load_address>
         <run_address>0x3674</run_address>
         <size>0x7c</size>
         <input_file_ref idref="fl-ea"/>
      </object_component>
      <object_component id="oc-a3">
         <name>.text</name>
         <load_address>0x36f0</load_address>
         <run_address>0x36f0</run_address>
         <size>0x7a</size>
         <input_file_ref idref="fl-d7"/>
      </object_component>
      <object_component id="oc-43a">
         <name>.text:__TI_closefile</name>
         <load_address>0x376c</load_address>
         <run_address>0x376c</run_address>
         <size>0x74</size>
         <input_file_ref idref="fl-106"/>
      </object_component>
      <object_component id="oc-305">
         <name>.text:_mcpy</name>
         <load_address>0x37e0</load_address>
         <run_address>0x37e0</run_address>
         <size>0x6e</size>
         <input_file_ref idref="fl-cf"/>
      </object_component>
      <object_component id="oc-192">
         <name>.text</name>
         <load_address>0x3850</load_address>
         <run_address>0x3850</run_address>
         <size>0x68</size>
         <input_file_ref idref="fl-2"/>
      </object_component>
      <object_component id="oc-45e">
         <name>.text:HOSTlseek</name>
         <load_address>0x38b8</load_address>
         <run_address>0x38b8</run_address>
         <size>0x68</size>
         <input_file_ref idref="fl-fd"/>
      </object_component>
      <object_component id="oc-46a">
         <name>.text:HOSTrename</name>
         <load_address>0x3920</load_address>
         <run_address>0x3920</run_address>
         <size>0x68</size>
         <input_file_ref idref="fl-100"/>
      </object_component>
      <object_component id="oc-14">
         <name>.text:decompress:lzss:__TI_decompress_lzss</name>
         <load_address>0x3988</load_address>
         <run_address>0x3988</run_address>
         <size>0x68</size>
         <input_file_ref idref="fl-e1"/>
      </object_component>
      <object_component id="oc-ce">
         <name>.text:printf</name>
         <load_address>0x39f0</load_address>
         <run_address>0x39f0</run_address>
         <size>0x68</size>
         <input_file_ref idref="fl-ce"/>
      </object_component>
      <object_component id="oc-fc">
         <name>.text:UART_getEnabledInterruptStatus</name>
         <load_address>0x3a58</load_address>
         <run_address>0x3a58</run_address>
         <size>0x64</size>
         <input_file_ref idref="fl-115"/>
      </object_component>
      <object_component id="oc-31a">
         <name>.text:frexp</name>
         <load_address>0x3abc</load_address>
         <run_address>0x3abc</run_address>
         <size>0x64</size>
         <input_file_ref idref="fl-d4"/>
      </object_component>
      <object_component id="oc-3b6">
         <name>.text:fseek</name>
         <load_address>0x3b20</load_address>
         <run_address>0x3b20</run_address>
         <size>0x64</size>
         <input_file_ref idref="fl-f6"/>
      </object_component>
      <object_component id="oc-351">
         <name>.text:__TI_wrt_ok</name>
         <load_address>0x3b84</load_address>
         <run_address>0x3b84</run_address>
         <size>0x62</size>
         <input_file_ref idref="fl-d2"/>
      </object_component>
      <object_component id="oc-446">
         <name>.text:HOSTopen</name>
         <load_address>0x3be8</load_address>
         <run_address>0x3be8</run_address>
         <size>0x60</size>
         <input_file_ref idref="fl-fe"/>
      </object_component>
      <object_component id="oc-482">
         <name>.text:close</name>
         <load_address>0x3c48</load_address>
         <run_address>0x3c48</run_address>
         <size>0x5c</size>
         <input_file_ref idref="fl-10c"/>
      </object_component>
      <object_component id="oc-452">
         <name>.text:HOSTread</name>
         <load_address>0x3ca4</load_address>
         <run_address>0x3ca4</run_address>
         <size>0x58</size>
         <input_file_ref idref="fl-ff"/>
      </object_component>
      <object_component id="oc-458">
         <name>.text:HOSTwrite</name>
         <load_address>0x3cfc</load_address>
         <run_address>0x3cfc</run_address>
         <size>0x58</size>
         <input_file_ref idref="fl-102"/>
      </object_component>
      <object_component id="oc-244">
         <name>.text:_pconv_f</name>
         <load_address>0x3d54</load_address>
         <run_address>0x3d54</run_address>
         <size>0x56</size>
         <input_file_ref idref="fl-cf"/>
      </object_component>
      <object_component id="oc-2ef">
         <name>.text:ltoa</name>
         <load_address>0x3daa</load_address>
         <run_address>0x3daa</run_address>
         <size>0x54</size>
         <input_file_ref idref="fl-e7"/>
      </object_component>
      <object_component id="oc-2ff">
         <name>.text:_ecpy</name>
         <load_address>0x3dfe</load_address>
         <run_address>0x3dfe</run_address>
         <size>0x52</size>
         <input_file_ref idref="fl-cf"/>
      </object_component>
      <object_component id="oc-35d">
         <name>.text:__TI_doflush</name>
         <load_address>0x3e50</load_address>
         <run_address>0x3e50</run_address>
         <size>0x4c</size>
         <input_file_ref idref="fl-f4"/>
      </object_component>
      <object_component id="oc-22d">
         <name>.text:atoi</name>
         <load_address>0x3e9c</load_address>
         <run_address>0x3e9c</run_address>
         <size>0x4c</size>
         <input_file_ref idref="fl-e4"/>
      </object_component>
      <object_component id="oc-144">
         <name>.text:exit</name>
         <load_address>0x3ee8</load_address>
         <run_address>0x3ee8</run_address>
         <size>0x48</size>
         <input_file_ref idref="fl-e2"/>
      </object_component>
      <object_component id="oc-2ea">
         <name>.text</name>
         <load_address>0x3f30</load_address>
         <run_address>0x3f30</run_address>
         <size>0x48</size>
         <input_file_ref idref="fl-dc"/>
      </object_component>
      <object_component id="oc-44c">
         <name>.text:HOSTclose</name>
         <load_address>0x3f78</load_address>
         <run_address>0x3f78</run_address>
         <size>0x44</size>
         <input_file_ref idref="fl-fc"/>
      </object_component>
      <object_component id="oc-464">
         <name>.text:HOSTunlink</name>
         <load_address>0x3fbc</load_address>
         <run_address>0x3fbc</run_address>
         <size>0x44</size>
         <input_file_ref idref="fl-101"/>
      </object_component>
      <object_component id="oc-14a">
         <name>.text:__TI_auto_init_nobinit_nopinit:__TI_auto_init_nobinit_nopinit</name>
         <load_address>0x4000</load_address>
         <run_address>0x4000</run_address>
         <size>0x44</size>
         <input_file_ref idref="fl-f8"/>
      </object_component>
      <object_component id="oc-4ba">
         <name>.text:getdevice</name>
         <load_address>0x4044</load_address>
         <run_address>0x4044</run_address>
         <size>0x44</size>
         <input_file_ref idref="fl-107"/>
      </object_component>
      <object_component id="oc-312">
         <name>.text:_fcpy</name>
         <load_address>0x4088</load_address>
         <run_address>0x4088</run_address>
         <size>0x3e</size>
         <input_file_ref idref="fl-cf"/>
      </object_component>
      <object_component id="oc-493">
         <name>.text:__TI_writemsg</name>
         <load_address>0x40c8</load_address>
         <run_address>0x40c8</run_address>
         <size>0x38</size>
         <input_file_ref idref="fl-103"/>
      </object_component>
      <object_component id="oc-4dc">
         <name>.text:strncpy</name>
         <load_address>0x4100</load_address>
         <run_address>0x4100</run_address>
         <size>0x36</size>
         <input_file_ref idref="fl-10a"/>
      </object_component>
      <object_component id="oc-3fd">
         <name>.text:__TI_cleanup</name>
         <load_address>0x4138</load_address>
         <run_address>0x4138</run_address>
         <size>0x34</size>
         <input_file_ref idref="fl-f5"/>
      </object_component>
      <object_component id="oc-499">
         <name>.text:__TI_readmsg</name>
         <load_address>0x416c</load_address>
         <run_address>0x416c</run_address>
         <size>0x34</size>
         <input_file_ref idref="fl-103"/>
      </object_component>
      <object_component id="oc-55">
         <name>.text:_c_int00_noargs:_c_int00_noargs</name>
         <load_address>0x41a0</load_address>
         <run_address>0x41a0</run_address>
         <size>0x34</size>
         <input_file_ref idref="fl-f0"/>
      </object_component>
      <object_component id="oc-4e2">
         <name>.text:finddevice</name>
         <load_address>0x41d4</load_address>
         <run_address>0x41d4</run_address>
         <size>0x30</size>
         <input_file_ref idref="fl-107"/>
      </object_component>
      <object_component id="oc-2f5">
         <name>.text</name>
         <load_address>0x4204</load_address>
         <run_address>0x4204</run_address>
         <size>0x2e</size>
         <input_file_ref idref="fl-dd"/>
      </object_component>
      <object_component id="oc-488">
         <name>.text:unlink</name>
         <load_address>0x4234</load_address>
         <run_address>0x4234</run_address>
         <size>0x2c</size>
         <input_file_ref idref="fl-10d"/>
      </object_component>
      <object_component id="oc-42c">
         <name>.text:free_list_insert</name>
         <load_address>0x4260</load_address>
         <run_address>0x4260</run_address>
         <size>0x28</size>
         <input_file_ref idref="fl-ea"/>
      </object_component>
      <object_component id="oc-3e9">
         <name>.text:lseek</name>
         <load_address>0x4288</load_address>
         <run_address>0x4288</run_address>
         <size>0x28</size>
         <input_file_ref idref="fl-105"/>
      </object_component>
      <object_component id="oc-363">
         <name>.text:write</name>
         <load_address>0x42b0</load_address>
         <run_address>0x42b0</run_address>
         <size>0x28</size>
         <input_file_ref idref="fl-ee"/>
      </object_component>
      <object_component id="oc-357">
         <name>.text:memchr</name>
         <load_address>0x42d8</load_address>
         <run_address>0x42d8</run_address>
         <size>0x20</size>
         <input_file_ref idref="fl-e9"/>
      </object_component>
      <object_component id="oc-426">
         <name>.text:free_list_remove</name>
         <load_address>0x42f8</load_address>
         <run_address>0x42f8</run_address>
         <size>0x1c</size>
         <input_file_ref idref="fl-ea"/>
      </object_component>
      <object_component id="oc-256">
         <name>.text:memccpy</name>
         <load_address>0x4314</load_address>
         <run_address>0x4314</run_address>
         <size>0x1c</size>
         <input_file_ref idref="fl-e8"/>
      </object_component>
      <object_component id="oc-39a">
         <name>.text:copysign</name>
         <load_address>0x4330</load_address>
         <run_address>0x4330</run_address>
         <size>0x1a</size>
         <input_file_ref idref="fl-f3"/>
      </object_component>
      <object_component id="oc-1e2">
         <name>.text:UART_getInterruptStatus</name>
         <load_address>0x434a</load_address>
         <run_address>0x434a</run_address>
         <size>0x18</size>
         <input_file_ref idref="fl-115"/>
      </object_component>
      <object_component id="oc-4f9">
         <name>.text:strcmp</name>
         <load_address>0x4362</load_address>
         <run_address>0x4362</run_address>
         <size>0x18</size>
         <input_file_ref idref="fl-108"/>
      </object_component>
      <object_component id="oc-326">
         <name>.text:strchr</name>
         <load_address>0x437a</load_address>
         <run_address>0x437a</run_address>
         <size>0x16</size>
         <input_file_ref idref="fl-eb"/>
      </object_component>
      <object_component id="oc-4ad">
         <name>.text:strcpy</name>
         <load_address>0x4390</load_address>
         <run_address>0x4390</run_address>
         <size>0x14</size>
         <input_file_ref idref="fl-109"/>
      </object_component>
      <object_component id="oc-227">
         <name>.text:strlen</name>
         <load_address>0x43a4</load_address>
         <run_address>0x43a4</run_address>
         <size>0x14</size>
         <input_file_ref idref="fl-ec"/>
      </object_component>
      <object_component id="oc-25c">
         <name>.text:wcslen</name>
         <load_address>0x43b8</load_address>
         <run_address>0x43b8</run_address>
         <size>0x12</size>
         <input_file_ref idref="fl-f2"/>
      </object_component>
      <object_component id="oc-1a">
         <name>.text:decompress:none:__TI_decompress_none</name>
         <load_address>0x43ca</load_address>
         <run_address>0x43ca</run_address>
         <size>0xe</size>
         <input_file_ref idref="fl-e0"/>
      </object_component>
      <object_component id="oc-67">
         <name>.text</name>
         <load_address>0x43d8</load_address>
         <run_address>0x43d8</run_address>
         <size>0xe</size>
         <input_file_ref idref="fl-a"/>
      </object_component>
      <object_component id="oc-49">
         <name>.text:decompress:ZI:__TI_zero_init</name>
         <load_address>0x43e6</load_address>
         <run_address>0x43e6</run_address>
         <size>0xc</size>
         <input_file_ref idref="fl-df"/>
      </object_component>
      <object_component id="oc-262">
         <name>.text:__aeabi_errno_addr</name>
         <load_address>0x43f4</load_address>
         <run_address>0x43f4</run_address>
         <size>0x8</size>
         <input_file_ref idref="fl-f1"/>
      </object_component>
      <object_component id="oc-3f7">
         <name>.text:malloc</name>
         <load_address>0x43fc</load_address>
         <run_address>0x43fc</run_address>
         <size>0x8</size>
         <input_file_ref idref="fl-ea"/>
      </object_component>
      <object_component id="oc-1ae">
         <name>.text:_outc</name>
         <load_address>0x4404</load_address>
         <run_address>0x4404</run_address>
         <size>0x4</size>
         <input_file_ref idref="fl-ce"/>
      </object_component>
      <object_component id="oc-1a8">
         <name>.text:_outs</name>
         <load_address>0x4408</load_address>
         <run_address>0x4408</run_address>
         <size>0x4</size>
         <input_file_ref idref="fl-ce"/>
      </object_component>
      <object_component id="oc-a9">
         <name>.text:_system_pre_init</name>
         <load_address>0x440c</load_address>
         <run_address>0x440c</run_address>
         <size>0x4</size>
         <input_file_ref idref="fl-f9"/>
      </object_component>
      <object_component id="oc-13e">
         <name>.text:abort:abort</name>
         <load_address>0x4410</load_address>
         <run_address>0x4410</run_address>
         <size>0x4</size>
         <input_file_ref idref="fl-e2"/>
      </object_component>
      <object_component id="oc-2cf">
         <name>.const:.string:_ctypes_</name>
         <load_address>0x4414</load_address>
         <run_address>0x4414</run_address>
         <size>0x101</size>
         <input_file_ref idref="fl-e5"/>
      </object_component>
      <object_component id="oc-537">
         <name>.cinit..data.load</name>
         <load_address>0x4518</load_address>
         <run_address>0x4518</run_address>
         <size>0x6e</size>
      </object_component>
      <object_component id="oc-535">
         <name>__TI_handler_table</name>
         <load_address>0x4588</load_address>
         <run_address>0x4588</run_address>
         <size>0xc</size>
      </object_component>
      <object_component id="oc-538">
         <name>.cinit..bss.load</name>
         <load_address>0x4598</load_address>
         <run_address>0x4598</run_address>
         <size>0x8</size>
      </object_component>
      <object_component id="oc-536">
         <name>__TI_cinit_table</name>
         <load_address>0x45a0</load_address>
         <run_address>0x45a0</run_address>
         <size>0x10</size>
      </object_component>
      <object_component id="oc-50a">
         <name>.binit</name>
         <load_address>0x0</load_address>
         <run_address>0x0</run_address>
         <size>0x0</size>
      </object_component>
      <object_component id="oc-198">
         <name>.data</name>
         <load_address>0x20002b18</load_address>
         <run_address>0x20002b18</run_address>
         <size>0x4</size>
         <input_file_ref idref="fl-5"/>
      </object_component>
      <object_component id="oc-112">
         <name>.data</name>
         <load_address>0x20002afc</load_address>
         <run_address>0x20002afc</run_address>
         <size>0xc</size>
         <input_file_ref idref="fl-8"/>
      </object_component>
      <object_component id="oc-17c">
         <name>.data</name>
         <load_address>0x20002b20</load_address>
         <run_address>0x20002b20</run_address>
         <size>0x4</size>
         <input_file_ref idref="fl-b"/>
      </object_component>
      <object_component id="oc-1f5">
         <name>.data:$O1$$</name>
         <load_address>0x20002af0</load_address>
         <run_address>0x20002af0</run_address>
         <size>0xc</size>
         <input_file_ref idref="fl-e2"/>
      </object_component>
      <object_component id="oc-1a2">
         <name>.data:$O1$$</name>
         <load_address>0x20002b08</load_address>
         <run_address>0x20002b08</run_address>
         <size>0x8</size>
         <input_file_ref idref="fl-e3"/>
      </object_component>
      <object_component id="oc-1a5">
         <name>.data:_ftable</name>
         <load_address>0x20002928</load_address>
         <run_address>0x20002928</run_address>
         <size>0xf0</size>
         <input_file_ref idref="fl-e6"/>
      </object_component>
      <object_component id="oc-440">
         <name>.data</name>
         <load_address>0x20002ae0</load_address>
         <run_address>0x20002ae0</run_address>
         <size>0x10</size>
         <input_file_ref idref="fl-e6"/>
      </object_component>
      <object_component id="oc-476">
         <name>.data:$O1$$</name>
         <load_address>0x20002b10</load_address>
         <run_address>0x20002b10</run_address>
         <size>0x8</size>
         <input_file_ref idref="fl-ea"/>
      </object_component>
      <object_component id="oc-410">
         <name>.data:_device</name>
         <load_address>0x20002a18</load_address>
         <run_address>0x20002a18</run_address>
         <size>0x78</size>
         <input_file_ref idref="fl-ef"/>
      </object_component>
      <object_component id="oc-3c8">
         <name>.data:_stream</name>
         <load_address>0x20002a90</load_address>
         <run_address>0x20002a90</run_address>
         <size>0x50</size>
         <input_file_ref idref="fl-ef"/>
      </object_component>
      <object_component id="oc-336">
         <name>.data</name>
         <load_address>0x20002b1c</load_address>
         <run_address>0x20002b1c</run_address>
         <size>0x4</size>
         <input_file_ref idref="fl-f1"/>
      </object_component>
      <object_component id="oc-4c4">
         <name>.bss:_CIOBUF_</name>
         <uninitialized>true</uninitialized>
         <run_address>0x200022c0</run_address>
         <size>0x120</size>
         <input_file_ref idref="fl-103"/>
      </object_component>
      <object_component id="oc-221">
         <name>.common:pointer</name>
         <uninitialized>true</uninitialized>
         <run_address>0x200024fc</run_address>
         <size>0x4</size>
      </object_component>
      <object_component id="oc-21b">
         <name>.common:mapsCarLo</name>
         <uninitialized>true</uninitialized>
         <run_address>0x20001640</run_address>
         <size>0x640</size>
      </object_component>
      <object_component id="oc-21c">
         <name>.common:currCLPointer</name>
         <uninitialized>true</uninitialized>
         <run_address>0x200024a8</run_address>
         <size>0x8</size>
      </object_component>
      <object_component id="oc-217">
         <name>.common:prevPointer</name>
         <uninitialized>true</uninitialized>
         <run_address>0x20002500</run_address>
         <size>0x4</size>
      </object_component>
      <object_component id="oc-213">
         <name>.common:mapsCO</name>
         <uninitialized>true</uninitialized>
         <run_address>0x20001000</run_address>
         <size>0x640</size>
      </object_component>
      <object_component id="oc-216">
         <name>.common:currCOPointer</name>
         <uninitialized>true</uninitialized>
         <run_address>0x200024b0</run_address>
         <size>0x8</size>
      </object_component>
      <object_component id="oc-21e">
         <name>.common:mapsObstacle</name>
         <uninitialized>true</uninitialized>
         <run_address>0x20001c80</run_address>
         <size>0x640</size>
      </object_component>
      <object_component id="oc-21f">
         <name>.common:currPointer</name>
         <uninitialized>true</uninitialized>
         <run_address>0x200024b8</run_address>
         <size>0x8</size>
      </object_component>
      <object_component id="oc-e9">
         <name>.common:isForward</name>
         <uninitialized>true</uninitialized>
         <run_address>0x200024ec</run_address>
         <size>0x4</size>
      </object_component>
      <object_component id="oc-d4">
         <name>.common:continues</name>
         <uninitialized>true</uninitialized>
         <run_address>0x200024dc</run_address>
         <size>0x4</size>
      </object_component>
      <object_component id="oc-de">
         <name>.common:seconds</name>
         <uninitialized>true</uninitialized>
         <run_address>0x20002508</run_address>
         <size>0x4</size>
      </object_component>
      <object_component id="oc-da">
         <name>.common:distanceU</name>
         <uninitialized>true</uninitialized>
         <run_address>0x200024e8</run_address>
         <size>0x4</size>
      </object_component>
      <object_component id="oc-d9">
         <name>.common:sensor</name>
         <uninitialized>true</uninitialized>
         <run_address>0x2000250c</run_address>
         <size>0x4</size>
      </object_component>
      <object_component id="oc-dd">
         <name>.common:average_distance</name>
         <uninitialized>true</uninitialized>
         <run_address>0x200024d8</run_address>
         <size>0x4</size>
      </object_component>
      <object_component id="oc-dc">
         <name>.common:usRange</name>
         <uninitialized>true</uninitialized>
         <run_address>0x20002480</run_address>
         <size>0x28</size>
      </object_component>
      <object_component id="oc-db">
         <name>.common:sum_distance</name>
         <uninitialized>true</uninitialized>
         <run_address>0x20002510</run_address>
         <size>0x4</size>
      </object_component>
      <object_component id="oc-110">
         <name>.common:count</name>
         <uninitialized>true</uninitialized>
         <run_address>0x200024e0</run_address>
         <size>0x4</size>
      </object_component>
      <object_component id="oc-115">
         <name>.common:lcount</name>
         <uninitialized>true</uninitialized>
         <run_address>0x200024f4</run_address>
         <size>0x4</size>
      </object_component>
      <object_component id="oc-118">
         <name>.common:rev</name>
         <uninitialized>true</uninitialized>
         <run_address>0x20002504</run_address>
         <size>0x4</size>
      </object_component>
      <object_component id="oc-116">
         <name>.common:lrev</name>
         <uninitialized>true</uninitialized>
         <run_address>0x200024f8</run_address>
         <size>0x4</size>
      </object_component>
      <object_component id="oc-117">
         <name>.common:j</name>
         <uninitialized>true</uninitialized>
         <run_address>0x200024f0</run_address>
         <size>0x4</size>
      </object_component>
      <object_component id="oc-111">
         <name>.common:distance</name>
         <uninitialized>true</uninitialized>
         <run_address>0x200024e4</run_address>
         <size>0x4</size>
      </object_component>
      <object_component id="oc-e0">
         <name>.common:AIN1</name>
         <uninitialized>true</uninitialized>
         <run_address>0x20002514</run_address>
         <size>0x2</size>
      </object_component>
      <object_component id="oc-e3">
         <name>.common:AIN2</name>
         <uninitialized>true</uninitialized>
         <run_address>0x20002516</run_address>
         <size>0x2</size>
      </object_component>
      <object_component id="oc-e4">
         <name>.common:BIN1</name>
         <uninitialized>true</uninitialized>
         <run_address>0x20002518</run_address>
         <size>0x2</size>
      </object_component>
      <object_component id="oc-e5">
         <name>.common:BIN2</name>
         <uninitialized>true</uninitialized>
         <run_address>0x2000251a</run_address>
         <size>0x2</size>
      </object_component>
      <object_component id="oc-e6">
         <name>.common:PWM1</name>
         <uninitialized>true</uninitialized>
         <run_address>0x2000251c</run_address>
         <size>0x2</size>
      </object_component>
      <object_component id="oc-e7">
         <name>.common:PWM2</name>
         <uninitialized>true</uninitialized>
         <run_address>0x2000251e</run_address>
         <size>0x2</size>
      </object_component>
      <object_component id="oc-e8">
         <name>.common:STBY</name>
         <uninitialized>true</uninitialized>
         <run_address>0x20002520</run_address>
         <size>0x2</size>
      </object_component>
      <object_component id="oc-106">
         <name>.common:UARTA0Data</name>
         <uninitialized>true</uninitialized>
         <run_address>0x20000000</run_address>
         <size>0x800</size>
      </object_component>
      <object_component id="oc-102">
         <name>.common:UARTA0ReadIndex</name>
         <uninitialized>true</uninitialized>
         <run_address>0x200024c8</run_address>
         <size>0x4</size>
      </object_component>
      <object_component id="oc-105">
         <name>.common:UARTA0WriteIndex</name>
         <uninitialized>true</uninitialized>
         <run_address>0x200024cc</run_address>
         <size>0x4</size>
      </object_component>
      <object_component id="oc-109">
         <name>.common:UARTA2Data</name>
         <uninitialized>true</uninitialized>
         <run_address>0x20000800</run_address>
         <size>0x800</size>
      </object_component>
      <object_component id="oc-107">
         <name>.common:UARTA2ReadIndex</name>
         <uninitialized>true</uninitialized>
         <run_address>0x200024d0</run_address>
         <size>0x4</size>
      </object_component>
      <object_component id="oc-108">
         <name>.common:UARTA2WriteIndex</name>
         <uninitialized>true</uninitialized>
         <run_address>0x200024d4</run_address>
         <size>0x4</size>
      </object_component>
      <object_component id="oc-48e">
         <name>.common:__TI_tmpnams</name>
         <uninitialized>true</uninitialized>
         <run_address>0x200023e0</run_address>
         <size>0xa0</size>
      </object_component>
      <object_component id="oc-49f">
         <name>.common:parmbuf</name>
         <uninitialized>true</uninitialized>
         <run_address>0x200024c0</run_address>
         <size>0x8</size>
      </object_component>
      <object_component id="oc-26">
         <name>.sysmem</name>
         <uninitialized>true</uninitialized>
         <run_address>0x20002528</run_address>
         <size>0x10</size>
         <input_file_ref idref="fl-ea"/>
      </object_component>
      <object_component id="oc-53a">
         <name>.sysmem</name>
         <uninitialized>true</uninitialized>
         <run_address>0x20002528</run_address>
         <size>0x0</size>
      </object_component>
      <object_component id="oc-29">
         <name>.stack</name>
         <uninitialized>true</uninitialized>
         <run_address>0x2000fe00</run_address>
         <size>0x4</size>
         <input_file_ref idref="fl-f0"/>
      </object_component>
      <object_component id="oc-539">
         <name>.stack</name>
         <uninitialized>true</uninitialized>
         <run_address>0x2000fe00</run_address>
         <size>0x0</size>
      </object_component>
      <object_component id="oc-222">
         <name>.debug_info</name>
         <load_address>0x0</load_address>
         <run_address>0x0</run_address>
         <size>0x29c</size>
         <input_file_ref idref="fl-2"/>
      </object_component>
      <object_component id="oc-195">
         <name>.debug_info</name>
         <load_address>0x29c</load_address>
         <run_address>0x29c</run_address>
         <size>0x1b1</size>
         <input_file_ref idref="fl-2"/>
      </object_component>
      <object_component id="oc-32">
         <name>.debug_info</name>
         <load_address>0x44d</load_address>
         <run_address>0x44d</run_address>
         <size>0x84</size>
         <input_file_ref idref="fl-2"/>
      </object_component>
      <object_component id="oc-1f2">
         <name>.debug_info</name>
         <load_address>0x4d1</load_address>
         <run_address>0x4d1</run_address>
         <size>0x350</size>
         <input_file_ref idref="fl-3"/>
      </object_component>
      <object_component id="oc-188">
         <name>.debug_info</name>
         <load_address>0x821</load_address>
         <run_address>0x821</run_address>
         <size>0x447</size>
         <input_file_ref idref="fl-3"/>
      </object_component>
      <object_component id="oc-11c">
         <name>.debug_info</name>
         <load_address>0xc68</load_address>
         <run_address>0xc68</run_address>
         <size>0x26b</size>
         <input_file_ref idref="fl-3"/>
      </object_component>
      <object_component id="oc-1d6">
         <name>.debug_info</name>
         <load_address>0xed3</load_address>
         <run_address>0xed3</run_address>
         <size>0x297</size>
         <input_file_ref idref="fl-3"/>
      </object_component>
      <object_component id="oc-2a6">
         <name>.debug_info</name>
         <load_address>0x116a</load_address>
         <run_address>0x116a</run_address>
         <size>0x2c</size>
         <input_file_ref idref="fl-3"/>
      </object_component>
      <object_component id="oc-1b6">
         <name>.debug_info</name>
         <load_address>0x1196</load_address>
         <run_address>0x1196</run_address>
         <size>0x2c</size>
         <input_file_ref idref="fl-3"/>
      </object_component>
      <object_component id="oc-214">
         <name>.debug_info</name>
         <load_address>0x11c2</load_address>
         <run_address>0x11c2</run_address>
         <size>0x341</size>
         <input_file_ref idref="fl-4"/>
      </object_component>
      <object_component id="oc-182">
         <name>.debug_info</name>
         <load_address>0x1503</load_address>
         <run_address>0x1503</run_address>
         <size>0x3ad</size>
         <input_file_ref idref="fl-4"/>
      </object_component>
      <object_component id="oc-1cd">
         <name>.debug_info</name>
         <load_address>0x18b0</load_address>
         <run_address>0x18b0</run_address>
         <size>0x2c</size>
         <input_file_ref idref="fl-4"/>
      </object_component>
      <object_component id="oc-ea">
         <name>.debug_info</name>
         <load_address>0x18dc</load_address>
         <run_address>0x18dc</run_address>
         <size>0xa85</size>
         <input_file_ref idref="fl-5"/>
      </object_component>
      <object_component id="oc-199">
         <name>.debug_info</name>
         <load_address>0x2361</load_address>
         <run_address>0x2361</run_address>
         <size>0xdc</size>
         <input_file_ref idref="fl-5"/>
      </object_component>
      <object_component id="oc-c9">
         <name>.debug_info</name>
         <load_address>0x243d</load_address>
         <run_address>0x243d</run_address>
         <size>0x90c</size>
         <input_file_ref idref="fl-5"/>
      </object_component>
      <object_component id="oc-1c2">
         <name>.debug_info</name>
         <load_address>0x2d49</load_address>
         <run_address>0x2d49</run_address>
         <size>0x1055</size>
         <input_file_ref idref="fl-5"/>
      </object_component>
      <object_component id="oc-1bd">
         <name>.debug_info</name>
         <load_address>0x3d9e</load_address>
         <run_address>0x3d9e</run_address>
         <size>0x37e2</size>
         <input_file_ref idref="fl-5"/>
      </object_component>
      <object_component id="oc-1e9">
         <name>.debug_info</name>
         <load_address>0x7580</load_address>
         <run_address>0x7580</run_address>
         <size>0xef</size>
         <input_file_ref idref="fl-5"/>
      </object_component>
      <object_component id="oc-f1">
         <name>.debug_info</name>
         <load_address>0x766f</load_address>
         <run_address>0x766f</run_address>
         <size>0xbb</size>
         <input_file_ref idref="fl-5"/>
      </object_component>
      <object_component id="oc-10b">
         <name>.debug_info</name>
         <load_address>0x772a</load_address>
         <run_address>0x772a</run_address>
         <size>0x102</size>
         <input_file_ref idref="fl-5"/>
      </object_component>
      <object_component id="oc-218">
         <name>.debug_info</name>
         <load_address>0x782c</load_address>
         <run_address>0x782c</run_address>
         <size>0x34f</size>
         <input_file_ref idref="fl-6"/>
      </object_component>
      <object_component id="oc-18d">
         <name>.debug_info</name>
         <load_address>0x7b7b</load_address>
         <run_address>0x7b7b</run_address>
         <size>0x389</size>
         <input_file_ref idref="fl-6"/>
      </object_component>
      <object_component id="oc-2c6">
         <name>.debug_info</name>
         <load_address>0x7f04</load_address>
         <run_address>0x7f04</run_address>
         <size>0x2c</size>
         <input_file_ref idref="fl-6"/>
      </object_component>
      <object_component id="oc-d5">
         <name>.debug_info</name>
         <load_address>0x7f30</load_address>
         <run_address>0x7f30</run_address>
         <size>0x8da</size>
         <input_file_ref idref="fl-7"/>
      </object_component>
      <object_component id="oc-6e">
         <name>.debug_info</name>
         <load_address>0x880a</load_address>
         <run_address>0x880a</run_address>
         <size>0x519</size>
         <input_file_ref idref="fl-7"/>
      </object_component>
      <object_component id="oc-ec">
         <name>.debug_info</name>
         <load_address>0x8d23</load_address>
         <run_address>0x8d23</run_address>
         <size>0x7d2</size>
         <input_file_ref idref="fl-8"/>
      </object_component>
      <object_component id="oc-113">
         <name>.debug_info</name>
         <load_address>0x94f5</load_address>
         <run_address>0x94f5</run_address>
         <size>0x122</size>
         <input_file_ref idref="fl-8"/>
      </object_component>
      <object_component id="oc-80">
         <name>.debug_info</name>
         <load_address>0x9617</load_address>
         <run_address>0x9617</run_address>
         <size>0x365</size>
         <input_file_ref idref="fl-8"/>
      </object_component>
      <object_component id="oc-d7">
         <name>.debug_info</name>
         <load_address>0x997c</load_address>
         <run_address>0x997c</run_address>
         <size>0x7bd</size>
         <input_file_ref idref="fl-9"/>
      </object_component>
      <object_component id="oc-b3">
         <name>.debug_info</name>
         <load_address>0xa139</load_address>
         <run_address>0xa139</run_address>
         <size>0x1b0</size>
         <input_file_ref idref="fl-9"/>
      </object_component>
      <object_component id="oc-87">
         <name>.debug_info</name>
         <load_address>0xa2e9</load_address>
         <run_address>0xa2e9</run_address>
         <size>0x2ce</size>
         <input_file_ref idref="fl-a"/>
      </object_component>
      <object_component id="oc-24">
         <name>.debug_info</name>
         <load_address>0xa5b7</load_address>
         <run_address>0xa5b7</run_address>
         <size>0xfa</size>
         <input_file_ref idref="fl-a"/>
      </object_component>
      <object_component id="oc-6b">
         <name>.debug_info</name>
         <load_address>0xa6b1</load_address>
         <run_address>0xa6b1</run_address>
         <size>0x1c1</size>
         <input_file_ref idref="fl-a"/>
      </object_component>
      <object_component id="oc-17d">
         <name>.debug_info</name>
         <load_address>0xa872</load_address>
         <run_address>0xa872</run_address>
         <size>0xf3</size>
         <input_file_ref idref="fl-b"/>
      </object_component>
      <object_component id="oc-c5">
         <name>.debug_info</name>
         <load_address>0xa965</load_address>
         <run_address>0xa965</run_address>
         <size>0x265</size>
         <input_file_ref idref="fl-b"/>
      </object_component>
      <object_component id="oc-ee">
         <name>.debug_info</name>
         <load_address>0xabca</load_address>
         <run_address>0xabca</run_address>
         <size>0x718</size>
         <input_file_ref idref="fl-c"/>
      </object_component>
      <object_component id="oc-e1">
         <name>.debug_info</name>
         <load_address>0xb2e2</load_address>
         <run_address>0xb2e2</run_address>
         <size>0x7ba</size>
         <input_file_ref idref="fl-d"/>
      </object_component>
      <object_component id="oc-74">
         <name>.debug_info</name>
         <load_address>0xba9c</load_address>
         <run_address>0xba9c</run_address>
         <size>0x4ce</size>
         <input_file_ref idref="fl-d"/>
      </object_component>
      <object_component id="oc-1dc">
         <name>.debug_info</name>
         <load_address>0xbf6a</load_address>
         <run_address>0xbf6a</run_address>
         <size>0x8b</size>
         <input_file_ref idref="fl-e"/>
      </object_component>
      <object_component id="oc-134">
         <name>.debug_info</name>
         <load_address>0xbff5</load_address>
         <run_address>0xbff5</run_address>
         <size>0x2c</size>
         <input_file_ref idref="fl-f"/>
      </object_component>
      <object_component id="oc-103">
         <name>.debug_info</name>
         <load_address>0xc021</load_address>
         <run_address>0xc021</run_address>
         <size>0x6f5</size>
         <input_file_ref idref="fl-13"/>
      </object_component>
      <object_component id="oc-7c">
         <name>.debug_info</name>
         <load_address>0xc716</load_address>
         <run_address>0xc716</run_address>
         <size>0x680</size>
         <input_file_ref idref="fl-13"/>
      </object_component>
      <object_component id="oc-1b5">
         <name>.debug_info</name>
         <load_address>0xcd96</load_address>
         <run_address>0xcd96</run_address>
         <size>0x3e6</size>
         <input_file_ref idref="fl-ce"/>
      </object_component>
      <object_component id="oc-1b0">
         <name>.debug_info</name>
         <load_address>0xd17c</load_address>
         <run_address>0xd17c</run_address>
         <size>0x158</size>
         <input_file_ref idref="fl-ce"/>
      </object_component>
      <object_component id="oc-1ab">
         <name>.debug_info</name>
         <load_address>0xd2d4</load_address>
         <run_address>0xd2d4</run_address>
         <size>0x167</size>
         <input_file_ref idref="fl-ce"/>
      </object_component>
      <object_component id="oc-d2">
         <name>.debug_info</name>
         <load_address>0xd43b</load_address>
         <run_address>0xd43b</run_address>
         <size>0x1ad</size>
         <input_file_ref idref="fl-ce"/>
      </object_component>
      <object_component id="oc-292">
         <name>.debug_info</name>
         <load_address>0xd5e8</load_address>
         <run_address>0xd5e8</run_address>
         <size>0xb2</size>
         <input_file_ref idref="fl-ce"/>
      </object_component>
      <object_component id="oc-269">
         <name>.debug_info</name>
         <load_address>0xd69a</load_address>
         <run_address>0xd69a</run_address>
         <size>0x57c</size>
         <input_file_ref idref="fl-cf"/>
      </object_component>
      <object_component id="oc-236">
         <name>.debug_info</name>
         <load_address>0xdc16</load_address>
         <run_address>0xdc16</run_address>
         <size>0x21f</size>
         <input_file_ref idref="fl-cf"/>
      </object_component>
      <object_component id="oc-302">
         <name>.debug_info</name>
         <load_address>0xde35</load_address>
         <run_address>0xde35</run_address>
         <size>0x1b4</size>
         <input_file_ref idref="fl-cf"/>
      </object_component>
      <object_component id="oc-309">
         <name>.debug_info</name>
         <load_address>0xdfe9</load_address>
         <run_address>0xdfe9</run_address>
         <size>0x21c</size>
         <input_file_ref idref="fl-cf"/>
      </object_component>
      <object_component id="oc-242">
         <name>.debug_info</name>
         <load_address>0xe205</load_address>
         <run_address>0xe205</run_address>
         <size>0x3bc</size>
         <input_file_ref idref="fl-cf"/>
      </object_component>
      <object_component id="oc-310">
         <name>.debug_info</name>
         <load_address>0xe5c1</load_address>
         <run_address>0xe5c1</run_address>
         <size>0x306</size>
         <input_file_ref idref="fl-cf"/>
      </object_component>
      <object_component id="oc-316">
         <name>.debug_info</name>
         <load_address>0xe8c7</load_address>
         <run_address>0xe8c7</run_address>
         <size>0x216</size>
         <input_file_ref idref="fl-cf"/>
      </object_component>
      <object_component id="oc-248">
         <name>.debug_info</name>
         <load_address>0xeadd</load_address>
         <run_address>0xeadd</run_address>
         <size>0x216</size>
         <input_file_ref idref="fl-cf"/>
      </object_component>
      <object_component id="oc-24e">
         <name>.debug_info</name>
         <load_address>0xecf3</load_address>
         <run_address>0xecf3</run_address>
         <size>0x305</size>
         <input_file_ref idref="fl-cf"/>
      </object_component>
      <object_component id="oc-254">
         <name>.debug_info</name>
         <load_address>0xeff8</load_address>
         <run_address>0xeff8</run_address>
         <size>0x4b1</size>
         <input_file_ref idref="fl-cf"/>
      </object_component>
      <object_component id="oc-1a0">
         <name>.debug_info</name>
         <load_address>0xf4a9</load_address>
         <run_address>0xf4a9</run_address>
         <size>0x5f5</size>
         <input_file_ref idref="fl-cf"/>
      </object_component>
      <object_component id="oc-26a">
         <name>.debug_info</name>
         <load_address>0xfa9e</load_address>
         <run_address>0xfa9e</run_address>
         <size>0x86</size>
         <input_file_ref idref="fl-cf"/>
      </object_component>
      <object_component id="oc-342">
         <name>.debug_info</name>
         <load_address>0xfb24</load_address>
         <run_address>0xfb24</run_address>
         <size>0x39</size>
         <input_file_ref idref="fl-cf"/>
      </object_component>
      <object_component id="oc-3b1">
         <name>.debug_info</name>
         <load_address>0xfb5d</load_address>
         <run_address>0xfb5d</run_address>
         <size>0xb6</size>
         <input_file_ref idref="fl-cf"/>
      </object_component>
      <object_component id="oc-347">
         <name>.debug_info</name>
         <load_address>0xfc13</load_address>
         <run_address>0xfc13</run_address>
         <size>0x46</size>
         <input_file_ref idref="fl-cf"/>
      </object_component>
      <object_component id="oc-26f">
         <name>.debug_info</name>
         <load_address>0xfc59</load_address>
         <run_address>0xfc59</run_address>
         <size>0x46</size>
         <input_file_ref idref="fl-cf"/>
      </object_component>
      <object_component id="oc-33d">
         <name>.debug_info</name>
         <load_address>0xfc9f</load_address>
         <run_address>0xfc9f</run_address>
         <size>0x2c</size>
         <input_file_ref idref="fl-cf"/>
      </object_component>
      <object_component id="oc-36c">
         <name>.debug_info</name>
         <load_address>0xfccb</load_address>
         <run_address>0xfccb</run_address>
         <size>0x384</size>
         <input_file_ref idref="fl-d0"/>
      </object_component>
      <object_component id="oc-28c">
         <name>.debug_info</name>
         <load_address>0x1004f</load_address>
         <run_address>0x1004f</run_address>
         <size>0x1eb</size>
         <input_file_ref idref="fl-d0"/>
      </object_component>
      <object_component id="oc-36a">
         <name>.debug_info</name>
         <load_address>0x1023a</load_address>
         <run_address>0x1023a</run_address>
         <size>0x3fd</size>
         <input_file_ref idref="fl-d1"/>
      </object_component>
      <object_component id="oc-283">
         <name>.debug_info</name>
         <load_address>0x10637</load_address>
         <run_address>0x10637</run_address>
         <size>0x2e3</size>
         <input_file_ref idref="fl-d1"/>
      </object_component>
      <object_component id="oc-3c3">
         <name>.debug_info</name>
         <load_address>0x1091a</load_address>
         <run_address>0x1091a</run_address>
         <size>0x301</size>
         <input_file_ref idref="fl-d2"/>
      </object_component>
      <object_component id="oc-352">
         <name>.debug_info</name>
         <load_address>0x10c1b</load_address>
         <run_address>0x10c1b</run_address>
         <size>0x19d</size>
         <input_file_ref idref="fl-d2"/>
      </object_component>
      <object_component id="oc-405">
         <name>.debug_info</name>
         <load_address>0x10db8</load_address>
         <run_address>0x10db8</run_address>
         <size>0xbf</size>
         <input_file_ref idref="fl-d2"/>
      </object_component>
      <object_component id="oc-404">
         <name>.debug_info</name>
         <load_address>0x10e77</load_address>
         <run_address>0x10e77</run_address>
         <size>0x375</size>
         <input_file_ref idref="fl-d3"/>
      </object_component>
      <object_component id="oc-3c0">
         <name>.debug_info</name>
         <load_address>0x111ec</load_address>
         <run_address>0x111ec</run_address>
         <size>0x20c</size>
         <input_file_ref idref="fl-d3"/>
      </object_component>
      <object_component id="oc-394">
         <name>.debug_info</name>
         <load_address>0x113f8</load_address>
         <run_address>0x113f8</run_address>
         <size>0x29b</size>
         <input_file_ref idref="fl-d4"/>
      </object_component>
      <object_component id="oc-31e">
         <name>.debug_info</name>
         <load_address>0x11693</load_address>
         <run_address>0x11693</run_address>
         <size>0x196</size>
         <input_file_ref idref="fl-d4"/>
      </object_component>
      <object_component id="oc-3df">
         <name>.debug_info</name>
         <load_address>0x11829</load_address>
         <run_address>0x11829</run_address>
         <size>0x39</size>
         <input_file_ref idref="fl-d4"/>
      </object_component>
      <object_component id="oc-395">
         <name>.debug_info</name>
         <load_address>0x11862</load_address>
         <run_address>0x11862</run_address>
         <size>0x2c</size>
         <input_file_ref idref="fl-d4"/>
      </object_component>
      <object_component id="oc-3a1">
         <name>.debug_info</name>
         <load_address>0x1188e</load_address>
         <run_address>0x1188e</run_address>
         <size>0x2fe</size>
         <input_file_ref idref="fl-d5"/>
      </object_component>
      <object_component id="oc-321">
         <name>.debug_info</name>
         <load_address>0x11b8c</load_address>
         <run_address>0x11b8c</run_address>
         <size>0x226</size>
         <input_file_ref idref="fl-d5"/>
      </object_component>
      <object_component id="oc-2d5">
         <name>.debug_info</name>
         <load_address>0x11db2</load_address>
         <run_address>0x11db2</run_address>
         <size>0x135</size>
         <input_file_ref idref="fl-d6"/>
      </object_component>
      <object_component id="oc-a5">
         <name>.debug_info</name>
         <load_address>0x11ee7</load_address>
[...]
         <name>__aeabi_memset8</name>
         <value>0x36f3</value>
         <object_component_ref idref="oc-a3"/>
      </symbol>
      <symbol id="sm-587">
         <name>__aeabi_memset4</name>
         <value>0x36f3</value>
         <object_component_ref idref="oc-a3"/>
      </symbol>
      <symbol id="sm-588">
         <name>__aeabi_memclr8</name>
         <value>0x36f1</value>
         <object_component_ref idref="oc-a3"/>
      </symbol>
      <symbol id="sm-589">
         <name>__aeabi_memclr4</name>
         <value>0x36f1</value>
         <object_component_ref idref="oc-a3"/>
      </symbol>
      <symbol id="sm-58a">
         <name>__aeabi_memclr</name>
         <value>0x36f1</value>
         <object_component_ref idref="oc-a3"/>
      </symbol>
      <symbol id="sm-5a1">
         <name>__aeabi_dsub</name>
         <value>0x24a9</value>
         <object_component_ref idref="oc-2fa"/>
      </symbol>
      <symbol id="sm-5a2">
         <name>__aeabi_dadd</name>
         <value>0x24b3</value>
         <object_component_ref idref="oc-2fa"/>
      </symbol>
      <symbol id="sm-5c4">
         <name>__aeabi_cdcmpeq</name>
         <value>0x3569</value>
         <object_component_ref idref="oc-239"/>
      </symbol>
      <symbol id="sm-5c5">
         <name>__aeabi_cdcmple</name>
         <value>0x3569</value>
         <object_component_ref idref="oc-239"/>
      </symbol>
      <symbol id="sm-5c6">
         <name>__aeabi_cdrcmple</name>
         <value>0x35ef</value>
         <object_component_ref idref="oc-2e5"/>
      </symbol>
      <symbol id="sm-5da">
         <name>__aeabi_ddiv</name>
         <value>0x279d</value>
         <object_component_ref idref="oc-2e0"/>
      </symbol>
      <symbol id="sm-5e5">
         <name>__aeabi_dmul</name>
         <value>0x2e5d</value>
         <object_component_ref idref="oc-2db"/>
      </symbol>
      <symbol id="sm-5ef">
         <name>__aeabi_d2iz</name>
         <value>0x3f31</value>
         <object_component_ref idref="oc-2ea"/>
      </symbol>
      <symbol id="sm-5f9">
         <name>__aeabi_i2d</name>
         <value>0x4205</value>
         <object_component_ref idref="oc-2f5"/>
      </symbol>
      <symbol id="sm-614">
         <name>memcpy</name>
         <value>0x33ab</value>
         <object_component_ref idref="oc-37"/>
      </symbol>
      <symbol id="sm-615">
         <name>__aeabi_memcpy</name>
         <value>0x33ab</value>
         <object_component_ref idref="oc-37"/>
      </symbol>
      <symbol id="sm-616">
         <name>__aeabi_memcpy8</name>
         <value>0x33ab</value>
         <object_component_ref idref="oc-37"/>
      </symbol>
      <symbol id="sm-617">
         <name>__aeabi_memcpy4</name>
         <value>0x33ab</value>
         <object_component_ref idref="oc-37"/>
      </symbol>
      <symbol id="sm-629">
         <name>__TI_zero_init</name>
         <value>0x43e7</value>
         <object_component_ref idref="oc-49"/>
      </symbol>
      <symbol id="sm-640">
         <name>__TI_decompress_none</name>
         <value>0x43cb</value>
         <object_component_ref idref="oc-1a"/>
      </symbol>
      <symbol id="sm-663">
         <name>__TI_decompress_lzss</name>
         <value>0x3989</value>
         <object_component_ref idref="oc-14"/>
      </symbol>
      <symbol id="sm-689">
         <name>C$$EXIT</name>
         <value>0x4411</value>
         <object_component_ref idref="oc-13e"/>
      </symbol>
      <symbol id="sm-68a">
         <name>abort</name>
         <value>0x4411</value>
         <object_component_ref idref="oc-13e"/>
      </symbol>
      <symbol id="sm-68b">
         <name>__TI_dtors_ptr</name>
         <value>0x20002af4</value>
         <object_component_ref idref="oc-1f5"/>
      </symbol>
      <symbol id="sm-68c">
         <name>__TI_cleanup_ptr</name>
         <value>0x20002af0</value>
         <object_component_ref idref="oc-1f5"/>
      </symbol>
      <symbol id="sm-68d">
         <name>__TI_enable_exit_profile_output</name>
         <value>0x20002af8</value>
         <object_component_ref idref="oc-1f5"/>
      </symbol>
      <symbol id="sm-68e">
         <name>exit</name>
         <value>0x3ee9</value>
         <object_component_ref idref="oc-144"/>
      </symbol>
      <symbol id="sm-6a3">
         <name>_nop</name>
         <value>0xb33</value>
         <object_component_ref idref="oc-274"/>
      </symbol>
      <symbol id="sm-6a4">
         <name>_lock</name>
         <value>0x20002b08</value>
         <object_component_ref idref="oc-1a2"/>
      </symbol>
      <symbol id="sm-6a5">
         <name>_unlock</name>
         <value>0x20002b0c</value>
         <object_component_ref idref="oc-1a2"/>
      </symbol>
      <symbol id="sm-6bb">
         <name>atoi</name>
         <value>0x3e9d</value>
         <object_component_ref idref="oc-22d"/>
      </symbol>
      <symbol id="sm-6c6">
         <name>_ctypes_</name>
         <value>0x4414</value>
         <object_component_ref idref="oc-2cf"/>
      </symbol>
      <symbol id="sm-6db">
         <name>__TI_tmpnams</name>
         <value>0x200023e0</value>
      </symbol>
      <symbol id="sm-6dc">
         <name>__aeabi_stdout</name>
         <value>0x20002ae8</value>
         <object_component_ref idref="oc-440"/>
      </symbol>
      <symbol id="sm-6dd">
         <name>__aeabi_stderr</name>
         <value>0x20002aec</value>
         <object_component_ref idref="oc-440"/>
      </symbol>
      <symbol id="sm-6de">
         <name>__aeabi_stdin</name>
         <value>0x20002ae4</value>
         <object_component_ref idref="oc-440"/>
      </symbol>
      <symbol id="sm-6df">
         <name>_ftable</name>
         <value>0x20002928</value>
         <object_component_ref idref="oc-1a5"/>
      </symbol>
      <symbol id="sm-6e0">
         <name>__TI_ft_end</name>
         <value>0x20002ae0</value>
         <object_component_ref idref="oc-440"/>
      </symbol>
      <symbol id="sm-6ef">
         <name>ltoa</name>
         <value>0x3dab</value>
         <object_component_ref idref="oc-2ef"/>
      </symbol>
      <symbol id="sm-6ff">
         <name>memccpy</name>
         <value>0x4315</value>
         <object_component_ref idref="oc-256"/>
      </symbol>
      <symbol id="sm-70f">
         <name>memchr</name>
         <value>0x42d9</value>
         <object_component_ref idref="oc-357"/>
      </symbol>
      <symbol id="sm-796">
         <name>_sys_memory</name>
         <value>0x20002528</value>
         <object_component_ref idref="oc-26"/>
      </symbol>
      <symbol id="sm-797">
         <name>free</name>
         <value>0x3135</value>
         <object_component_ref idref="oc-3f1"/>
      </symbol>
      <symbol id="sm-798">
         <name>memalign</name>
         <value>0x2f59</value>
         <object_component_ref idref="oc-433"/>
      </symbol>
      <symbol id="sm-799">
         <name>malloc</name>
         <value>0x43fd</value>
         <object_component_ref idref="oc-3f7"/>
      </symbol>
      <symbol id="sm-79a">
         <name>aligned_alloc</name>
         <value>0x2f59</value>
         <object_component_ref idref="oc-433"/>
      </symbol>
      <symbol id="sm-7aa">
         <name>strchr</name>
         <value>0x437b</value>
         <object_component_ref idref="oc-326"/>
      </symbol>
      <symbol id="sm-7b8">
         <name>strlen</name>
         <value>0x43a5</value>
         <object_component_ref idref="oc-227"/>
      </symbol>
      <symbol id="sm-7d3">
         <name>write</name>
         <value>0x42b1</value>
         <object_component_ref idref="oc-363"/>
      </symbol>
      <symbol id="sm-7e4">
         <name>_stream</name>
         <value>0x20002a90</value>
         <object_component_ref idref="oc-3c8"/>
      </symbol>
      <symbol id="sm-7e5">
         <name>_device</name>
         <value>0x20002a18</value>
         <object_component_ref idref="oc-410"/>
      </symbol>
      <symbol id="sm-7f8">
         <name>__stack</name>
         <value>0x2000fe00</value>
         <object_component_ref idref="oc-29"/>
      </symbol>
      <symbol id="sm-7f9">
         <name>_c_int00_noargs</name>
         <value>0x41a1</value>
         <object_component_ref idref="oc-55"/>
      </symbol>
      <symbol id="sm-80f">
         <name>__aeabi_errno_addr</name>
         <value>0x43f5</value>
         <object_component_ref idref="oc-262"/>
      </symbol>
      <symbol id="sm-810">
         <name>errno</name>
         <value>0x20002b1c</value>
         <object_component_ref idref="oc-336"/>
      </symbol>
      <symbol id="sm-829">
         <name>wcslen</name>
         <value>0x43b9</value>
         <object_component_ref idref="oc-25c"/>
      </symbol>
      <symbol id="sm-833">
         <name>copysign</name>
         <value>0x4331</value>
         <object_component_ref idref="oc-39a"/>
      </symbol>
      <symbol id="sm-834">
         <name>copysignl</name>
         <value>0x4331</value>
         <object_component_ref idref="oc-39a"/>
      </symbol>
      <symbol id="sm-844">
         <name>__TI_doflush</name>
         <value>0x3e51</value>
         <object_component_ref idref="oc-35d"/>
      </symbol>
      <symbol id="sm-854">
         <name>__TI_cleanup</name>
         <value>0x4139</value>
         <object_component_ref idref="oc-3fd"/>
      </symbol>
      <symbol id="sm-866">
         <name>fseek</name>
         <value>0x3b21</value>
         <object_component_ref idref="oc-3b6"/>
      </symbol>
      <symbol id="sm-870">
         <name>__aeabi_idiv0</name>
         <value>0x265f</value>
         <object_component_ref idref="oc-381"/>
      </symbol>
      <symbol id="sm-871">
         <name>__aeabi_ldiv0</name>
         <value>0x265f</value>
         <object_component_ref idref="oc-381"/>
      </symbol>
      <symbol id="sm-899">
         <name>__TI_auto_init_nobinit_nopinit</name>
         <value>0x4001</value>
         <object_component_ref idref="oc-14a"/>
      </symbol>
      <symbol id="sm-8a3">
         <name>_system_pre_init</name>
         <value>0x440d</value>
         <object_component_ref idref="oc-a9"/>
      </symbol>
      <symbol id="sm-8b6">
         <name>HOSTclose</name>
         <value>0x3f79</value>
         <object_component_ref idref="oc-44c"/>
      </symbol>
      <symbol id="sm-8c7">
         <name>HOSTlseek</name>
         <value>0x38b9</value>
         <object_component_ref idref="oc-45e"/>
      </symbol>
      <symbol id="sm-8d9">
         <name>parmbuf</name>
         <value>0x200024c0</value>
      </symbol>
      <symbol id="sm-8da">
         <name>HOSTopen</name>
         <value>0x3be9</value>
         <object_component_ref idref="oc-446"/>
      </symbol>
      <symbol id="sm-8eb">
         <name>HOSTread</name>
         <value>0x3ca5</value>
         <object_component_ref idref="oc-452"/>
      </symbol>
      <symbol id="sm-8fc">
         <name>HOSTrename</name>
         <value>0x3921</value>
         <object_component_ref idref="oc-46a"/>
      </symbol>
      <symbol id="sm-90d">
         <name>HOSTunlink</name>
         <value>0x3fbd</value>
         <object_component_ref idref="oc-464"/>
      </symbol>
      <symbol id="sm-91e">
         <name>HOSTwrite</name>
         <value>0x3cfd</value>
         <object_component_ref idref="oc-458"/>
      </symbol>
      <symbol id="sm-942">
         <name>__TI_readmsg</name>
         <value>0x416d</value>
         <object_component_ref idref="oc-499"/>
      </symbol>
      <symbol id="sm-943">
         <name>C$$IO$$</name>
         <value>0x40f7</value>
         <object_component_ref idref="oc-493"/>
      </symbol>
      <symbol id="sm-944">
         <name>__CIOBUF_</name>
         <value>0x200022c0</value>
         <object_component_ref idref="oc-4c4"/>
      </symbol>
      <symbol id="sm-945">
         <name>__TI_writemsg</name>
         <value>0x40c9</value>
         <object_component_ref idref="oc-493"/>
      </symbol>
      <symbol id="sm-956">
         <name>lseek</name>
         <value>0x4289</value>
         <object_component_ref idref="oc-3e9"/>
      </symbol>
      <symbol id="sm-96b">
         <name>__TI_closefile</name>
         <value>0x376d</value>
         <object_component_ref idref="oc-43a"/>
      </symbol>
      <symbol id="sm-98e">
         <name>finddevice</name>
         <value>0x41d5</value>
         <object_component_ref idref="oc-4e2"/>
      </symbol>
      <symbol id="sm-98f">
         <name>getdevice</name>
         <value>0x4045</value>
         <object_component_ref idref="oc-4ba"/>
      </symbol>
      <symbol id="sm-99e">
         <name>strcmp</name>
         <value>0x4363</value>
         <object_component_ref idref="oc-4f9"/>
      </symbol>
      <symbol id="sm-9ac">
         <name>strcpy</name>
         <value>0x4391</value>
         <object_component_ref idref="oc-4ad"/>
      </symbol>
      <symbol id="sm-9bc">
         <name>strncpy</name>
         <value>0x4101</value>
         <object_component_ref idref="oc-4dc"/>
      </symbol>
      <symbol id="sm-9d1">
         <name>close</name>
         <value>0x3c49</value>
         <object_component_ref idref="oc-482"/>
      </symbol>
      <symbol id="sm-9e1">
         <name>unlink</name>
         <value>0x4235</value>
         <object_component_ref idref="oc-488"/>
      </symbol>
      <symbol id="sm-a2d">
         <name>UART_getEnabledInterruptStatus</name>
         <value>0x3a59</value>
         <object_component_ref idref="oc-fc"/>
      </symbol>
      <symbol id="sm-a2e">
         <name>UART_getInterruptStatus</name>
         <value>0x434b</value>
         <object_component_ref idref="oc-1e2"/>
      </symbol>
      <symbol id="sm-a2f">
         <name>UART_initModule</name>
         <value>0x2b1d</value>
         <object_component_ref idref="oc-f6"/>
      </symbol>
      <symbol id="sm-a32">
         <name>__TI_static_base__</name>
         <value>0x0</value>
      </symbol>
      <symbol id="sm-a35">
         <name>__mpu_init</name>
         <value>0x0</value>
      </symbol>
      <symbol id="sm-a36">
         <name>_system_post_cinit</name>
         <value>0x0</value>
      </symbol>
      <symbol id="sm-a37">
         <name>NMI_Handler</name>
         <value>0x43e5</value>
      </symbol>
      <symbol id="sm-a38">
         <name>HardFault_Handler</name>
         <value>0x43e5</value>
      </symbol>
      <symbol id="sm-a39">
         <name>MemManage_Handler</name>
         <value>0x43e5</value>
      </symbol>
      <symbol id="sm-a3a">
         <name>BusFault_Handler</name>
         <value>0x43e5</value>
      </symbol>
      <symbol id="sm-a3b">
         <name>UsageFault_Handler</name>
         <value>0x43e5</value>
      </symbol>
      <symbol id="sm-a3c">
         <name>SVC_Handler</name>
         <value>0x43e5</value>
      </symbol>
      <symbol id="sm-a3d">
         <name>DebugMon_Handler</name>
         <value>0x43e5</value>
      </symbol>
      <symbol id="sm-a3e">
         <name>PendSV_Handler</name>
         <value>0x43e5</value>
      </symbol>
      <symbol id="sm-a3f">
         <name>SysTick_Handler</name>
         <value>0x43e5</value>
      </symbol>
      <symbol id="sm-a40">
         <name>PSS_IRQHandler</name>
         <value>0x43e5</value>
      </symbol>
      <symbol id="sm-a41">
         <name>CS_IRQHandler</name>
         <value>0x43e5</value>
      </symbol>
      <symbol id="sm-a42">
         <name>PCM_IRQHandler</name>
         <value>0x43e5</value>
      </symbol>
      <symbol id="sm-a43">
         <name>WDT_A_IRQHandler</name>
         <value>0x43e5</value>
      </symbol>
      <symbol id="sm-a44">
         <name>FPU_IRQHandler</name>
         <value>0x43e5</value>
      </symbol>
      <symbol id="sm-a45">
         <name>FLCTL_IRQHandler</name>
         <value>0x43e5</value>
      </symbol>
      <symbol id="sm-a46">
         <name>COMP_E0_IRQHandler</name>
         <value>0x43e5</value>
      </symbol>
      <symbol id="sm-a47">
         <name>COMP_E1_IRQHandler</name>
         <value>0x43e5</value>
      </symbol>
      <symbol id="sm-a48">
         <name>TA0_0_IRQHandler</name>
         <value>0x19c9</value>
      </symbol>
      <symbol id="sm-a49">
         <name>TA0_N_IRQHandler</name>
         <value>0x43e5</value>
      </symbol>
      <symbol id="sm-a4a">
         <name>TA1_0_IRQHandler</name>
         <value>0xbbf</value>
      </symbol>
      <symbol id="sm-a4b">
         <name>TA1_N_IRQHandler</name>
         <value>0x43e5</value>
      </symbol>
      <symbol id="sm-a4c">
         <name>TA2_0_IRQHandler</name>
         <value>0x43e5</value>
      </symbol>
      <symbol id="sm-a4d">
         <name>TA2_N_IRQHandler</name>
         <value>0x43e5</value>
      </symbol>
      <symbol id="sm-a4e">
         <name>TA3_0_IRQHandler</name>
         <value>0x43e5</value>
      </symbol>
      <symbol id="sm-a4f">
         <name>TA3_N_IRQHandler</name>
         <value>0x43e5</value>
      </symbol>
      <symbol id="sm-a50">
         <name>EUSCIA0_IRQHandler</name>
         <value>0x1189</value>
      </symbol>
      <symbol id="sm-a51">
         <name>EUSCIA1_IRQHandler</name>
         <value>0x43e5</value>
      </symbol>
      <symbol id="sm-a52">
         <name>EUSCIA2_IRQHandler</name>
         <value>0x1205</value>
      </symbol>
      <symbol id="sm-a53">
         <name>EUSCIA3_IRQHandler</name>
         <value>0x43e5</value>
      </symbol>
      <symbol id="sm-a54">
         <name>EUSCIB0_IRQHandler</name>
         <value>0x43e5</value>
      </symbol>
      <symbol id="sm-a55">
         <name>EUSCIB1_IRQHandler</name>
         <value>0x43e5</value>
      </symbol>
      <symbol id="sm-a56">
         <name>EUSCIB2_IRQHandler</name>
         <value>0x43e5</value>
      </symbol>
      <symbol id="sm-a57">
         <name>EUSCIB3_IRQHandler</name>
         <value>0x43e5</value>
      </symbol>
      <symbol id="sm-a58">
         <name>ADC14_IRQHandler</name>
         <value>0x43e5</value>
      </symbol>
      <symbol id="sm-a59">
         <name>T32_INT1_IRQHandler</name>
         <value>0x43e5</value>
      </symbol>
      <symbol id="sm-a5a">
         <name>T32_INT2_IRQHandler</name>
         <value>0x43e5</value>
      </symbol>
      <symbol id="sm-a5b">
         <name>T32_INTC_IRQHandler</name>
         <value>0x43e5</value>
      </symbol>
      <symbol id="sm-a5c">
         <name>AES256_IRQHandler</name>
         <value>0x43e5</value>
      </symbol>
      <symbol id="sm-a5d">
         <name>RTC_C_IRQHandler</name>
         <value>0x43e5</value>
      </symbol>
      <symbol id="sm-a5e">
         <name>DMA_ERR_IRQHandler</name>
         <value>0x43e5</value>
      </symbol>
      <symbol id="sm-a5f">
         <name>DMA_INT3_IRQHandler</name>
         <value>0x43e5</value>
      </symbol>
      <symbol id="sm-a60">
         <name>DMA_INT2_IRQHandler</name>
         <value>0x43e5</value>
      </symbol>
      <symbol id="sm-a61">
         <name>DMA_INT1_IRQHandler</name>
         <value>0x43e5</value>
      </symbol>
      <symbol id="sm-a62">
         <name>DMA_INT0_IRQHandler</name>
         <value>0x43e5</value>
      </symbol>
      <symbol id="sm-a63">
         <name>PORT1_IRQHandler</name>
         <value>0x1905</value>
      </symbol>
      <symbol id="sm-a64">
         <name>PORT2_IRQHandler</name>
         <value>0x43e5</value>
      </symbol>
      <symbol id="sm-a65">
         <name>PORT3_IRQHandler</name>
         <value>0x201f</value>
      </symbol>
      <symbol id="sm-a66">
         <name>PORT4_IRQHandler</name>
         <value>0x43e5</value>
      </symbol>
      <symbol id="sm-a67">
         <name>PORT5_IRQHandler</name>
         <value>0x43e5</value>
      </symbol>
      <symbol id="sm-a68">
         <name>PORT6_IRQHandler</name>
         <value>0x43e5</value>
      </symbol>
      <symbol id="sm-a69">
         <name>remove</name>
         <value>0x4235</value>
      </symbol>
   </symbol_table>
   <title>Link successful</title>
</link_info>
